Component: ARM Compiler 5.06 update 6 (build 750) Tool: armlink [4d35ed]

==============================================================================

Section Cross References

    startup_stm32f103xb.o(STACK) refers (Special) to heapauxi.o(.text) for __use_two_region_memory
    startup_stm32f103xb.o(HEAP) refers (Special) to heapauxi.o(.text) for __use_two_region_memory
    startup_stm32f103xb.o(RESET) refers (Special) to heapauxi.o(.text) for __use_two_region_memory
    startup_stm32f103xb.o(RESET) refers to startup_stm32f103xb.o(STACK) for __initial_sp
    startup_stm32f103xb.o(RESET) refers to startup_stm32f103xb.o(.text) for Reset_Handler
    startup_stm32f103xb.o(RESET) refers to stm32f1xx_it.o(i.NMI_Handler) for NMI_Handler
    startup_stm32f103xb.o(RESET) refers to stm32f1xx_it.o(i.HardFault_Handler) for HardFault_Handler
    startup_stm32f103xb.o(RESET) refers to stm32f1xx_it.o(i.MemManage_Handler) for MemManage_Handler
    startup_stm32f103xb.o(RESET) refers to stm32f1xx_it.o(i.BusFault_Handler) for BusFault_Handler
    startup_stm32f103xb.o(RESET) refers to stm32f1xx_it.o(i.UsageFault_Handler) for UsageFault_Handler
    startup_stm32f103xb.o(RESET) refers to stm32f1xx_it.o(i.SVC_Handler) for SVC_Handler
    startup_stm32f103xb.o(RESET) refers to stm32f1xx_it.o(i.DebugMon_Handler) for DebugMon_Handler
    startup_stm32f103xb.o(RESET) refers to stm32f1xx_it.o(i.PendSV_Handler) for PendSV_Handler
    startup_stm32f103xb.o(RESET) refers to stm32f1xx_it.o(i.SysTick_Handler) for SysTick_Handler
    startup_stm32f103xb.o(.text) refers (Special) to heapauxi.o(.text) for __use_two_region_memory
    startup_stm32f103xb.o(.text) refers to system_stm32f1xx.o(i.SystemInit) for SystemInit
    startup_stm32f103xb.o(.text) refers to __main.o(!!!main) for __main
    startup_stm32f103xb.o(.text) refers to startup_stm32f103xb.o(HEAP) for Heap_Mem
    startup_stm32f103xb.o(.text) refers to startup_stm32f103xb.o(STACK) for Stack_Mem
    main.o(i.MX_GPIO_Init) refers to stm32f1xx_hal_gpio.o(i.HAL_GPIO_Init) for HAL_GPIO_Init
    main.o(i.SystemClock_Config) refers to rt_memclr_w.o(.text) for __aeabi_memclr4
    main.o(i.SystemClock_Config) refers to stm32f1xx_hal_rcc.o(i.HAL_RCC_OscConfig) for HAL_RCC_OscConfig
    main.o(i.SystemClock_Config) refers to stm32f1xx_hal_rcc.o(i.HAL_RCC_ClockConfig) for HAL_RCC_ClockConfig
    main.o(i.adjust_time) refers to main.o(i.up_down_number) for up_down_number
    main.o(i.adjust_time) refers to main.o(i.get_max_date) for get_max_date
    main.o(i.adjust_time) refers to ds3231.o(i.rtc_write_time) for rtc_write_time
    main.o(i.adjust_time) refers to ds3231.o(i.rtc_write_alarm) for rtc_write_alarm
    main.o(i.adjust_time) refers to main.o(.data) for .data
    main.o(i.adjust_time) refers to main.o(.bss) for .bss
    main.o(i.alarm_screen) refers to _printf_pad.o(.text) for _printf_pre_padding
    main.o(i.alarm_screen) refers to _printf_percent.o(.ARM.Collect$$_printf_percent$$00000000) for _printf_percent
    main.o(i.alarm_screen) refers to _printf_d.o(.ARM.Collect$$_printf_percent$$00000009) for _printf_d
    main.o(i.alarm_screen) refers to _printf_dec.o(.text) for _printf_int_dec
    main.o(i.alarm_screen) refers to stm32f1xx_hal.o(i.HAL_GetTick) for HAL_GetTick
    main.o(i.alarm_screen) refers to ds3231.o(i.rtc_read_time) for rtc_read_time
    main.o(i.alarm_screen) refers to __2sprintf.o(.text) for __2sprintf
    main.o(i.alarm_screen) refers to i2c-lcd.o(i.lcd_put_cur) for lcd_put_cur
    main.o(i.alarm_screen) refers to i2c-lcd.o(i.lcd_send_string) for lcd_send_string
    main.o(i.alarm_screen) refers to main.o(.data) for .data
    main.o(i.alarm_screen) refers to main.o(.bss) for .bss
    main.o(i.button_press_handler_cb) refers to main.o(i.adjust_time) for adjust_time
    main.o(i.button_press_handler_cb) refers to stm32f1xx_hal.o(i.HAL_GetTick) for HAL_GetTick
    main.o(i.button_press_handler_cb) refers to main.o(.bss) for .bss
    main.o(i.button_press_handler_cb) refers to main.o(.data) for .data
    main.o(i.button_release_handler_cb) refers to stm32f1xx_hal.o(i.HAL_GetTick) for HAL_GetTick
    main.o(i.button_release_handler_cb) refers to main.o(.bss) for .bss
    main.o(i.button_release_handler_cb) refers to main.o(.data) for .data
    main.o(i.button_short_press_handler_cb) refers to main.o(.bss) for .bss
    main.o(i.button_short_press_handler_cb) refers to main.o(.data) for .data
    main.o(i.button_time_out_handler_cb) refers to i2c-lcd.o(i.lcd_clear) for lcd_clear
    main.o(i.button_time_out_handler_cb) refers to i2c-lcd.o(i.lcd_put_cur) for lcd_put_cur
    main.o(i.button_time_out_handler_cb) refers to i2c-lcd.o(i.lcd_send_string) for lcd_send_string
    main.o(i.button_time_out_handler_cb) refers to main.o(.bss) for .bss
    main.o(i.button_time_out_handler_cb) refers to main.o(.data) for .data
    main.o(i.clock_handle) refers to main.o(i.clock_time_update) for clock_time_update
[...]
    .ARM.Collect$$_printf_percent$$0000000B  0x080001a0   Section        6  _printf_o.o(.ARM.Collect$$_printf_percent$$0000000B)
    .ARM.Collect$$_printf_percent$$0000000C  0x080001a6   Section        6  _printf_x.o(.ARM.Collect$$_printf_percent$$0000000C)
    .ARM.Collect$$_printf_percent$$0000000D  0x080001ac   Section        6  _printf_lli.o(.ARM.Collect$$_printf_percent$$0000000D)
    .ARM.Collect$$_printf_percent$$0000000E  0x080001b2   Section        6  _printf_lld.o(.ARM.Collect$$_printf_percent$$0000000E)
    .ARM.Collect$$_printf_percent$$0000000F  0x080001b8   Section        6  _printf_llu.o(.ARM.Collect$$_printf_percent$$0000000F)
    .ARM.Collect$$_printf_percent$$00000010  0x080001be   Section        6  _printf_llo.o(.ARM.Collect$$_printf_percent$$00000010)
    .ARM.Collect$$_printf_percent$$00000011  0x080001c4   Section        6  _printf_llx.o(.ARM.Collect$$_printf_percent$$00000011)
    .ARM.Collect$$_printf_percent$$00000012  0x080001ca   Section       10  _printf_l.o(.ARM.Collect$$_printf_percent$$00000012)
    .ARM.Collect$$_printf_percent$$00000013  0x080001d4   Section        6  _printf_c.o(.ARM.Collect$$_printf_percent$$00000013)
    .ARM.Collect$$_printf_percent$$00000014  0x080001da   Section        6  _printf_s.o(.ARM.Collect$$_printf_percent$$00000014)
    .ARM.Collect$$_printf_percent$$00000015  0x080001e0   Section        6  _printf_lc.o(.ARM.Collect$$_printf_percent$$00000015)
    .ARM.Collect$$_printf_percent$$00000016  0x080001e6   Section        6  _printf_ls.o(.ARM.Collect$$_printf_percent$$00000016)
    .ARM.Collect$$_printf_percent$$00000017  0x080001ec   Section        4  _printf_percent_end.o(.ARM.Collect$$_printf_percent$$00000017)
    .ARM.Collect$$libinit$$00000000          0x080001f0   Section        2  libinit.o(.ARM.Collect$$libinit$$00000000)
    .ARM.Collect$$libinit$$00000002          0x080001f2   Section        0  libinit2.o(.ARM.Collect$$libinit$$00000002)
    .ARM.Collect$$libinit$$00000004          0x080001f2   Section        0  libinit2.o(.ARM.Collect$$libinit$$00000004)
    .ARM.Collect$$libinit$$0000000A          0x080001f2   Section        0  libinit2.o(.ARM.Collect$$libinit$$0000000A)
    .ARM.Collect$$libinit$$0000000C          0x080001f2   Section        0  libinit2.o(.ARM.Collect$$libinit$$0000000C)
    .ARM.Collect$$libinit$$0000000E          0x080001f2   Section        0  libinit2.o(.ARM.Collect$$libinit$$0000000E)
    .ARM.Collect$$libinit$$0000000F          0x080001f2   Section        6  libinit2.o(.ARM.Collect$$libinit$$0000000F)
    .ARM.Collect$$libinit$$00000011          0x080001f8   Section        0  libinit2.o(.ARM.Collect$$libinit$$00000011)
    .ARM.Collect$$libinit$$00000012          0x080001f8   Section       12  libinit2.o(.ARM.Collect$$libinit$$00000012)
    .ARM.Collect$$libinit$$00000013          0x08000204   Section        0  libinit2.o(.ARM.Collect$$libinit$$00000013)
    .ARM.Collect$$libinit$$00000015          0x08000204   Section        0  libinit2.o(.ARM.Collect$$libinit$$00000015)
    .ARM.Collect$$libinit$$00000016          0x08000204   Section       10  libinit2.o(.ARM.Collect$$libinit$$00000016)
    .ARM.Collect$$libinit$$00000017          0x0800020e   Section        0  libinit2.o(.ARM.Collect$$libinit$$00000017)
    .ARM.Collect$$libinit$$00000019          0x0800020e   Section        0  libinit2.o(.ARM.Collect$$libinit$$00000019)
    .ARM.Collect$$libinit$$0000001B          0x0800020e   Section        0  libinit2.o(.ARM.Collect$$libinit$$0000001B)
    .ARM.Collect$$libinit$$0000001D          0x0800020e   Section        0  libinit2.o(.ARM.Collect$$libinit$$0000001D)
    .ARM.Collect$$libinit$$0000001F          0x0800020e   Section        0  libinit2.o(.ARM.Collect$$libinit$$0000001F)
    .ARM.Collect$$libinit$$00000021          0x0800020e   Section        0  libinit2.o(.ARM.Collect$$libinit$$00000021)
    .ARM.Collect$$libinit$$00000023          0x0800020e   Section        0  libinit2.o(.ARM.Collect$$libinit$$00000023)
    .ARM.Collect$$libinit$$00000025          0x0800020e   Section        0  libinit2.o(.ARM.Collect$$libinit$$00000025)
    .ARM.Collect$$libinit$$0000002C          0x0800020e   Section        0  libinit2.o(.ARM.Collect$$libinit$$0000002C)
    .ARM.Collect$$libinit$$0000002E          0x0800020e   Section        0  libinit2.o(.ARM.Collect$$libinit$$0000002E)
    .ARM.Collect$$libinit$$00000030          0x0800020e   Section        0  libinit2.o(.ARM.Collect$$libinit$$00000030)
    .ARM.Collect$$libinit$$00000032          0x0800020e   Section        0  libinit2.o(.ARM.Collect$$libinit$$00000032)
    .ARM.Collect$$libinit$$00000033          0x0800020e   Section        2  libinit2.o(.ARM.Collect$$libinit$$00000033)
    .ARM.Collect$$libshutdown$$00000000      0x08000210   Section        2  libshutdown.o(.ARM.Collect$$libshutdown$$00000000)
    .ARM.Collect$$libshutdown$$00000002      0x08000212   Section        0  libshutdown2.o(.ARM.Collect$$libshutdown$$00000002)
    .ARM.Collect$$libshutdown$$00000004      0x08000212   Section        0  libshutdown2.o(.ARM.Collect$$libshutdown$$00000004)
    .ARM.Collect$$libshutdown$$00000007      0x08000212   Section        0  libshutdown2.o(.ARM.Collect$$libshutdown$$00000007)
    .ARM.Collect$$libshutdown$$0000000A      0x08000212   Section        0  libshutdown2.o(.ARM.Collect$$libshutdown$$0000000A)
    .ARM.Collect$$libshutdown$$0000000C      0x08000212   Section        0  libshutdown2.o(.ARM.Collect$$libshutdown$$0000000C)
    .ARM.Collect$$libshutdown$$0000000F      0x08000212   Section        0  libshutdown2.o(.ARM.Collect$$libshutdown$$0000000F)
    .ARM.Collect$$libshutdown$$00000010      0x08000212   Section        2  libshutdown2.o(.ARM.Collect$$libshutdown$$00000010)
    .ARM.Collect$$rtentry$$00000000          0x08000214   Section        0  __rtentry.o(.ARM.Collect$$rtentry$$00000000)
    .ARM.Collect$$rtentry$$00000002          0x08000214   Section        0  __rtentry2.o(.ARM.Collect$$rtentry$$00000002)
    .ARM.Collect$$rtentry$$00000004          0x08000214   Section        6  __rtentry4.o(.ARM.Collect$$rtentry$$00000004)
    .ARM.Collect$$rtentry$$00000009          0x0800021a   Section        0  __rtentry2.o(.ARM.Collect$$rtentry$$00000009)
    .ARM.Collect$$rtentry$$0000000A          0x0800021a   Section        4  __rtentry2.o(.ARM.Collect$$rtentry$$0000000A)
    .ARM.Collect$$rtentry$$0000000C          0x0800021e   Section        0  __rtentry2.o(.ARM.Collect$$rtentry$$0000000C)
    .ARM.Collect$$rtentry$$0000000D          0x0800021e   Section        8  __rtentry2.o(.ARM.Collect$$rtentry$$0000000D)
    .ARM.Collect$$rtexit$$00000000           0x08000226   Section        2  rtexit.o(.ARM.Collect$$rtexit$$00000000)
    .ARM.Collect$$rtexit$$00000002           0x08000228   Section        0  rtexit2.o(.ARM.Collect$$rtexit$$00000002)
    .ARM.Collect$$rtexit$$00000003           0x08000228   Section        4  rtexit2.o(.ARM.Collect$$rtexit$$00000003)
    .ARM.Collect$$rtexit$$00000004           0x0800022c   Section        6  rtexit2.o(.ARM.Collect$$rtexit$$00000004)
    .text                                    0x08000234   Section       64  startup_stm32f103xb.o(.text)
    .text                                    0x08000274   Section        0  vsnprintf.o(.text)
    .text                                    0x080002a8   Section        0  __2sprintf.o(.text)
    .text                                    0x080002d4   Section        0  _printf_pad.o(.text)
    .text                                    0x08000322   Section        0  _printf_str.o(.text)
    .text                                    0x08000374   Section        0  _printf_dec.o(.text)
    .text                                    0x080003ec   Section        0  __printf_flags_ss_wp.o(.text)
    .text                                    0x08000574   Section       78  rt_memclr_w.o(.text)
    .text                                    0x080005c2   Section        0  heapauxi.o(.text)
    .text                                    0x080005c8   Section        0  _printf_truncate.o(.text)
    .text                                    0x080005ec   Section        0  _printf_intcommon.o(.text)
    .text                                    0x0800069e   Section        0  _printf_charcount.o(.text)
    .text                                    0x080006c8   Section        0  _printf_char_common.o(.text)
    _printf_input_char                       0x080006c9   Thumb Code    10  _printf_char_common.o(.text)
    .text                                    0x080006f8   Section        0  _sputc.o(.text)
    .text                                    0x08000702   Section        0  _snputc.o(.text)
    .text                                    0x08000712   Section        0  _printf_char.o(.text)
    .text                                    0x08000740   Section        0  _printf_wctomb.o(.text)
    .text                                    0x080007fc   Section        0  _printf_longlong_dec.o(.text)
    .text                                    0x08000878   Section        0  _printf_oct_int_ll.o(.text)
    _printf_longlong_oct_internal            0x08000879   Thumb Code     0  _printf_oct_int_ll.o(.text)
    .text                                    0x080008e8   Section        0  _printf_hex_int_ll_ptr.o(.text)
    _printf_hex_common                       0x080008e9   Thumb Code     0  _printf_hex_int_ll_ptr.o(.text)
    .text                                    0x0800097c   Section      138  lludiv10.o(.text)
    .text                                    0x08000a06   Section        0  _printf_fp_dec.o(.text)
    _fp_digits                               0x08000a09   Thumb Code   432  _printf_fp_dec.o(.text)
    .text                                    0x08000e24   Section        0  _printf_fp_hex.o(.text)
    .text                                    0x08001120   Section        0  _printf_wchar.o(.text)
    .text                                    0x0800114c   Section        0  _wcrtomb.o(.text)
    .text                                    0x0800118c   Section       74  sys_stackheap_outer.o(.text)
    .text                                    0x080011d8   Section       16  rt_ctype_table.o(.text)
    .text                                    0x080011e8   Section        8  rt_locale_intlibspace.o(.text)
    .text                                    0x080011f0   Section        0  _printf_fp_infnan.o(.text)
    .text                                    0x08001270   Section        0  bigflt0.o(.text)
    .text                                    0x08001354   Section        0  exit.o(.text)
    .text                                    0x08001368   Section        8  libspace.o(.text)
    .text                                    0x08001370   Section      128  strcmpv7m.o(.text)
    .text                                    0x080013f0   Section        0  sys_exit.o(.text)
    .text                                    0x080013fc   Section        2  use_no_semi.o(.text)
    .text                                    0x080013fe   Section        0  indicate_semi.o(.text)
    CL$$btod_d2e                             0x080013fe   Section       62  btod.o(CL$$btod_d2e)
    CL$$btod_d2e_denorm_low                  0x0800143c   Section       70  btod.o(CL$$btod_d2e_denorm_low)
    CL$$btod_d2e_norm_op1                    0x08001482   Section       96  btod.o(CL$$btod_d2e_norm_op1)
    CL$$btod_div_common                      0x080014e2   Section      824  btod.o(CL$$btod_div_common)
    CL$$btod_e2e                             0x0800181a   Section      220  btod.o(CL$$btod_e2e)
    CL$$btod_ediv                            0x080018f6   Section       42  btod.o(CL$$btod_ediv)
    CL$$btod_emul                            0x08001920   Section       42  btod.o(CL$$btod_emul)
    CL$$btod_mult_common                     0x0800194a   Section      580  btod.o(CL$$btod_mult_common)
    i.BCD2Decimal                            0x08001b8e   Section        0  ds3231.o(i.BCD2Decimal)
    i.BusFault_Handler                       0x08001ba0   Section        0  stm32f1xx_it.o(i.BusFault_Handler)
    i.DebugMon_Handler                       0x08001ba2   Section        0  stm32f1xx_it.o(i.DebugMon_Handler)
    i.Decimal2BCD                            0x08001ba4   Section        0  ds3231.o(i.Decimal2BCD)
    i.HAL_Delay                              0x08001bbc   Section        0  stm32f1xx_hal.o(i.HAL_Delay)
    i.HAL_GPIO_Init                          0x08001be0   Section        0  stm32f1xx_hal_gpio.o(i.HAL_GPIO_Init)
    i.HAL_GPIO_ReadPin                       0x08001dc0   Section        0  stm32f1xx_hal_gpio.o(i.HAL_GPIO_ReadPin)
    i.HAL_GetTick                            0x08001dcc   Section        0  stm32f1xx_hal.o(i.HAL_GetTick)
    i.HAL_I2C_Init                           0x08001dd8   Section        0  stm32f1xx_hal_i2c.o(i.HAL_I2C_Init)
    i.HAL_I2C_Master_Receive                 0x08001f60   Section        0  stm32f1xx_hal_i2c.o(i.HAL_I2C_Master_Receive)
    i.HAL_I2C_Master_Transmit                0x080021b0   Section        0  stm32f1xx_hal_i2c.o(i.HAL_I2C_Master_Transmit)
    i.HAL_I2C_MspInit                        0x080022dc   Section        0  stm32f1xx_hal_msp.o(i.HAL_I2C_MspInit)
    i.HAL_IncTick                            0x08002338   Section        0  stm32f1xx_hal.o(i.HAL_IncTick)
    i.HAL_Init                               0x08002348   Section        0  stm32f1xx_hal.o(i.HAL_Init)
    i.HAL_InitTick                           0x0800236c   Section        0  stm32f1xx_hal.o(i.HAL_InitTick)
    i.HAL_MspInit                            0x080023ac   Section        0  stm32f1xx_hal_msp.o(i.HAL_MspInit)
    i.HAL_NVIC_SetPriority                   0x080023e8   Section        0  stm32f1xx_hal_cortex.o(i.HAL_NVIC_SetPriority)
    i.HAL_NVIC_SetPriorityGrouping           0x08002428   Section        0  stm32f1xx_hal_cortex.o(i.HAL_NVIC_SetPriorityGrouping)
    i.HAL_RCC_ClockConfig                    0x0800244c   Section        0  stm32f1xx_hal_rcc.o(i.HAL_RCC_ClockConfig)
    i.HAL_RCC_GetPCLK1Freq                   0x08002578   Section        0  stm32f1xx_hal_rcc.o(i.HAL_RCC_GetPCLK1Freq)
    i.HAL_RCC_GetSysClockFreq                0x08002598   Section        0  stm32f1xx_hal_rcc.o(i.HAL_RCC_GetSysClockFreq)
    i.HAL_RCC_OscConfig                      0x080025e4   Section        0  stm32f1xx_hal_rcc.o(i.HAL_RCC_OscConfig)
    i.HAL_SYSTICK_Config                     0x08002904   Section        0  stm32f1xx_hal_cortex.o(i.HAL_SYSTICK_Config)
    i.HardFault_Handler                      0x0800292c   Section        0  stm32f1xx_it.o(i.HardFault_Handler)
    i.I2C_IsAcknowledgeFailed                0x0800292e   Section        0  stm32f1xx_hal_i2c.o(i.I2C_IsAcknowledgeFailed)
    I2C_IsAcknowledgeFailed                  0x0800292f   Thumb Code    46  stm32f1xx_hal_i2c.o(i.I2C_IsAcknowledgeFailed)
    i.I2C_MasterRequestRead                  0x0800295c   Section        0  stm32f1xx_hal_i2c.o(i.I2C_MasterRequestRead)
    I2C_MasterRequestRead                    0x0800295d   Thumb Code   230  stm32f1xx_hal_i2c.o(i.I2C_MasterRequestRead)
    i.I2C_MasterRequestWrite                 0x08002a48   Section        0  stm32f1xx_hal_i2c.o(i.I2C_MasterRequestWrite)
    I2C_MasterRequestWrite                   0x08002a49   Thumb Code   150  stm32f1xx_hal_i2c.o(i.I2C_MasterRequestWrite)
    i.I2C_WaitOnBTFFlagUntilTimeout          0x08002ae4   Section        0  stm32f1xx_hal_i2c.o(i.I2C_WaitOnBTFFlagUntilTimeout)
    I2C_WaitOnBTFFlagUntilTimeout            0x08002ae5   Thumb Code    86  stm32f1xx_hal_i2c.o(i.I2C_WaitOnBTFFlagUntilTimeout)
    i.I2C_WaitOnFlagUntilTimeout             0x08002b3c   Section        0  stm32f1xx_hal_i2c.o(i.I2C_WaitOnFlagUntilTimeout)
    I2C_WaitOnFlagUntilTimeout               0x08002b3d   Thumb Code   144  stm32f1xx_hal_i2c.o(i.I2C_WaitOnFlagUntilTimeout)
    i.I2C_WaitOnMasterAddressFlagUntilTimeout 0x08002bcc   Section        0  stm32f1xx_hal_i2c.o(i.I2C_WaitOnMasterAddressFlagUntilTimeout)
    I2C_WaitOnMasterAddressFlagUntilTimeout  0x08002bcd   Thumb Code   188  stm32f1xx_hal_i2c.o(i.I2C_WaitOnMasterAddressFlagUntilTimeout)
    i.I2C_WaitOnRXNEFlagUntilTimeout         0x08002c88   Section        0  stm32f1xx_hal_i2c.o(i.I2C_WaitOnRXNEFlagUntilTimeout)
    I2C_WaitOnRXNEFlagUntilTimeout           0x08002c89   Thumb Code   112  stm32f1xx_hal_i2c.o(i.I2C_WaitOnRXNEFlagUntilTimeout)
    i.I2C_WaitOnTXEFlagUntilTimeout          0x08002cf8   Section        0  stm32f1xx_hal_i2c.o(i.I2C_WaitOnTXEFlagUntilTimeout)
    I2C_WaitOnTXEFlagUntilTimeout            0x08002cf9   Thumb Code    86  stm32f1xx_hal_i2c.o(i.I2C_WaitOnTXEFlagUntilTimeout)
    i.MX_GPIO_Init                           0x08002d50   Section        0  main.o(i.MX_GPIO_Init)
    MX_GPIO_Init                             0x08002d51   Thumb Code    80  main.o(i.MX_GPIO_Init)
    i.MemManage_Handler                      0x08002da8   Section        0  stm32f1xx_it.o(i.MemManage_Handler)
    i.NMI_Handler                            0x08002daa   Section        0  stm32f1xx_it.o(i.NMI_Handler)
    i.PendSV_Handler                         0x08002dac   Section        0  stm32f1xx_it.o(i.PendSV_Handler)
    i.SVC_Handler                            0x08002dae   Section        0  stm32f1xx_it.o(i.SVC_Handler)
    i.SysTick_Handler                        0x08002db0   Section        0  stm32f1xx_it.o(i.SysTick_Handler)
    i.SystemClock_Config                     0x08002db4   Section        0  main.o(i.SystemClock_Config)
    i.SystemInit                             0x08002e12   Section        0  system_stm32f1xx.o(i.SystemInit)
    i.UsageFault_Handler                     0x08002e14   Section        0  stm32f1xx_it.o(i.UsageFault_Handler)
    i.__ARM_fpclassify                       0x08002e16   Section        0  fpclassify.o(i.__ARM_fpclassify)
    i.__NVIC_SetPriority                     0x08002e3e   Section        0  stm32f1xx_hal_cortex.o(i.__NVIC_SetPriority)
    __NVIC_SetPriority                       0x08002e3f   Thumb Code    32  stm32f1xx_hal_cortex.o(i.__NVIC_SetPriority)
    i._is_digit                              0x08002e5e   Section        0  __printf_wp.o(i._is_digit)
    i.adjust_time                            0x08002e6c   Section        0  main.o(i.adjust_time)
    i.alarm_screen                           0x08002f20   Section        0  main.o(i.alarm_screen)
    i.button_handler                         0x08002fd4   Section        0  button.o(i.button_handler)
    i.button_init                            0x08003058   Section        0  button.o(i.button_init)
    i.button_press_handler_cb                0x08003068   Section        0  main.o(i.button_press_handler_cb)
    i.button_release_handler_cb              0x080030a4   Section        0  main.o(i.button_release_handler_cb)
    i.button_short_press_handler_cb          0x080030d8   Section        0  main.o(i.button_short_press_handler_cb)
    i.button_time_out_handler_cb             0x0800311c   Section        0  main.o(i.button_time_out_handler_cb)
    i.check_leap_year                        0x08003160   Section        0  main.o(i.check_leap_year)
    i.clock_handle                           0x08003188   Section        0  main.o(i.clock_handle)
    i.clock_time_update                      0x080031c0   Section        0  main.o(i.clock_time_update)
    i.get_max_date                           0x08003268   Section        0  main.o(i.get_max_date)
    i.hold_btn_handle                        0x08003298   Section        0  main.o(i.hold_btn_handle)
    i.lcd_back_light_off                     0x08003318   Section        0  i2c-lcd.o(i.lcd_back_light_off)
    i.lcd_clear                              0x08003332   Section        0  i2c-lcd.o(i.lcd_clear)
    i.lcd_init                               0x0800334e   Section        0  i2c-lcd.o(i.lcd_init)
    i.lcd_put_cur                            0x080033de   Section        0  i2c-lcd.o(i.lcd_put_cur)
    i.lcd_send_cmd                           0x080033f6   Section        0  i2c-lcd.o(i.lcd_send_cmd)
    i.lcd_send_data                          0x08003430   Section        0  i2c-lcd.o(i.lcd_send_data)
    i.lcd_send_string                        0x0800346a   Section        0  i2c-lcd.o(i.lcd_send_string)
    i.main                                   0x0800349c   Section        0  main.o(i.main)
    i.rtc_init                               0x08003550   Section        0  ds3231.o(i.rtc_init)
    i.rtc_read_alarm                         0x0800355c   Section        0  ds3231.o(i.rtc_read_alarm)
    i.rtc_read_time                          0x080035a0   Section        0  ds3231.o(i.rtc_read_time)
    i.rtc_read_time_of_week                  0x08003618   Section        0  ds3231.o(i.rtc_read_time_of_week)
    i.rtc_write_alarm                        0x08003674   Section        0  ds3231.o(i.rtc_write_alarm)
    i.rtc_write_time                         0x080036ac   Section        0  ds3231.o(i.rtc_write_time)
    i.setting_blink                          0x08003714   Section        0  main.o(i.setting_blink)
    i.up_down_number                         0x08003840   Section        0  main.o(i.up_down_number)
    locale$$code                             0x08003864   Section       44  lc_numeric_c.o(locale$$code)
    locale$$code                             0x08003890   Section       44  lc_ctype_c.o(locale$$code)
    x$fpl$printf1                            0x080038bc   Section        4  printf1.o(x$fpl$printf1)
    x$fpl$printf2                            0x080038c0   Section        4  printf2.o(x$fpl$printf2)
    .constdata                               0x080038c4   Section       28  main.o(.constdata)
    x$fpl$usenofp                            0x080038c4   Section        0  usenofp.o(x$fpl$usenofp)
    .constdata                               0x080038e0   Section       18  stm32f1xx_hal_rcc.o(.constdata)
    aPredivFactorTable                       0x080038e0   Data           2  stm32f1xx_hal_rcc.o(.constdata)
    aPLLMULFactorTable                       0x080038e2   Data          16  stm32f1xx_hal_rcc.o(.constdata)
    .constdata                               0x080038f2   Section       16  system_stm32f1xx.o(.constdata)
    .constdata                               0x08003902   Section        8  system_stm32f1xx.o(.constdata)
    .constdata                               0x0800390a   Section       17  __printf_flags_ss_wp.o(.constdata)
    maptable                                 0x0800390a   Data          17  __printf_flags_ss_wp.o(.constdata)
    .constdata                               0x0800391c   Section        8  _printf_wctomb.o(.constdata)
    initial_mbstate                          0x0800391c   Data           8  _printf_wctomb.o(.constdata)
    .constdata                               0x08003924   Section       40  _printf_hex_int_ll_ptr.o(.constdata)
    uc_hextab                                0x08003924   Data          20  _printf_hex_int_ll_ptr.o(.constdata)
    lc_hextab                                0x08003938   Data          20  _printf_hex_int_ll_ptr.o(.constdata)
    .constdata                               0x0800394c   Section       38  _printf_fp_hex.o(.constdata)
    lc_hextab                                0x0800394c   Data          19  _printf_fp_hex.o(.constdata)
    uc_hextab                                0x0800395f   Data          19  _printf_fp_hex.o(.constdata)
    .constdata                               0x08003974   Section      148  bigflt0.o(.constdata)
    tenpwrs_x                                0x08003974   Data          60  bigflt0.o(.constdata)
    tenpwrs_i                                0x080039b0   Data          64  bigflt0.o(.constdata)
    locale$$data                             0x08003a28   Section       28  lc_numeric_c.o(locale$$data)
    __lcnum_c_name                           0x08003a2c   Data           2  lc_numeric_c.o(locale$$data)
    __lcnum_c_start                          0x08003a34   Data           0  lc_numeric_c.o(locale$$data)
    __lcnum_c_point                          0x08003a40   Data           0  lc_numeric_c.o(locale$$data)
    __lcnum_c_thousands                      0x08003a42   Data           0  lc_numeric_c.o(locale$$data)
    __lcnum_c_grouping                       0x08003a43   Data           0  lc_numeric_c.o(locale$$data)
    locale$$data                             0x08003a44   Section      272  lc_ctype_c.o(locale$$data)
    __lcnum_c_end                            0x08003a44   Data           0  lc_numeric_c.o(locale$$data)
    __lcctype_c_name                         0x08003a48   Data           2  lc_ctype_c.o(locale$$data)
    __lcctype_c_start                        0x08003a50   Data           0  lc_ctype_c.o(locale$$data)
    __lcctype_c_end                          0x08003b54   Data           0  lc_ctype_c.o(locale$$data)
    .data                                    0x20000000   Section       44  main.o(.data)
    isShow                                   0x20000001   Data           1  main.o(.data)
    isShow                                   0x20000002   Data           1  main.o(.data)
    t_update                                 0x20000010   Data           4  main.o(.data)
    t_blink                                  0x20000014   Data           4  main.o(.data)
    t_adjust_time                            0x20000018   Data           4  main.o(.data)
    t_adjust_time                            0x2000001c   Data           4  main.o(.data)
    t_blink                                  0x20000020   Data           4  main.o(.data)
    .data                                    0x2000002c   Section       12  stm32f1xx_hal.o(.data)
    .data                                    0x20000038   Section        4  system_stm32f1xx.o(.data)
    .data                                    0x2000003c   Section        4  ds3231.o(.data)
    ds_i2c                                   0x2000003c   Data           4  ds3231.o(.data)
    .bss                                     0x20000040   Section      156  main.o(.bss)
    .bss                                     0x200000dc   Section       96  libspace.o(.bss)
    HEAP                                     0x20000140   Section      512  startup_stm32f103xb.o(HEAP)
    Heap_Mem                                 0x20000140   Data         512  startup_stm32f103xb.o(HEAP)
    STACK                                    0x20000340   Section     1024  startup_stm32f103xb.o(STACK)
    Stack_Mem                                0x20000340   Data        1024  startup_stm32f103xb.o(STACK)
    __initial_sp                             0x20000740   Data           0  startup_stm32f103xb.o(STACK)

    Global Symbols

    Symbol Name                              Value     Ov Type        Size  Object(Section)

    BuildAttributes$$THM_ISAv4$P$D$K$B$S$PE$A:L22UL41UL21$X:L11$S22US41US21$IEEE1$IW$USESV6$~STKCKD$USESV7$~SHL$OTIME$ROPI$IEEEJ$EBA8$UX$STANDARDLIB$REQ8$PRES8$EABIv2 0x00000000   Number         0  anon$$obj.o ABSOLUTE
    __ARM_use_no_argv                        0x00000000   Number         0  main.o ABSOLUTE
    _printf_flags                            0x00000000   Number         0  printf_stubs.o ABSOLUTE
    _printf_return_value                     0x00000000   Number         0  printf_stubs.o ABSOLUTE
    _printf_sizespec                         0x00000000   Number         0  printf_stubs.o ABSOLUTE
    _printf_widthprec                        0x00000000   Number         0  printf_stubs.o ABSOLUTE
    __ARM_exceptions_init                     - Undefined Weak Reference
    __alloca_initialize                       - Undefined Weak Reference
    __arm_preinit_                            - Undefined Weak Reference
    __cpp_initialize__aeabi_                  - Undefined Weak Reference
    __cxa_finalize                            - Undefined Weak Reference
    __sigvec_lookup                           - Undefined Weak Reference
    _atexit_init                              - Undefined Weak Reference
    _call_atexit_fns                          - Undefined Weak Reference
    _clock_init                               - Undefined Weak Reference
    _fp_trap_init                             - Undefined Weak Reference
    _fp_trap_shutdown                         - Undefined Weak Reference
    _get_lc_collate                           - Undefined Weak Reference
    _get_lc_monetary                          - Undefined Weak Reference
    _get_lc_time                              - Undefined Weak Reference
    _getenv_init                              - Undefined Weak Reference
    _handle_redirection                       - Undefined Weak Reference
    _init_alloc                               - Undefined Weak Reference
    _init_user_alloc                          - Undefined Weak Reference
    _initio                                   - Undefined Weak Reference
    _printf_mbtowc                            - Undefined Weak Reference
    _printf_wc                                - Undefined Weak Reference
    _rand_init                                - Undefined Weak Reference
    _signal_finish                            - Undefined Weak Reference
    _signal_init                              - Undefined Weak Reference
    _terminate_alloc                          - Undefined Weak Reference
    _terminate_user_alloc                     - Undefined Weak Reference
    _terminateio                              - Undefined Weak Reference
    __Vectors_Size                           0x000000ec   Number         0  startup_stm32f103xb.o ABSOLUTE
    __Vectors                                0x08000000   Data           4  startup_stm32f103xb.o(RESET)
    __Vectors_End                            0x080000ec   Data           0  startup_stm32f103xb.o(RESET)
    __main                                   0x080000ed   Thumb Code     8  __main.o(!!!main)
    __scatterload                            0x080000f5   Thumb Code     0  __scatter.o(!!!scatter)
    __scatterload_rt2                        0x080000f5   Thumb Code    44  __scatter.o(!!!scatter)
    __scatterload_rt2_thumb_only             0x080000f5   Thumb Code     0  __scatter.o(!!!scatter)
    __scatterload_null                       0x08000103   Thumb Code     0  __scatter.o(!!!scatter)
    __scatterload_copy                       0x08000129   Thumb Code    26  __scatter_copy.o(!!handler_copy)
    __scatterload_zeroinit                   0x08000145   Thumb Code    28  __scatter_zi.o(!!handler_zi)
    _printf_n                                0x08000161   Thumb Code     0  _printf_n.o(.ARM.Collect$$_printf_percent$$00000001)
    _printf_percent                          0x08000161   Thumb Code     0  _printf_percent.o(.ARM.Collect$$_printf_percent$$00000000)
    _printf_p                                0x08000167   Thumb Code     0  _printf_p.o(.ARM.Collect$$_printf_percent$$00000002)
    _printf_f                                0x0800016d   Thumb Code     0  _printf_f.o(.ARM.Collect$$_printf_percent$$00000003)
    _printf_e                                0x08000173   Thumb Code     0  _printf_e.o(.ARM.Collect$$_printf_percent$$00000004)
    _printf_g                                0x08000179   Thumb Code     0  _printf_g.o(.ARM.Collect$$_printf_percent$$00000005)
    _printf_a                                0x0800017f   Thumb Code     0  _printf_a.o(.ARM.Collect$$_printf_percent$$00000006)
    _printf_ll                               0x08000185   Thumb Code     0  _printf_ll.o(.ARM.Collect$$_printf_percent$$00000007)
    _printf_i                                0x0800018f   Thumb Code     0  _printf_i.o(.ARM.Collect$$_printf_percent$$00000008)
    _printf_d                                0x08000195   Thumb Code     0  _printf_d.o(.ARM.Collect$$_printf_percent$$00000009)
    _printf_u                                0x0800019b   Thumb Code     0  _printf_u.o(.ARM.Collect$$_printf_percent$$0000000A)
    _printf_o                                0x080001a1   Thumb Code     0  _printf_o.o(.ARM.Collect$$_printf_percent$$0000000B)
    _printf_x                                0x080001a7   Thumb Code     0  _printf_x.o(.ARM.Collect$$_printf_percent$$0000000C)
    _printf_lli                              0x080001ad   Thumb Code     0  _printf_lli.o(.ARM.Collect$$_printf_percent$$0000000D)
    _printf_lld                              0x080001b3   Thumb Code     0  _printf_lld.o(.ARM.Collect$$_printf_percent$$0000000E)
    _printf_llu                              0x080001b9   Thumb Code     0  _printf_llu.o(.ARM.Collect$$_printf_percent$$0000000F)
    _printf_llo                              0x080001bf   Thumb Code     0  _printf_llo.o(.ARM.Collect$$_printf_percent$$00000010)
    _printf_llx                              0x080001c5   Thumb Code     0  _printf_llx.o(.ARM.Collect$$_printf_percent$$00000011)
    _printf_l                                0x080001cb   Thumb Code     0  _printf_l.o(.ARM.Collect$$_printf_percent$$00000012)
    _printf_c                                0x080001d5   Thumb Code     0  _printf_c.o(.ARM.Collect$$_printf_percent$$00000013)
    _printf_s                                0x080001db   Thumb Code     0  _printf_s.o(.ARM.Collect$$_printf_percent$$00000014)
    _printf_lc                               0x080001e1   Thumb Code     0  _printf_lc.o(.ARM.Collect$$_printf_percent$$00000015)
    _printf_ls                               0x080001e7   Thumb Code     0  _printf_ls.o(.ARM.Collect$$_printf_percent$$00000016)
    _printf_percent_end                      0x080001ed   Thumb Code     0  _printf_percent_end.o(.ARM.Collect$$_printf_percent$$00000017)
    __rt_lib_init                            0x080001f1   Thumb Code     0  libinit.o(.ARM.Collect$$libinit$$00000000)
    __rt_lib_init_fp_1                       0x080001f3   Thumb Code     0  libinit2.o(.ARM.Collect$$libinit$$00000002)
    __rt_lib_init_heap_1                     0x080001f3   Thumb Code     0  libinit2.o(.ARM.Collect$$libinit$$0000000A)
    __rt_lib_init_lc_common                  0x080001f3   Thumb Code     0  libinit2.o(.ARM.Collect$$libinit$$0000000F)
    __rt_lib_init_preinit_1                  0x080001f3   Thumb Code     0  libinit2.o(.ARM.Collect$$libinit$$00000004)
    __rt_lib_init_rand_1                     0x080001f3   Thumb Code     0  libinit2.o(.ARM.Collect$$libinit$$0000000E)
    __rt_lib_init_user_alloc_1               0x080001f3   Thumb Code     0  libinit2.o(.ARM.Collect$$libinit$$0000000C)
    __rt_lib_init_lc_collate_1               0x080001f9   Thumb Code     0  libinit2.o(.ARM.Collect$$libinit$$00000011)
    __rt_lib_init_lc_ctype_2                 0x080001f9   Thumb Code     0  libinit2.o(.ARM.Collect$$libinit$$00000012)
    __rt_lib_init_lc_ctype_1                 0x08000205   Thumb Code     0  libinit2.o(.ARM.Collect$$libinit$$00000013)
    __rt_lib_init_lc_monetary_1              0x08000205   Thumb Code     0  libinit2.o(.ARM.Collect$$libinit$$00000015)
    __rt_lib_init_lc_numeric_2               0x08000205   Thumb Code     0  libinit2.o(.ARM.Collect$$libinit$$00000016)
    __rt_lib_init_alloca_1                   0x0800020f   Thumb Code     0  libinit2.o(.ARM.Collect$$libinit$$0000002E)
    __rt_lib_init_argv_1                     0x0800020f   Thumb Code     0  libinit2.o(.ARM.Collect$$libinit$$0000002C)
    __rt_lib_init_atexit_1                   0x0800020f   Thumb Code     0  libinit2.o(.ARM.Collect$$libinit$$0000001B)
    __rt_lib_init_clock_1                    0x0800020f   Thumb Code     0  libinit2.o(.ARM.Collect$$libinit$$00000021)
    __rt_lib_init_cpp_1                      0x0800020f   Thumb Code     0  libinit2.o(.ARM.Collect$$libinit$$00000032)
    __rt_lib_init_exceptions_1               0x0800020f   Thumb Code     0  libinit2.o(.ARM.Collect$$libinit$$00000030)
    __rt_lib_init_fp_trap_1                  0x0800020f   Thumb Code     0  libinit2.o(.ARM.Collect$$libinit$$0000001F)
    __rt_lib_init_getenv_1                   0x0800020f   Thumb Code     0  libinit2.o(.ARM.Collect$$libinit$$00000023)
    __rt_lib_init_lc_numeric_1               0x0800020f   Thumb Code     0  libinit2.o(.ARM.Collect$$libinit$$00000017)
    __rt_lib_init_lc_time_1                  0x0800020f   Thumb Code     0  libinit2.o(.ARM.Collect$$libinit$$00000019)
    __rt_lib_init_return                     0x0800020f   Thumb Code     0  libinit2.o(.ARM.Collect$$libinit$$00000033)
    __rt_lib_init_signal_1                   0x0800020f   Thumb Code     0  libinit2.o(.ARM.Collect$$libinit$$0000001D)
    __rt_lib_init_stdio_1                    0x0800020f   Thumb Code     0  libinit2.o(.ARM.Collect$$libinit$$00000025)
    __rt_lib_shutdown                        0x08000211   Thumb Code     0  libshutdown.o(.ARM.Collect$$libshutdown$$00000000)
    __rt_lib_shutdown_cpp_1                  0x08000213   Thumb Code     0  libshutdown2.o(.ARM.Collect$$libshutdown$$00000002)
    __rt_lib_shutdown_fp_trap_1              0x08000213   Thumb Code     0  libshutdown2.o(.ARM.Collect$$libshutdown$$00000007)
    __rt_lib_shutdown_heap_1                 0x08000213   Thumb Code     0  libshutdown2.o(.ARM.Collect$$libshutdown$$0000000F)
    __rt_lib_shutdown_return                 0x08000213   Thumb Code     0  libshutdown2.o(.ARM.Collect$$libshutdown$$00000010)
    __rt_lib_shutdown_signal_1               0x08000213   Thumb Code     0  libshutdown2.o(.ARM.Collect$$libshutdown$$0000000A)
    __rt_lib_shutdown_stdio_1                0x08000213   Thumb Code     0  libshutdown2.o(.ARM.Collect$$libshutdown$$00000004)
    __rt_lib_shutdown_user_alloc_1           0x08000213   Thumb Code     0  libshutdown2.o(.ARM.Collect$$libshutdown$$0000000C)
    __rt_entry                               0x08000215   Thumb Code     0  __rtentry.o(.ARM.Collect$$rtentry$$00000000)
    __rt_entry_presh_1                       0x08000215   Thumb Code     0  __rtentry2.o(.ARM.Collect$$rtentry$$00000002)
    __rt_entry_sh                            0x08000215   Thumb Code     0  __rtentry4.o(.ARM.Collect$$rtentry$$00000004)
    __rt_entry_li                            0x0800021b   Thumb Code     0  __rtentry2.o(.ARM.Collect$$rtentry$$0000000A)
    __rt_entry_postsh_1                      0x0800021b   Thumb Code     0  __rtentry2.o(.ARM.Collect$$rtentry$$00000009)
    __rt_entry_main                          0x0800021f   Thumb Code     0  __rtentry2.o(.ARM.Collect$$rtentry$$0000000D)
    __rt_entry_postli_1                      0x0800021f   Thumb Code     0  __rtentry2.o(.ARM.Collect$$rtentry$$0000000C)
    __rt_exit                                0x08000227   Thumb Code     0  rtexit.o(.ARM.Collect$$rtexit$$00000000)
    __rt_exit_ls                             0x08000229   Thumb Code     0  rtexit2.o(.ARM.Collect$$rtexit$$00000003)
    __rt_exit_prels_1                        0x08000229   Thumb Code     0  rtexit2.o(.ARM.Collect$$rtexit$$00000002)
    __rt_exit_exit                           0x0800022d   Thumb Code     0  rtexit2.o(.ARM.Collect$$rtexit$$00000004)
    Reset_Handler                            0x08000235   Thumb Code     8  startup_stm32f103xb.o(.text)
    ADC1_2_IRQHandler                        0x0800024f   Thumb Code     0  startup_stm32f103xb.o(.text)
    CAN1_RX1_IRQHandler                      0x0800024f   Thumb Code     0  startup_stm32f103xb.o(.text)
    CAN1_SCE_IRQHandler                      0x0800024f   Thumb Code     0  startup_stm32f103xb.o(.text)
    DMA1_Channel1_IRQHandler                 0x0800024f   Thumb Code     0  startup_stm32f103xb.o(.text)
    DMA1_Channel2_IRQHandler                 0x0800024f   Thumb Code     0  startup_stm32f103xb.o(.text)
    DMA1_Channel3_IRQHandler                 0x0800024f   Thumb Code     0  startup_stm32f103xb.o(.text)
    DMA1_Channel4_IRQHandler                 0x0800024f   Thumb Code     0  startup_stm32f103xb.o(.text)
    DMA1_Channel5_IRQHandler                 0x0800024f   Thumb Code     0  startup_stm32f103xb.o(.text)
    DMA1_Channel6_IRQHandler                 0x0800024f   Thumb Code     0  startup_stm32f103xb.o(.text)
    DMA1_Channel7_IRQHandler                 0x0800024f   Thumb Code     0  startup_stm32f103xb.o(.text)
    EXTI0_IRQHandler                         0x0800024f   Thumb Code     0  startup_stm32f103xb.o(.text)
    EXTI15_10_IRQHandler                     0x0800024f   Thumb Code     0  startup_stm32f103xb.o(.text)
    EXTI1_IRQHandler                         0x0800024f   Thumb Code     0  startup_stm32f103xb.o(.text)
    EXTI2_IRQHandler                         0x0800024f   Thumb Code     0  startup_stm32f103xb.o(.text)
    EXTI3_IRQHandler                         0x0800024f   Thumb Code     0  startup_stm32f103xb.o(.text)
    EXTI4_IRQHandler                         0x0800024f   Thumb Code     0  startup_stm32f103xb.o(.text)
    EXTI9_5_IRQHandler                       0x0800024f   Thumb Code     0  startup_stm32f103xb.o(.text)
    FLASH_IRQHandler                         0x0800024f   Thumb Code     0  startup_stm32f103xb.o(.text)
    I2C1_ER_IRQHandler                       0x0800024f   Thumb Code     0  startup_stm32f103xb.o(.text)
    I2C1_EV_IRQHandler                       0x0800024f   Thumb Code     0  startup_stm32f103xb.o(.text)
    I2C2_ER_IRQHandler                       0x0800024f   Thumb Code     0  startup_stm32f103xb.o(.text)
    I2C2_EV_IRQHandler                       0x0800024f   Thumb Code     0  startup_stm32f103xb.o(.text)
    PVD_IRQHandler                           0x0800024f   Thumb Code     0  startup_stm32f103xb.o(.text)
    RCC_IRQHandler                           0x0800024f   Thumb Code     0  startup_stm32f103xb.o(.text)
    RTC_Alarm_IRQHandler                     0x0800024f   Thumb Code     0  startup_stm32f103xb.o(.text)
    RTC_IRQHandler                           0x0800024f   Thumb Code     0  startup_stm32f103xb.o(.text)
    SPI1_IRQHandler                          0x0800024f   Thumb Code     0  startup_stm32f103xb.o(.text)
    SPI2_IRQHandler                          0x0800024f   Thumb Code     0  startup_stm32f103xb.o(.text)
    TAMPER_IRQHandler                        0x0800024f   Thumb Code     0  startup_stm32f103xb.o(.text)
    TIM1_BRK_IRQHandler                      0x0800024f   Thumb Code     0  startup_stm32f103xb.o(.text)
    TIM1_CC_IRQHandler                       0x0800024f   Thumb Code     0  startup_stm32f103xb.o(.text)
    TIM1_TRG_COM_IRQHandler                  0x0800024f   Thumb Code     0  startup_stm32f103xb.o(.text)
    TIM1_UP_IRQHandler                       0x0800024f   Thumb Code     0  startup_stm32f103xb.o(.text)
    TIM2_IRQHandler                          0x0800024f   Thumb Code     0  startup_stm32f103xb.o(.text)
    TIM3_IRQHandler                          0x0800024f   Thumb Code     0  startup_stm32f103xb.o(.text)
    TIM4_IRQHandler                          0x0800024f   Thumb Code     0  startup_stm32f103xb.o(.text)
    USART1_IRQHandler                        0x0800024f   Thumb Code     0  startup_stm32f103xb.o(.text)
    USART2_IRQHandler                        0x0800024f   Thumb Code     0  startup_stm32f103xb.o(.text)
    USART3_IRQHandler                        0x0800024f   Thumb Code     0  startup_stm32f103xb.o(.text)
    USBWakeUp_IRQHandler                     0x0800024f   Thumb Code     0  startup_stm32f103xb.o(.text)
    USB_HP_CAN1_TX_IRQHandler                0x0800024f   Thumb Code     0  startup_stm32f103xb.o(.text)
    USB_LP_CAN1_RX0_IRQHandler               0x0800024f   Thumb Code     0  startup_stm32f103xb.o(.text)
    WWDG_IRQHandler                          0x0800024f   Thumb Code     0  startup_stm32f103xb.o(.text)
    __user_initial_stackheap                 0x08000251   Thumb Code     0  startup_stm32f103xb.o(.text)
    vsnprintf                                0x08000275   Thumb Code    48  vsnprintf.o(.text)
    __2sprintf                               0x080002a9   Thumb Code    38  __2sprintf.o(.text)
    _printf_pre_padding                      0x080002d5   Thumb Code    44  _printf_pad.o(.text)
    _printf_post_padding                     0x08000301   Thumb Code    34  _printf_pad.o(.text)
    _printf_str                              0x08000323   Thumb Code    82  _printf_str.o(.text)
    _printf_int_dec                          0x08000375   Thumb Code   104  _printf_dec.o(.text)
    __printf                                 0x080003ed   Thumb Code   388  __printf_flags_ss_wp.o(.text)
    __aeabi_memclr4                          0x08000575   Thumb Code     0  rt_memclr_w.o(.text)
    __aeabi_memclr8                          0x08000575   Thumb Code     0  rt_memclr_w.o(.text)
    __rt_memclr_w                            0x08000575   Thumb Code    78  rt_memclr_w.o(.text)
    _memset_w                                0x08000579   Thumb Code     0  rt_memclr_w.o(.text)
    __use_two_region_memory                  0x080005c3   Thumb Code     2  heapauxi.o(.text)
    __rt_heap_escrow$2region                 0x080005c5   Thumb Code     2  heapauxi.o(.text)
    __rt_heap_expand$2region                 0x080005c7   Thumb Code     2  heapauxi.o(.text)
    _printf_truncate_signed                  0x080005c9   Thumb Code    18  _printf_truncate.o(.text)
    _printf_truncate_unsigned                0x080005db   Thumb Code    18  _printf_truncate.o(.text)
    _printf_int_common                       0x080005ed   Thumb Code   178  _printf_intcommon.o(.text)
    _printf_charcount                        0x0800069f   Thumb Code    40  _printf_charcount.o(.text)
    _printf_char_common                      0x080006d3   Thumb Code    32  _printf_char_common.o(.text)
    _sputc                                   0x080006f9   Thumb Code    10  _sputc.o(.text)
    _snputc                                  0x08000703   Thumb Code    16  _snputc.o(.text)
    _printf_cs_common                        0x08000713   Thumb Code    20  _printf_char.o(.text)
    _printf_char                             0x08000727   Thumb Code    16  _printf_char.o(.text)
    _printf_string                           0x08000737   Thumb Code     8  _printf_char.o(.text)
    _printf_wctomb                           0x08000741   Thumb Code   182  _printf_wctomb.o(.text)
    _printf_longlong_dec                     0x080007fd   Thumb Code   108  _printf_longlong_dec.o(.text)
    _printf_longlong_oct                     0x08000879   Thumb Code    66  _printf_oct_int_ll.o(.text)
    _printf_int_oct                          0x080008bb   Thumb Code    24  _printf_oct_int_ll.o(.text)
    _printf_ll_oct                           0x080008d3   Thumb Code    12  _printf_oct_int_ll.o(.text)
    _printf_longlong_hex                     0x080008e9   Thumb Code    86  _printf_hex_int_ll_ptr.o(.text)
    _printf_int_hex                          0x0800093f   Thumb Code    28  _printf_hex_int_ll_ptr.o(.text)
    _printf_ll_hex                           0x0800095b   Thumb Code    12  _printf_hex_int_ll_ptr.o(.text)
    _printf_hex_ptr                          0x08000967   Thumb Code    18  _printf_hex_int_ll_ptr.o(.text)
    _ll_udiv10                               0x0800097d   Thumb Code   138  lludiv10.o(.text)
    __lib_sel_fp_printf                      0x08000a07   Thumb Code     2  _printf_fp_dec.o(.text)
    _printf_fp_dec_real                      0x08000bb9   Thumb Code   620  _printf_fp_dec.o(.text)
    _printf_fp_hex_real                      0x08000e25   Thumb Code   756  _printf_fp_hex.o(.text)
    _printf_lcs_common                       0x08001121   Thumb Code    20  _printf_wchar.o(.text)
    _printf_wchar                            0x08001135   Thumb Code    16  _printf_wchar.o(.text)
    _printf_wstring                          0x08001145   Thumb Code     8  _printf_wchar.o(.text)
    _wcrtomb                                 0x0800114d   Thumb Code    64  _wcrtomb.o(.text)
    __user_setup_stackheap                   0x0800118d   Thumb Code    74  sys_stackheap_outer.o(.text)
    __rt_ctype_table                         0x080011d9   Thumb Code    16  rt_ctype_table.o(.text)
    __rt_locale                              0x080011e9   Thumb Code     8  rt_locale_intlibspace.o(.text)
    _printf_fp_infnan                        0x080011f1   Thumb Code   112  _printf_fp_infnan.o(.text)
    _btod_etento                             0x08001271   Thumb Code   224  bigflt0.o(.text)
    exit                                     0x08001355   Thumb Code    18  exit.o(.text)
    __user_libspace                          0x08001369   Thumb Code     8  libspace.o(.text)
    __user_perproc_libspace                  0x08001369   Thumb Code     0  libspace.o(.text)
    __user_perthread_libspace                0x08001369   Thumb Code     0  libspace.o(.text)
    strcmp                                   0x08001371   Thumb Code   128  strcmpv7m.o(.text)
    _sys_exit                                0x080013f1   Thumb Code     8  sys_exit.o(.text)
    __I$use$semihosting                      0x080013fd   Thumb Code     0  use_no_semi.o(.text)
    __use_no_semihosting_swi                 0x080013fd   Thumb Code     2  use_no_semi.o(.text)
    __semihosting_library_function           0x080013ff   Thumb Code     0  indicate_semi.o(.text)
    _btod_d2e                                0x080013ff   Thumb Code    62  btod.o(CL$$btod_d2e)
    _d2e_denorm_low                          0x0800143d   Thumb Code    70  btod.o(CL$$btod_d2e_denorm_low)
    _d2e_norm_op1                            0x08001483   Thumb Code    96  btod.o(CL$$btod_d2e_norm_op1)
    __btod_div_common                        0x080014e3   Thumb Code   696  btod.o(CL$$btod_div_common)
    _e2e                                     0x0800181b   Thumb Code   220  btod.o(CL$$btod_e2e)
    _btod_ediv                               0x080018f7   Thumb Code    42  btod.o(CL$$btod_ediv)
    _btod_emul                               0x08001921   Thumb Code    42  btod.o(CL$$btod_emul)
    __btod_mult_common                       0x0800194b   Thumb Code   580  btod.o(CL$$btod_mult_common)
    BCD2Decimal                              0x08001b8f   Thumb Code    18  ds3231.o(i.BCD2Decimal)
    BusFault_Handler                         0x08001ba1   Thumb Code     2  stm32f1xx_it.o(i.BusFault_Handler)
    DebugMon_Handler                         0x08001ba3   Thumb Code     2  stm32f1xx_it.o(i.DebugMon_Handler)
    Decimal2BCD                              0x08001ba5   Thumb Code    22  ds3231.o(i.Decimal2BCD)
    HAL_Delay                                0x08001bbd   Thumb Code    32  stm32f1xx_hal.o(i.HAL_Delay)
    HAL_GPIO_Init                            0x08001be1   Thumb Code   446  stm32f1xx_hal_gpio.o(i.HAL_GPIO_Init)
    HAL_GPIO_ReadPin                         0x08001dc1   Thumb Code    10  stm32f1xx_hal_gpio.o(i.HAL_GPIO_ReadPin)
    HAL_GetTick                              0x08001dcd   Thumb Code     6  stm32f1xx_hal.o(i.HAL_GetTick)
    HAL_I2C_Init                             0x08001dd9   Thumb Code   376  stm32f1xx_hal_i2c.o(i.HAL_I2C_Init)
    HAL_I2C_Master_Receive                   0x08001f61   Thumb Code   576  stm32f1xx_hal_i2c.o(i.HAL_I2C_Master_Receive)
    HAL_I2C_Master_Transmit                  0x080021b1   Thumb Code   290  stm32f1xx_hal_i2c.o(i.HAL_I2C_Master_Transmit)
    HAL_I2C_MspInit                          0x080022dd   Thumb Code    80  stm32f1xx_hal_msp.o(i.HAL_I2C_MspInit)
    HAL_IncTick                              0x08002339   Thumb Code    12  stm32f1xx_hal.o(i.HAL_IncTick)
    HAL_Init                                 0x08002349   Thumb Code    32  stm32f1xx_hal.o(i.HAL_Init)
    HAL_InitTick                             0x0800236d   Thumb Code    54  stm32f1xx_hal.o(i.HAL_InitTick)
    HAL_MspInit                              0x080023ad   Thumb Code    52  stm32f1xx_hal_msp.o(i.HAL_MspInit)
    HAL_NVIC_SetPriority                     0x080023e9   Thumb Code    60  stm32f1xx_hal_cortex.o(i.HAL_NVIC_SetPriority)
    HAL_NVIC_SetPriorityGrouping             0x08002429   Thumb Code    26  stm32f1xx_hal_cortex.o(i.HAL_NVIC_SetPriorityGrouping)
    HAL_RCC_ClockConfig                      0x0800244d   Thumb Code   280  stm32f1xx_hal_rcc.o(i.HAL_RCC_ClockConfig)
    HAL_RCC_GetPCLK1Freq                     0x08002579   Thumb Code    20  stm32f1xx_hal_rcc.o(i.HAL_RCC_GetPCLK1Freq)
    HAL_RCC_GetSysClockFreq                  0x08002599   Thumb Code    58  stm32f1xx_hal_rcc.o(i.HAL_RCC_GetSysClockFreq)
    HAL_RCC_OscConfig                        0x080025e5   Thumb Code   778  stm32f1xx_hal_rcc.o(i.HAL_RCC_OscConfig)
    HAL_SYSTICK_Config                       0x08002905   Thumb Code    40  stm32f1xx_hal_cortex.o(i.HAL_SYSTICK_Config)
    HardFault_Handler                        0x0800292d   Thumb Code     2  stm32f1xx_it.o(i.HardFault_Handler)
    MemManage_Handler                        0x08002da9   Thumb Code     2  stm32f1xx_it.o(i.MemManage_Handler)
    NMI_Handler                              0x08002dab   Thumb Code     2  stm32f1xx_it.o(i.NMI_Handler)
    PendSV_Handler                           0x08002dad   Thumb Code     2  stm32f1xx_it.o(i.PendSV_Handler)
    SVC_Handler                              0x08002daf   Thumb Code     2  stm32f1xx_it.o(i.SVC_Handler)
    SysTick_Handler                          0x08002db1   Thumb Code     4  stm32f1xx_it.o(i.SysTick_Handler)
    SystemClock_Config                       0x08002db5   Thumb Code    94  main.o(i.SystemClock_Config)
    SystemInit                               0x08002e13   Thumb Code     2  system_stm32f1xx.o(i.SystemInit)
    UsageFault_Handler                       0x08002e15   Thumb Code     2  stm32f1xx_it.o(i.UsageFault_Handler)
    __ARM_fpclassify                         0x08002e17   Thumb Code    40  fpclassify.o(i.__ARM_fpclassify)
    _is_digit                                0x08002e5f   Thumb Code    14  __printf_wp.o(i._is_digit)
    adjust_time                              0x08002e6d   Thumb Code   172  main.o(i.adjust_time)
    alarm_screen                             0x08002f21   Thumb Code   146  main.o(i.alarm_screen)
    button_handler                           0x08002fd5   Thumb Code   132  button.o(i.button_handler)
    button_init                              0x08003059   Thumb Code    14  button.o(i.button_init)
    button_press_handler_cb                  0x08003069   Thumb Code    52  main.o(i.button_press_handler_cb)
    button_release_handler_cb                0x080030a5   Thumb Code    44  main.o(i.button_release_handler_cb)
    button_short_press_handler_cb            0x080030d9   Thumb Code    60  main.o(i.button_short_press_handler_cb)
    button_time_out_handler_cb               0x0800311d   Thumb Code    50  main.o(i.button_time_out_handler_cb)
    check_leap_year                          0x08003161   Thumb Code    38  main.o(i.check_leap_year)
    clock_handle                             0x08003189   Thumb Code    52  main.o(i.clock_handle)
    clock_time_update                        0x080031c1   Thumb Code   120  main.o(i.clock_time_update)
    get_max_date                             0x08003269   Thumb Code    48  main.o(i.get_max_date)
    hold_btn_handle                          0x08003299   Thumb Code   122  main.o(i.hold_btn_handle)
    lcd_back_light_off                       0x08003319   Thumb Code    26  i2c-lcd.o(i.lcd_back_light_off)
    lcd_clear                                0x08003333   Thumb Code    28  i2c-lcd.o(i.lcd_clear)
    lcd_init                                 0x0800334f   Thumb Code   144  i2c-lcd.o(i.lcd_init)
    lcd_put_cur                              0x080033df   Thumb Code    24  i2c-lcd.o(i.lcd_put_cur)
    lcd_send_cmd                             0x080033f7   Thumb Code    58  i2c-lcd.o(i.lcd_send_cmd)
    lcd_send_data                            0x08003431   Thumb Code    58  i2c-lcd.o(i.lcd_send_data)
    lcd_send_string                          0x0800346b   Thumb Code    50  i2c-lcd.o(i.lcd_send_string)
    main                                     0x0800349d   Thumb Code   158  main.o(i.main)
    rtc_init                                 0x08003551   Thumb Code     6  ds3231.o(i.rtc_init)
    rtc_read_alarm                           0x0800355d   Thumb Code    64  ds3231.o(i.rtc_read_alarm)
    rtc_read_time                            0x080035a1   Thumb Code   114  ds3231.o(i.rtc_read_time)
    rtc_read_time_of_week                    0x08003619   Thumb Code    90  ds3231.o(i.rtc_read_time_of_week)
    rtc_write_alarm                          0x08003675   Thumb Code    50  ds3231.o(i.rtc_write_alarm)
    rtc_write_time                           0x080036ad   Thumb Code   100  ds3231.o(i.rtc_write_time)
    setting_blink                            0x08003715   Thumb Code   248  main.o(i.setting_blink)
    up_down_number                           0x08003841   Thumb Code    36  main.o(i.up_down_number)
    _get_lc_numeric                          0x08003865   Thumb Code    44  lc_numeric_c.o(locale$$code)
    _get_lc_ctype                            0x08003891   Thumb Code    44  lc_ctype_c.o(locale$$code)
    _printf_fp_dec                           0x080038bd   Thumb Code     4  printf1.o(x$fpl$printf1)
    _printf_fp_hex                           0x080038c1   Thumb Code     4  printf2.o(x$fpl$printf2)
    __I$use$fp                               0x080038c4   Number         0  usenofp.o(x$fpl$usenofp)
    arr_day                                  0x080038c4   Data          28  main.o(.constdata)
    AHBPrescTable                            0x080038f2   Data          16  system_stm32f1xx.o(.constdata)
    APBPrescTable                            0x08003902   Data           8  system_stm32f1xx.o(.constdata)
    Region$$Table$$Base                      0x08003a08   Number         0  anon$$obj.o(Region$$Table)
    Region$$Table$$Limit                     0x08003a28   Number         0  anon$$obj.o(Region$$Table)
    __ctype                                  0x08003a51   Data           0  lc_ctype_c.o(locale$$data)
    clock_state                              0x20000000   Data           1  main.o(.data)
    time_on_click_up                         0x20000004   Data           4  main.o(.data)
    time_on_click_down                       0x20000008   Data           4  main.o(.data)
    time_on_click_ok                         0x2000000c   Data           4  main.o(.data)
    lcd                                      0x20000024   Data           8  main.o(.data)
    uwTickFreq                               0x2000002c   Data           1  stm32f1xx_hal.o(.data)
    uwTickPrio                               0x20000030   Data           4  stm32f1xx_hal.o(.data)
    uwTick                                   0x20000034   Data           4  stm32f1xx_hal.o(.data)
    SystemCoreClock                          0x20000038   Data           4  system_stm32f1xx.o(.data)
    hi2c1                                    0x20000040   Data          84  main.o(.bss)
    date_time                                0x20000094   Data           9  main.o(.bss)
    btn_ok                                   0x200000a0   Data          20  main.o(.bss)
    btn_up                                   0x200000b4   Data          20  main.o(.bss)
    btn_down                                 0x200000c8   Data          20  main.o(.bss)
    __libspace_start                         0x200000dc   Data          96  libspace.o(.bss)
    __temporary_stack_top$libspace           0x2000013c   Data           0  libspace.o(.bss)



==============================================================================

Memory Map of the image

  Image Entry point : 0x080000ed

  Load Region LR_IROM1 (Base: 0x08000000, Size: 0x00003b94, Max: 0x00010000, ABSOLUTE)

    Execution Region ER_IROM1 (Exec base: 0x08000000, Load base: 0x08000000, Size: 0x00003b54, Max: 0x00010000, ABSOLUTE)

    Exec Addr    Load Addr    Size         Type   Attr      Idx    E Section Name        Object

    0x08000000   0x08000000   0x000000ec   Data   RO            3    RESET               startup_stm32f103xb.o
    0x080000ec   0x080000ec   0x00000008   Code   RO         2124  * !!!main             c_w.l(__main.o)
    0x080000f4   0x080000f4   0x00000034   Code   RO         2444    !!!scatter          c_w.l(__scatter.o)
    0x08000128   0x08000128   0x0000001a   Code   RO         2446    !!handler_copy      c_w.l(__scatter_copy.o)
    0x08000142   0x08000142   0x00000002   PAD
    0x08000144   0x08000144   0x0000001c   Code   RO         2448    !!handler_zi        c_w.l(__scatter_zi.o)
    0x08000160   0x08000160   0x00000000   Code   RO         2119    .ARM.Collect$$_printf_percent$$00000000  c_w.l(_printf_percent.o)
    0x08000160   0x08000160   0x00000006   Code   RO         2190    .ARM.Collect$$_printf_percent$$00000001  c_w.l(_printf_n.o)
    0x08000166   0x08000166   0x00000006   Code   RO         2192    .ARM.Collect$$_printf_percent$$00000002  c_w.l(_printf_p.o)
    0x0800016c   0x0800016c   0x00000006   Code   RO         2196    .ARM.Collect$$_printf_percent$$00000003  c_w.l(_printf_f.o)
    0x08000172   0x08000172   0x00000006   Code   RO         2197    .ARM.Collect$$_printf_percent$$00000004  c_w.l(_printf_e.o)
    0x08000178   0x08000178   0x00000006   Code   RO         2198    .ARM.Collect$$_printf_percent$$00000005  c_w.l(_printf_g.o)
    0x0800017e   0x0800017e   0x00000006   Code   RO         2199    .ARM.Collect$$_printf_percent$$00000006  c_w.l(_printf_a.o)
    0x08000184   0x08000184   0x0000000a   Code   RO         2204    .ARM.Collect$$_printf_percent$$00000007  c_w.l(_printf_ll.o)
    0x0800018e   0x0800018e   0x00000006   Code   RO         2194    .ARM.Collect$$_printf_percent$$00000008  c_w.l(_printf_i.o)
    0x08000194   0x08000194   0x00000006   Code   RO         2118    .ARM.Collect$$_printf_percent$$00000009  c_w.l(_printf_d.o)
    0x0800019a   0x0800019a   0x00000006   Code   RO         2195    .ARM.Collect$$_printf_percent$$0000000A  c_w.l(_printf_u.o)
    0x080001a0   0x080001a0   0x00000006   Code   RO         2193    .ARM.Collect$$_printf_percent$$0000000B  c_w.l(_printf_o.o)
    0x080001a6   0x080001a6   0x00000006   Code   RO         2191    .ARM.Collect$$_printf_percent$$0000000C  c_w.l(_printf_x.o)
    0x080001ac   0x080001ac   0x00000006   Code   RO         2201    .ARM.Collect$$_printf_percent$$0000000D  c_w.l(_printf_lli.o)
    0x080001b2   0x080001b2   0x00000006   Code   RO         2202    .ARM.Collect$$_printf_percent$$0000000E  c_w.l(_printf_lld.o)
    0x080001b8   0x080001b8   0x00000006   Code   RO         2203    .ARM.Collect$$_printf_percent$$0000000F  c_w.l(_printf_llu.o)
    0x080001be   0x080001be   0x00000006   Code   RO         2208    .ARM.Collect$$_printf_percent$$00000010  c_w.l(_printf_llo.o)
    0x080001c4   0x080001c4   0x00000006   Code   RO         2209    .ARM.Collect$$_printf_percent$$00000011  c_w.l(_printf_llx.o)
    0x080001ca   0x080001ca   0x0000000a   Code   RO         2205    .ARM.Collect$$_printf_percent$$00000012  c_w.l(_printf_l.o)
    0x080001d4   0x080001d4   0x00000006   Code   RO         2189    .ARM.Collect$$_printf_percent$$00000013  c_w.l(_printf_c.o)
    0x080001da   0x080001da   0x00000006   Code   RO         2117    .ARM.Collect$$_printf_percent$$00000014  c_w.l(_printf_s.o)
    0x080001e0   0x080001e0   0x00000006   Code   RO         2206    .ARM.Collect$$_printf_percent$$00000015  c_w.l(_printf_lc.o)
    0x080001e6   0x080001e6   0x00000006   Code   RO         2207    .ARM.Collect$$_printf_percent$$00000016  c_w.l(_printf_ls.o)
    0x080001ec   0x080001ec   0x00000004   Code   RO         2200    .ARM.Collect$$_printf_percent$$00000017  c_w.l(_printf_percent_end.o)
    0x080001f0   0x080001f0   0x00000002   Code   RO         2303    .ARM.Collect$$libinit$$00000000  c_w.l(libinit.o)
    0x080001f2   0x080001f2   0x00000000   Code   RO         2321    .ARM.Collect$$libinit$$00000002  c_w.l(libinit2.o)
    0x080001f2   0x080001f2   0x00000000   Code   RO         2323    .ARM.Collect$$libinit$$00000004  c_w.l(libinit2.o)
    0x080001f2   0x080001f2   0x00000000   Code   RO         2326    .ARM.Collect$$libinit$$0000000A  c_w.l(libinit2.o)
    0x080001f2   0x080001f2   0x00000000   Code   RO         2328    .ARM.Collect$$libinit$$0000000C  c_w.l(libinit2.o)
    0x080001f2   0x080001f2   0x00000000   Code   RO         2330    .ARM.Collect$$libinit$$0000000E  c_w.l(libinit2.o)
    0x080001f2   0x080001f2   0x00000006   Code   RO         2331    .ARM.Collect$$libinit$$0000000F  c_w.l(libinit2.o)
    0x080001f8   0x080001f8   0x00000000   Code   RO         2333    .ARM.Collect$$libinit$$00000011  c_w.l(libinit2.o)
    0x080001f8   0x080001f8   0x0000000c   Code   RO         2334    .ARM.Collect$$libinit$$00000012  c_w.l(libinit2.o)
    0x08000204   0x08000204   0x00000000   Code   RO         2335    .ARM.Collect$$libinit$$00000013  c_w.l(libinit2.o)
    0x08000204   0x08000204   0x00000000   Code   RO         2337    .ARM.Collect$$libinit$$00000015  c_w.l(libinit2.o)
    0x08000204   0x08000204   0x0000000a   Code   RO         2338    .ARM.Collect$$libinit$$00000016  c_w.l(libinit2.o)
    0x0800020e   0x0800020e   0x00000000   Code   RO         2339    .ARM.Collect$$libinit$$00000017  c_w.l(libinit2.o)
    0x0800020e   0x0800020e   0x00000000   Code   RO         2341    .ARM.Collect$$libinit$$00000019  c_w.l(libinit2.o)
    0x0800020e   0x0800020e   0x00000000   Code   RO         2343    .ARM.Collect$$libinit$$0000001B  c_w.l(libinit2.o)
    0x0800020e   0x0800020e   0x00000000   Code   RO         2345    .ARM.Collect$$libinit$$0000001D  c_w.l(libinit2.o)
    0x0800020e   0x0800020e   0x00000000   Code   RO         2347    .ARM.Collect$$libinit$$0000001F  c_w.l(libinit2.o)
    0x0800020e   0x0800020e   0x00000000   Code   RO         2349    .ARM.Collect$$libinit$$00000021  c_w.l(libinit2.o)
    0x0800020e   0x0800020e   0x00000000   Code   RO         2351    .ARM.Collect$$libinit$$00000023  c_w.l(libinit2.o)
    0x0800020e   0x0800020e   0x00000000   Code   RO         2353    .ARM.Collect$$libinit$$00000025  c_w.l(libinit2.o)
    0x0800020e   0x0800020e   0x00000000   Code   RO         2357    .ARM.Collect$$libinit$$0000002C  c_w.l(libinit2.o)
    0x0800020e   0x0800020e   0x00000000   Code   RO         2359    .ARM.Collect$$libinit$$0000002E  c_w.l(libinit2.o)
    0x0800020e   0x0800020e   0x00000000   Code   RO         2361    .ARM.Collect$$libinit$$00000030  c_w.l(libinit2.o)
    0x0800020e   0x0800020e   0x00000000   Code   RO         2363    .ARM.Collect$$libinit$$00000032  c_w.l(libinit2.o)
    0x0800020e   0x0800020e   0x00000002   Code   RO         2364    .ARM.Collect$$libinit$$00000033  c_w.l(libinit2.o)
    0x08000210   0x08000210   0x00000002   Code   RO         2384    .ARM.Collect$$libshutdown$$00000000  c_w.l(libshutdown.o)
    0x08000212   0x08000212   0x00000000   Code   RO         2397    .ARM.Collect$$libshutdown$$00000002  c_w.l(libshutdown2.o)
    0x08000212   0x08000212   0x00000000   Code   RO         2399    .ARM.Collect$$libshutdown$$00000004  c_w.l(libshutdown2.o)
    0x08000212   0x08000212   0x00000000   Code   RO         2402    .ARM.Collect$$libshutdown$$00000007  c_w.l(libshutdown2.o)
    0x08000212   0x08000212   0x00000000   Code   RO         2405    .ARM.Collect$$libshutdown$$0000000A  c_w.l(libshutdown2.o)
    0x08000212   0x08000212   0x00000000   Code   RO         2407    .ARM.Collect$$libshutdown$$0000000C  c_w.l(libshutdown2.o)
    0x08000212   0x08000212   0x00000000   Code   RO         2410    .ARM.Collect$$libshutdown$$0000000F  c_w.l(libshutdown2.o)
    0x08000212   0x08000212   0x00000002   Code   RO         2411    .ARM.Collect$$libshutdown$$00000010  c_w.l(libshutdown2.o)
    0x08000214   0x08000214   0x00000000   Code   RO         2142    .ARM.Collect$$rtentry$$00000000  c_w.l(__rtentry.o)
    0x08000214   0x08000214   0x00000000   Code   RO         2228    .ARM.Collect$$rtentry$$00000002  c_w.l(__rtentry2.o)
    0x08000214   0x08000214   0x00000006   Code   RO         2240    .ARM.Collect$$rtentry$$00000004  c_w.l(__rtentry4.o)
    0x0800021a   0x0800021a   0x00000000   Code   RO         2230    .ARM.Collect$$rtentry$$00000009  c_w.l(__rtentry2.o)
    0x0800021a   0x0800021a   0x00000004   Code   RO         2231    .ARM.Collect$$rtentry$$0000000A  c_w.l(__rtentry2.o)
    0x0800021e   0x0800021e   0x00000000   Code   RO         2233    .ARM.Collect$$rtentry$$0000000C  c_w.l(__rtentry2.o)
    0x0800021e   0x0800021e   0x00000008   Code   RO         2234    .ARM.Collect$$rtentry$$0000000D  c_w.l(__rtentry2.o)
    0x08000226   0x08000226   0x00000002   Code   RO         2313    .ARM.Collect$$rtexit$$00000000  c_w.l(rtexit.o)
    0x08000228   0x08000228   0x00000000   Code   RO         2366    .ARM.Collect$$rtexit$$00000002  c_w.l(rtexit2.o)
    0x08000228   0x08000228   0x00000004   Code   RO         2367    .ARM.Collect$$rtexit$$00000003  c_w.l(rtexit2.o)
    0x0800022c   0x0800022c   0x00000006   Code   RO         2368    .ARM.Collect$$rtexit$$00000004  c_w.l(rtexit2.o)
    0x08000232   0x08000232   0x00000002   PAD
    0x08000234   0x08000234   0x00000040   Code   RO            4    .text               startup_stm32f103xb.o
    0x08000274   0x08000274   0x00000034   Code   RO         2083    .text               c_w.l(vsnprintf.o)
    0x080002a8   0x080002a8   0x0000002c   Code   RO         2085    .text               c_w.l(__2sprintf.o)
    0x080002d4   0x080002d4   0x0000004e   Code   RO         2091    .text               c_w.l(_printf_pad.o)
    0x08000322   0x08000322   0x00000052   Code   RO         2093    .text               c_w.l(_printf_str.o)
    0x08000374   0x08000374   0x00000078   Code   RO         2095    .text               c_w.l(_printf_dec.o)
    0x080003ec   0x080003ec   0x00000188   Code   RO         2114    .text               c_w.l(__printf_flags_ss_wp.o)
    0x08000574   0x08000574   0x0000004e   Code   RO         2120    .text               c_w.l(rt_memclr_w.o)
    0x080005c2   0x080005c2   0x00000006   Code   RO         2122    .text               c_w.l(heapauxi.o)
    0x080005c8   0x080005c8   0x00000024   Code   RO         2143    .text               c_w.l(_printf_truncate.o)
    0x080005ec   0x080005ec   0x000000b2   Code   RO         2145    .text               c_w.l(_printf_intcommon.o)
    0x0800069e   0x0800069e   0x00000028   Code   RO         2147    .text               c_w.l(_printf_charcount.o)
    0x080006c6   0x080006c6   0x00000002   PAD
    0x080006c8   0x080006c8   0x00000030   Code   RO         2149    .text               c_w.l(_printf_char_common.o)
    0x080006f8   0x080006f8   0x0000000a   Code   RO         2151    .text               c_w.l(_sputc.o)
    0x08000702   0x08000702   0x00000010   Code   RO         2153    .text               c_w.l(_snputc.o)
    0x08000712   0x08000712   0x0000002c   Code   RO         2155    .text               c_w.l(_printf_char.o)
    0x0800073e   0x0800073e   0x00000002   PAD
    0x08000740   0x08000740   0x000000bc   Code   RO         2157    .text               c_w.l(_printf_wctomb.o)
    0x080007fc   0x080007fc   0x0000007c   Code   RO         2160    .text               c_w.l(_printf_longlong_dec.o)
    0x08000878   0x08000878   0x00000070   Code   RO         2166    .text               c_w.l(_printf_oct_int_ll.o)
    0x080008e8   0x080008e8   0x00000094   Code   RO         2186    .text               c_w.l(_printf_hex_int_ll_ptr.o)
    0x0800097c   0x0800097c   0x0000008a   Code   RO         2242    .text               c_w.l(lludiv10.o)
    0x08000a06   0x08000a06   0x0000041e   Code   RO         2244    .text               c_w.l(_printf_fp_dec.o)
    0x08000e24   0x08000e24   0x000002fc   Code   RO         2246    .text               c_w.l(_printf_fp_hex.o)
    0x08001120   0x08001120   0x0000002c   Code   RO         2251    .text               c_w.l(_printf_wchar.o)
    0x0800114c   0x0800114c   0x00000040   Code   RO         2253    .text               c_w.l(_wcrtomb.o)
    0x0800118c   0x0800118c   0x0000004a   Code   RO         2257    .text               c_w.l(sys_stackheap_outer.o)
    0x080011d6   0x080011d6   0x00000002   PAD
    0x080011d8   0x080011d8   0x00000010   Code   RO         2259    .text               c_w.l(rt_ctype_table.o)
    0x080011e8   0x080011e8   0x00000008   Code   RO         2264    .text               c_w.l(rt_locale_intlibspace.o)
    0x080011f0   0x080011f0   0x00000080   Code   RO         2266    .text               c_w.l(_printf_fp_infnan.o)
    0x08001270   0x08001270   0x000000e4   Code   RO         2268    .text               c_w.l(bigflt0.o)
    0x08001354   0x08001354   0x00000012   Code   RO         2296    .text               c_w.l(exit.o)
    0x08001366   0x08001366   0x00000002   PAD
    0x08001368   0x08001368   0x00000008   Code   RO         2310    .text               c_w.l(libspace.o)
    0x08001370   0x08001370   0x00000080   Code   RO         2318    .text               c_w.l(strcmpv7m.o)
    0x080013f0   0x080013f0   0x0000000c   Code   RO         2376    .text               c_w.l(sys_exit.o)
    0x080013fc   0x080013fc   0x00000002   Code   RO         2387    .text               c_w.l(use_no_semi.o)
    0x080013fe   0x080013fe   0x00000000   Code   RO         2389    .text               c_w.l(indicate_semi.o)
    0x080013fe   0x080013fe   0x0000003e   Code   RO         2271    CL$$btod_d2e        c_w.l(btod.o)
    0x0800143c   0x0800143c   0x00000046   Code   RO         2273    CL$$btod_d2e_denorm_low  c_w.l(btod.o)
    0x08001482   0x08001482   0x00000060   Code   RO         2272    CL$$btod_d2e_norm_op1  c_w.l(btod.o)
    0x080014e2   0x080014e2   0x00000338   Code   RO         2281    CL$$btod_div_common  c_w.l(btod.o)
    0x0800181a   0x0800181a   0x000000dc   Code   RO         2278    CL$$btod_e2e        c_w.l(btod.o)
    0x080018f6   0x080018f6   0x0000002a   Code   RO         2275    CL$$btod_ediv       c_w.l(btod.o)
    0x08001920   0x08001920   0x0000002a   Code   RO         2274    CL$$btod_emul       c_w.l(btod.o)
    0x0800194a   0x0800194a   0x00000244   Code   RO         2280    CL$$btod_mult_common  c_w.l(btod.o)
    0x08001b8e   0x08001b8e   0x00000012   Code   RO         1949    i.BCD2Decimal       ds3231.o
    0x08001ba0   0x08001ba0   0x00000002   Code   RO          238    i.BusFault_Handler  stm32f1xx_it.o
    0x08001ba2   0x08001ba2   0x00000002   Code   RO          239    i.DebugMon_Handler  stm32f1xx_it.o
    0x08001ba4   0x08001ba4   0x00000016   Code   RO         1950    i.Decimal2BCD       ds3231.o
    0x08001bba   0x08001bba   0x00000002   PAD
    0x08001bbc   0x08001bbc   0x00000024   Code   RO          829    i.HAL_Delay         stm32f1xx_hal.o
    0x08001be0   0x08001be0   0x000001e0   Code   RO         1139    i.HAL_GPIO_Init     stm32f1xx_hal_gpio.o
    0x08001dc0   0x08001dc0   0x0000000a   Code   RO         1141    i.HAL_GPIO_ReadPin  stm32f1xx_hal_gpio.o
    0x08001dca   0x08001dca   0x00000002   PAD
    0x08001dcc   0x08001dcc   0x0000000c   Code   RO          833    i.HAL_GetTick       stm32f1xx_hal.o
    0x08001dd8   0x08001dd8   0x00000188   Code   RO          396    i.HAL_I2C_Init      stm32f1xx_hal_i2c.o
    0x08001f60   0x08001f60   0x00000250   Code   RO          402    i.HAL_I2C_Master_Receive  stm32f1xx_hal_i2c.o
    0x080021b0   0x080021b0   0x0000012c   Code   RO          409    i.HAL_I2C_Master_Transmit  stm32f1xx_hal_i2c.o
    0x080022dc   0x080022dc   0x0000005c   Code   RO          314    i.HAL_I2C_MspInit   stm32f1xx_hal_msp.o
    0x08002338   0x08002338   0x00000010   Code   RO          839    i.HAL_IncTick       stm32f1xx_hal.o
    0x08002348   0x08002348   0x00000024   Code   RO          840    i.HAL_Init          stm32f1xx_hal.o
    0x0800236c   0x0800236c   0x00000040   Code   RO          841    i.HAL_InitTick      stm32f1xx_hal.o
    0x080023ac   0x080023ac   0x0000003c   Code   RO          315    i.HAL_MspInit       stm32f1xx_hal_msp.o
    0x080023e8   0x080023e8   0x00000040   Code   RO         1305    i.HAL_NVIC_SetPriority  stm32f1xx_hal_cortex.o
    0x08002428   0x08002428   0x00000024   Code   RO         1306    i.HAL_NVIC_SetPriorityGrouping  stm32f1xx_hal_cortex.o
    0x0800244c   0x0800244c   0x0000012c   Code   RO          997    i.HAL_RCC_ClockConfig  stm32f1xx_hal_rcc.o
    0x08002578   0x08002578   0x00000020   Code   RO         1004    i.HAL_RCC_GetPCLK1Freq  stm32f1xx_hal_rcc.o
    0x08002598   0x08002598   0x0000004c   Code   RO         1006    i.HAL_RCC_GetSysClockFreq  stm32f1xx_hal_rcc.o
    0x080025e4   0x080025e4   0x00000320   Code   RO         1009    i.HAL_RCC_OscConfig  stm32f1xx_hal_rcc.o
    0x08002904   0x08002904   0x00000028   Code   RO         1310    i.HAL_SYSTICK_Config  stm32f1xx_hal_cortex.o
    0x0800292c   0x0800292c   0x00000002   Code   RO          240    i.HardFault_Handler  stm32f1xx_it.o
    0x0800292e   0x0800292e   0x0000002e   Code   RO          439    i.I2C_IsAcknowledgeFailed  stm32f1xx_hal_i2c.o
    0x0800295c   0x0800295c   0x000000ec   Code   RO          442    i.I2C_MasterRequestRead  stm32f1xx_hal_i2c.o
    0x08002a48   0x08002a48   0x0000009c   Code   RO          443    i.I2C_MasterRequestWrite  stm32f1xx_hal_i2c.o
    0x08002ae4   0x08002ae4   0x00000056   Code   RO          454    i.I2C_WaitOnBTFFlagUntilTimeout  stm32f1xx_hal_i2c.o
    0x08002b3a   0x08002b3a   0x00000002   PAD
    0x08002b3c   0x08002b3c   0x00000090   Code   RO          455    i.I2C_WaitOnFlagUntilTimeout  stm32f1xx_hal_i2c.o
    0x08002bcc   0x08002bcc   0x000000bc   Code   RO          456    i.I2C_WaitOnMasterAddressFlagUntilTimeout  stm32f1xx_hal_i2c.o
    0x08002c88   0x08002c88   0x00000070   Code   RO          457    i.I2C_WaitOnRXNEFlagUntilTimeout  stm32f1xx_hal_i2c.o
    0x08002cf8   0x08002cf8   0x00000056   Code   RO          458    i.I2C_WaitOnTXEFlagUntilTimeout  stm32f1xx_hal_i2c.o
    0x08002d4e   0x08002d4e   0x00000002   PAD
    0x08002d50   0x08002d50   0x00000058   Code   RO           14    i.MX_GPIO_Init      main.o
    0x08002da8   0x08002da8   0x00000002   Code   RO          241    i.MemManage_Handler  stm32f1xx_it.o
    0x08002daa   0x08002daa   0x00000002   Code   RO          242    i.NMI_Handler       stm32f1xx_it.o
    0x08002dac   0x08002dac   0x00000002   Code   RO          243    i.PendSV_Handler    stm32f1xx_it.o
    0x08002dae   0x08002dae   0x00000002   Code   RO          244    i.SVC_Handler       stm32f1xx_it.o
    0x08002db0   0x08002db0   0x00000004   Code   RO          245    i.SysTick_Handler   stm32f1xx_it.o
    0x08002db4   0x08002db4   0x0000005e   Code   RO           15    i.SystemClock_Config  main.o
    0x08002e12   0x08002e12   0x00000002   Code   RO         1836    i.SystemInit        system_stm32f1xx.o
    0x08002e14   0x08002e14   0x00000002   Code   RO          246    i.UsageFault_Handler  stm32f1xx_it.o
    0x08002e16   0x08002e16   0x00000028   Code   RO         2308    i.__ARM_fpclassify  m_ws.l(fpclassify.o)
    0x08002e3e   0x08002e3e   0x00000020   Code   RO         1312    i.__NVIC_SetPriority  stm32f1xx_hal_cortex.o
    0x08002e5e   0x08002e5e   0x0000000e   Code   RO         2107    i._is_digit         c_w.l(__printf_wp.o)
    0x08002e6c   0x08002e6c   0x000000b4   Code   RO           16    i.adjust_time       main.o
    0x08002f20   0x08002f20   0x000000b4   Code   RO           17    i.alarm_screen      main.o
    0x08002fd4   0x08002fd4   0x00000084   Code   RO         2025    i.button_handler    button.o
    0x08003058   0x08003058   0x0000000e   Code   RO         2026    i.button_init       button.o
    0x08003066   0x08003066   0x00000002   PAD
    0x08003068   0x08003068   0x0000003c   Code   RO           18    i.button_press_handler_cb  main.o
    0x080030a4   0x080030a4   0x00000034   Code   RO           19    i.button_release_handler_cb  main.o
    0x080030d8   0x080030d8   0x00000044   Code   RO           20    i.button_short_press_handler_cb  main.o
    0x0800311c   0x0800311c   0x00000044   Code   RO           21    i.button_time_out_handler_cb  main.o
    0x08003160   0x08003160   0x00000026   Code   RO           23    i.check_leap_year   main.o
    0x08003186   0x08003186   0x00000002   PAD
    0x08003188   0x08003188   0x00000038   Code   RO           24    i.clock_handle      main.o
    0x080031c0   0x080031c0   0x000000a8   Code   RO           25    i.clock_time_update  main.o
    0x08003268   0x08003268   0x00000030   Code   RO           26    i.get_max_date      main.o
    0x08003298   0x08003298   0x00000080   Code   RO           27    i.hold_btn_handle   main.o
    0x08003318   0x08003318   0x0000001a   Code   RO         1873    i.lcd_back_light_off  i2c-lcd.o
    0x08003332   0x08003332   0x0000001c   Code   RO         1875    i.lcd_clear         i2c-lcd.o
    0x0800334e   0x0800334e   0x00000090   Code   RO         1876    i.lcd_init          i2c-lcd.o
    0x080033de   0x080033de   0x00000018   Code   RO         1877    i.lcd_put_cur       i2c-lcd.o
    0x080033f6   0x080033f6   0x0000003a   Code   RO         1878    i.lcd_send_cmd      i2c-lcd.o
    0x08003430   0x08003430   0x0000003a   Code   RO         1879    i.lcd_send_data     i2c-lcd.o
    0x0800346a   0x0800346a   0x00000032   Code   RO         1880    i.lcd_send_string   i2c-lcd.o
    0x0800349c   0x0800349c   0x000000b4   Code   RO           28    i.main              main.o
    0x08003550   0x08003550   0x0000000c   Code   RO         1951    i.rtc_init          ds3231.o
    0x0800355c   0x0800355c   0x00000044   Code   RO         1952    i.rtc_read_alarm    ds3231.o
    0x080035a0   0x080035a0   0x00000078   Code   RO         1954    i.rtc_read_time     ds3231.o
    0x08003618   0x08003618   0x0000005a   Code   RO         1955    i.rtc_read_time_of_week  ds3231.o
    0x08003672   0x08003672   0x00000002   PAD
    0x08003674   0x08003674   0x00000038   Code   RO         1956    i.rtc_write_alarm   ds3231.o
    0x080036ac   0x080036ac   0x00000068   Code   RO         1957    i.rtc_write_time    ds3231.o
    0x08003714   0x08003714   0x0000012c   Code   RO           29    i.setting_blink     main.o
    0x08003840   0x08003840   0x00000024   Code   RO           30    i.up_down_number    main.o
    0x08003864   0x08003864   0x0000002c   Code   RO         2294    locale$$code        c_w.l(lc_numeric_c.o)
    0x08003890   0x08003890   0x0000002c   Code   RO         2316    locale$$code        c_w.l(lc_ctype_c.o)
    0x080038bc   0x080038bc   0x00000004   Code   RO         2218    x$fpl$printf1       fz_ws.l(printf1.o)
    0x080038c0   0x080038c0   0x00000004   Code   RO         2220    x$fpl$printf2       fz_ws.l(printf2.o)
    0x080038c4   0x080038c4   0x00000000   Code   RO         2226    x$fpl$usenofp       fz_ws.l(usenofp.o)
    0x080038c4   0x080038c4   0x0000001c   Data   RO           32    .constdata          main.o
    0x080038e0   0x080038e0   0x00000012   Data   RO         1010    .constdata          stm32f1xx_hal_rcc.o
    0x080038f2   0x080038f2   0x00000010   Data   RO         1837    .constdata          system_stm32f1xx.o
    0x08003902   0x08003902   0x00000008   Data   RO         1838    .constdata          system_stm32f1xx.o
    0x0800390a   0x0800390a   0x00000011   Data   RO         2115    .constdata          c_w.l(__printf_flags_ss_wp.o)
    0x0800391b   0x0800391b   0x00000001   PAD
    0x0800391c   0x0800391c   0x00000008   Data   RO         2158    .constdata          c_w.l(_printf_wctomb.o)
    0x08003924   0x08003924   0x00000028   Data   RO         2187    .constdata          c_w.l(_printf_hex_int_ll_ptr.o)
    0x0800394c   0x0800394c   0x00000026   Data   RO         2247    .constdata          c_w.l(_printf_fp_hex.o)
    0x08003972   0x08003972   0x00000002   PAD
    0x08003974   0x08003974   0x00000094   Data   RO         2269    .constdata          c_w.l(bigflt0.o)
    0x08003a08   0x08003a08   0x00000020   Data   RO         2442    Region$$Table       anon$$obj.o
    0x08003a28   0x08003a28   0x0000001c   Data   RO         2293    locale$$data        c_w.l(lc_numeric_c.o)
    0x08003a44   0x08003a44   0x00000110   Data   RO         2315    locale$$data        c_w.l(lc_ctype_c.o)


    Execution Region RW_IRAM1 (Exec base: 0x20000000, Load base: 0x08003b54, Size: 0x00000740, Max: 0x00005000, ABSOLUTE)

    Exec Addr    Load Addr    Size         Type   Attr      Idx    E Section Name        Object

    0x20000000   0x08003b54   0x0000002c   Data   RW           33    .data               main.o
    0x2000002c   0x08003b80   0x0000000c   Data   RW          847    .data               stm32f1xx_hal.o
    0x20000038   0x08003b8c   0x00000004   Data   RW         1839    .data               system_stm32f1xx.o
    0x2000003c   0x08003b90   0x00000004   Data   RW         1958    .data               ds3231.o
    0x20000040        -       0x0000009c   Zero   RW           31    .bss                main.o
    0x200000dc        -       0x00000060   Zero   RW         2311    .bss                c_w.l(libspace.o)
    0x2000013c   0x08003b94   0x00000004   PAD
    0x20000140        -       0x00000200   Zero   RW            2    HEAP                startup_stm32f103xb.o
    0x20000340        -       0x00000400   Zero   RW            1    STACK               startup_stm32f103xb.o


==============================================================================

Image component sizes


      Code (inc. data)   RO Data    RW Data    ZI Data      Debug   Object Name

       146          0          0          0          0       1839   button.o
       490         26          0          4          0       4925   ds3231.o
       388          0          0          0          0       5383   i2c-lcd.o
      1744        276         28         44        156     404409   main.o
        64         26        236          0       1536        792   startup_stm32f103xb.o
       164         28          0         12          0       5761   stm32f1xx_hal.o
       172         14          0          0          0      28218   stm32f1xx_hal_cortex.o
       490         34          0          0          0       2839   stm32f1xx_hal_gpio.o
      2338         54          0          0          0      12366   stm32f1xx_hal_i2c.o
       152         20          0          0          0       1496   stm32f1xx_hal_msp.o
      1208         72         18          0          0       4469   stm32f1xx_hal_rcc.o
        20          0          0          0          0       3722   stm32f1xx_it.o
         2          0         24          4          0       1067   system_stm32f1xx.o

    ----------------------------------------------------------------------
      7392        550        338         64       1692     477286   Object Totals
         0          0         32          0          0          0   (incl. Generated)
        14          0          0          0          0          0   (incl. Padding)

    ----------------------------------------------------------------------

      Code (inc. data)   RO Data    RW Data    ZI Data      Debug   Library Member Name

        44          6          0          0          0         84   __2sprintf.o
         8          0          0          0          0         68   __main.o
       392          4         17          0          0         92   __printf_flags_ss_wp.o
        14          0          0          0          0         68   __printf_wp.o
         0          0          0          0          0          0   __rtentry.o
        12          0          0          0          0          0   __rtentry2.o
         6          0          0          0          0          0   __rtentry4.o
        52          8          0          0          0          0   __scatter.o
        26          0          0          0          0          0   __scatter_copy.o
        28          0          0          0          0          0   __scatter_zi.o
         6          0          0          0          0          0   _printf_a.o
         6          0          0          0          0          0   _printf_c.o
        44          0          0          0          0        108   _printf_char.o
        48          6          0          0          0         96   _printf_char_common.o
        40          0          0          0          0         68   _printf_charcount.o
         6          0          0          0          0          0   _printf_d.o
       120         16          0          0          0         92   _printf_dec.o
         6          0          0          0          0          0   _printf_e.o
         6          0          0          0          0          0   _printf_f.o
      1054          0          0          0          0        216   _printf_fp_dec.o
       764          8         38          0          0        100   _printf_fp_hex.o
       128         16          0          0          0         84   _printf_fp_infnan.o
         6          0          0          0          0          0   _printf_g.o
       148          4         40          0          0        160   _printf_hex_int_ll_ptr.o
         6          0          0          0          0          0   _printf_i.o
       178          0          0          0          0         88   _printf_intcommon.o
        10          0          0          0          0          0   _printf_l.o
         6          0          0          0          0          0   _printf_lc.o
        10          0          0          0          0          0   _printf_ll.o
         6          0          0          0          0          0   _printf_lld.o
         6          0          0          0          0          0   _printf_lli.o
         6          0          0          0          0          0   _printf_llo.o
         6          0          0          0          0          0   _printf_llu.o
         6          0          0          0          0          0   _printf_llx.o
       124         16          0          0          0         92   _printf_longlong_dec.o
         6          0          0          0          0          0   _printf_ls.o
         6          0          0          0          0          0   _printf_n.o
         6          0          0          0          0          0   _printf_o.o
       112         10          0          0          0        124   _printf_oct_int_ll.o
         6          0          0          0          0          0   _printf_p.o
        78          0          0          0          0        108   _printf_pad.o
         0          0          0          0          0          0   _printf_percent.o
         4          0          0          0          0          0   _printf_percent_end.o
         6          0          0          0          0          0   _printf_s.o
        82          0          0          0          0         80   _printf_str.o
        36          0          0          0          0         84   _printf_truncate.o
         6          0          0          0          0          0   _printf_u.o
        44          0          0          0          0        108   _printf_wchar.o
       188          6          8          0          0         92   _printf_wctomb.o
         6          0          0          0          0          0   _printf_x.o
        16          0          0          0          0         68   _snputc.o
        10          0          0          0          0         68   _sputc.o
        64          0          0          0          0         92   _wcrtomb.o
       228          4        148          0          0         96   bigflt0.o
      1936        128          0          0          0        672   btod.o
        18          0          0          0          0         80   exit.o
         6          0          0          0          0        152   heapauxi.o
         0          0          0          0          0          0   indicate_semi.o
        44         10        272          0          0         76   lc_ctype_c.o
        44         10         28          0          0         76   lc_numeric_c.o
         2          0          0          0          0          0   libinit.o
        30          0          0          0          0          0   libinit2.o
         2          0          0          0          0          0   libshutdown.o
         2          0          0          0          0          0   libshutdown2.o
         8          4          0          0         96         68   libspace.o
       138          0          0          0          0         80   lludiv10.o
        16          4          0          0          0         76   rt_ctype_table.o
         8          4          0          0          0         68   rt_locale_intlibspace.o
        78          0          0          0          0         80   rt_memclr_w.o
         2          0          0          0          0          0   rtexit.o
        10          0          0          0          0          0   rtexit2.o
       128          0          0          0          0         68   strcmpv7m.o
        12          4          0          0          0         68   sys_exit.o
        74          0          0          0          0         80   sys_stackheap_outer.o
         2          0          0          0          0         68   use_no_semi.o
        52          4          0          0          0         80   vsnprintf.o
         4          0          0          0          0         68   printf1.o
         4          0          0          0          0         68   printf2.o
         0          0          0          0          0          0   usenofp.o
        40          0          0          0          0         68   fpclassify.o

    ----------------------------------------------------------------------
      6904        272        554          0        100       4332   Library Totals
        12          0          3          0          4          0   (incl. Padding)

    ----------------------------------------------------------------------

      Code (inc. data)   RO Data    RW Data    ZI Data      Debug   Library Name

      6844        272        551          0         96       4128   c_w.l
         8          0          0          0          0        136   fz_ws.l
        40          0          0          0          0         68   m_ws.l

    ----------------------------------------------------------------------
      6904        272        554          0        100       4332   Library Totals

    ----------------------------------------------------------------------

==============================================================================


      Code (inc. data)   RO Data    RW Data    ZI Data      Debug   

     14296        822        892         64       1792     475842   Grand Totals
     14296        822        892         64       1792     475842   ELF Image Totals
     14296        822        892         64          0          0   ROM Totals

==============================================================================

    Total RO  Size (Code + RO Data)                15188 (  14.83kB)
    Total RW  Size (RW Data + ZI Data)              1856 (   1.81kB)
    Total ROM Size (Code + RO Data + RW Data)      15252 (  14.89kB)

==============================================================================

