Component: ARM Compiler 6.14 Tool: armlink [5db06800]

==============================================================================

Section Cross References

    startup_stm32f103xb.o(STACK) refers (Special) to heapauxi.o(.text) for __use_two_region_memory
    startup_stm32f103xb.o(HEAP) refers (Special) to heapauxi.o(.text) for __use_two_region_memory
    startup_stm32f103xb.o(RESET) refers (Special) to heapauxi.o(.text) for __use_two_region_memory
    startup_stm32f103xb.o(RESET) refers to startup_stm32f103xb.o(STACK) for __initial_sp
    startup_stm32f103xb.o(RESET) refers to startup_stm32f103xb.o(.text) for Reset_Handler
    startup_stm32f103xb.o(RESET) refers to stm32f1xx_it.o(.text.NMI_Handler) for NMI_Handler
    startup_stm32f103xb.o(RESET) refers to stm32f1xx_it.o(.text.HardFault_Handler) for HardFault_Handler
    startup_stm32f103xb.o(RESET) refers to stm32f1xx_it.o(.text.MemManage_Handler) for MemManage_Handler
    startup_stm32f103xb.o(RESET) refers to stm32f1xx_it.o(.text.BusFault_Handler) for BusFault_Handler
    startup_stm32f103xb.o(RESET) refers to stm32f1xx_it.o(.text.UsageFault_Handler) for UsageFault_Handler
    startup_stm32f103xb.o(RESET) refers to stm32f1xx_it.o(.text.SVC_Handler) for SVC_Handler
    startup_stm32f103xb.o(RESET) refers to stm32f1xx_it.o(.text.DebugMon_Handler) for DebugMon_Handler
    startup_stm32f103xb.o(RESET) refers to stm32f1xx_it.o(.text.PendSV_Handler) for PendSV_Handler
    startup_stm32f103xb.o(RESET) refers to stm32f1xx_it.o(.text.SysTick_Handler) for SysTick_Handler
    startup_stm32f103xb.o(.text) refers (Special) to heapauxi.o(.text) for __use_two_region_memory
    startup_stm32f103xb.o(.text) refers to system_stm32f1xx.o(.text.SystemInit) for SystemInit
    startup_stm32f103xb.o(.text) refers to __main.o(!!!main) for __main
    startup_stm32f103xb.o(.text) refers to startup_stm32f103xb.o(HEAP) for Heap_Mem
    startup_stm32f103xb.o(.text) refers to startup_stm32f103xb.o(STACK) for Stack_Mem
    main.o(.text) refers (Special) to _printf_d.o(.ARM.Collect$$_printf_percent$$00000009) for _printf_d
    main.o(.text) refers (Special) to _printf_dec.o(.text) for _printf_int_dec
    main.o(.text) refers (Special) to _printf_percent.o(.ARM.Collect$$_printf_percent$$00000000) for _printf_percent
    main.o(.text) refers (Special) to _printf_pad.o(.text) for _printf_pre_padding
    main.o(.text) refers (Special) to _printf_s.o(.ARM.Collect$$_printf_percent$$00000014) for _printf_s
    main.o(.text) refers (Special) to _printf_str.o(.text) for _printf_str
    main.o(.text.main) refers (Special) to _printf_d.o(.ARM.Collect$$_printf_percent$$00000009) for _printf_d
    main.o(.text.main) refers (Special) to _printf_dec.o(.text) for _printf_int_dec
    main.o(.text.main) refers (Special) to _printf_percent.o(.ARM.Collect$$_printf_percent$$00000000) for _printf_percent
    main.o(.text.main) refers (Special) to _printf_pad.o(.text) for _printf_pre_padding
    main.o(.text.main) refers (Special) to _printf_s.o(.ARM.Collect$$_printf_percent$$00000014) for _printf_s
    main.o(.text.main) refers (Special) to _printf_str.o(.text) for _printf_str
    main.o(.text.main) refers to stm32f1xx_hal.o(.text.HAL_Init) for HAL_Init
    main.o(.text.main) refers to main.o(.text.SystemClock_Config) for SystemClock_Config
    main.o(.text.main) refers to main.o(.text.MX_GPIO_Init) for MX_GPIO_Init
    main.o(.text.main) refers to main.o(.text.MX_I2C1_Init) for MX_I2C1_Init
    main.o(.text.main) refers to stm32f1xx_hal.o(.text.HAL_Delay) for HAL_Delay
    main.o(.text.main) refers to main.o(.bss.lcd) for lcd
    main.o(.text.main) refers to main.o(.bss.hi2c1) for hi2c1
    main.o(.text.main) refers to i2c_lcd.o(.text.lcd_init) for lcd_init
    main.o(.text.main) refers to ds3231.o(.text.rtc_init) for rtc_init
    main.o(.text.main) refers to main.o(.bss.btn_down) for btn_down
    main.o(.text.main) refers to button.o(.text.button_init) for button_init
    main.o(.text.main) refers to main.o(.bss.btn_ok) for btn_ok
    main.o(.text.main) refers to main.o(.bss.btn_up) for btn_up
    main.o(.text.main) refers to main.o(.bss.date_time) for date_time
    main.o(.text.main) refers to ds3231.o(.text.rtc_read_alarm) for rtc_read_alarm
    main.o(.text.main) refers to i2c_lcd.o(.text.lcd_clear) for lcd_clear
    main.o(.text.main) refers to main.o(.text.clock_handle) for clock_handle
    main.o(.text.main) refers to button.o(.text.button_handler) for button_handler
    main.o(.ARM.exidx.text.main) refers (Special) to _printf_d.o(.ARM.Collect$$_printf_percent$$00000009) for _printf_d
    main.o(.ARM.exidx.text.main) refers (Special) to _printf_dec.o(.text) for _printf_int_dec
    main.o(.ARM.exidx.text.main) refers (Special) to _printf_percent.o(.ARM.Collect$$_printf_percent$$00000000) for _printf_percent
    main.o(.ARM.exidx.text.main) refers (Special) to _printf_pad.o(.text) for _printf_pre_padding
[...]
    .text                                    0x08001370   Section        8  libspace.o(.text)
    .text                                    0x08001378   Section      128  strcmpv7m.o(.text)
    .text                                    0x080013f8   Section        0  sys_exit.o(.text)
    .text                                    0x08001404   Section        2  use_no_semi.o(.text)
    .text                                    0x08001406   Section        0  indicate_semi.o(.text)
    [Anonymous Symbol]                       0x08001408   Section        0  ds3231.o(.text.BCD2Decimal)
    [Anonymous Symbol]                       0x0800141c   Section        0  stm32f1xx_it.o(.text.BusFault_Handler)
    [Anonymous Symbol]                       0x08001420   Section        0  stm32f1xx_it.o(.text.DebugMon_Handler)
    [Anonymous Symbol]                       0x08001424   Section        0  ds3231.o(.text.Decimal2BCD)
    [Anonymous Symbol]                       0x08001444   Section        0  main.o(.text.Error_Handler)
    [Anonymous Symbol]                       0x08001450   Section        0  stm32f1xx_hal.o(.text.HAL_Delay)
    [Anonymous Symbol]                       0x08001478   Section        0  stm32f1xx_hal_gpio.o(.text.HAL_GPIO_Init)
    [Anonymous Symbol]                       0x08001694   Section        0  stm32f1xx_hal_gpio.o(.text.HAL_GPIO_ReadPin)
    [Anonymous Symbol]                       0x080016a0   Section        0  stm32f1xx_hal_gpio.o(.text.HAL_GPIO_TogglePin)
    [Anonymous Symbol]                       0x080016b0   Section        0  stm32f1xx_hal_gpio.o(.text.HAL_GPIO_WritePin)
    [Anonymous Symbol]                       0x080016bc   Section        0  stm32f1xx_hal.o(.text.HAL_GetTick)
    [Anonymous Symbol]                       0x080016c8   Section        0  stm32f1xx_hal_i2c.o(.text.HAL_I2C_Init)
    [Anonymous Symbol]                       0x08001858   Section        0  stm32f1xx_hal_i2c.o(.text.HAL_I2C_Master_Receive)
    [Anonymous Symbol]                       0x08001b18   Section        0  stm32f1xx_hal_i2c.o(.text.HAL_I2C_Master_Transmit)
    [Anonymous Symbol]                       0x08001c50   Section        0  stm32f1xx_hal_msp.o(.text.HAL_I2C_MspInit)
    [Anonymous Symbol]                       0x08001cb8   Section        0  stm32f1xx_hal.o(.text.HAL_IncTick)
    [Anonymous Symbol]                       0x08001cd4   Section        0  stm32f1xx_hal.o(.text.HAL_Init)
    [Anonymous Symbol]                       0x08001cfc   Section        0  stm32f1xx_hal.o(.text.HAL_InitTick)
    [Anonymous Symbol]                       0x08001d4c   Section        0  stm32f1xx_hal_msp.o(.text.HAL_MspInit)
    [Anonymous Symbol]                       0x08001d90   Section        0  stm32f1xx_hal_cortex.o(.text.HAL_NVIC_SetPriority)
    [Anonymous Symbol]                       0x08001db0   Section        0  stm32f1xx_hal_cortex.o(.text.HAL_NVIC_SetPriorityGrouping)
    [Anonymous Symbol]                       0x08001db8   Section        0  stm32f1xx_hal_rcc.o(.text.HAL_RCC_ClockConfig)
    [Anonymous Symbol]                       0x08001f28   Section        0  stm32f1xx_hal_rcc.o(.text.HAL_RCC_GetHCLKFreq)
    [Anonymous Symbol]                       0x08001f34   Section        0  stm32f1xx_hal_rcc.o(.text.HAL_RCC_GetPCLK1Freq)
    [Anonymous Symbol]                       0x08001f58   Section        0  stm32f1xx_hal_rcc.o(.text.HAL_RCC_GetSysClockFreq)
    HAL_RCC_GetSysClockFreq.aPLLMULFactorTable 0x08001fa4   Number         0  stm32f1xx_hal_rcc.o(.text.HAL_RCC_GetSysClockFreq)
    HAL_RCC_GetSysClockFreq.aPredivFactorTable 0x08001fb4   Number         0  stm32f1xx_hal_rcc.o(.text.HAL_RCC_GetSysClockFreq)
    [Anonymous Symbol]                       0x08001fb8   Section        0  stm32f1xx_hal_rcc.o(.text.HAL_RCC_OscConfig)
    [Anonymous Symbol]                       0x080022cc   Section        0  stm32f1xx_hal_cortex.o(.text.HAL_SYSTICK_Config)
    [Anonymous Symbol]                       0x080022d4   Section        0  stm32f1xx_it.o(.text.HardFault_Handler)
    I2C_IsAcknowledgeFailed                  0x080022d9   Thumb Code    48  stm32f1xx_hal_i2c.o(.text.I2C_IsAcknowledgeFailed)
    [Anonymous Symbol]                       0x080022d8   Section        0  stm32f1xx_hal_i2c.o(.text.I2C_IsAcknowledgeFailed)
    I2C_MasterRequestRead                    0x08002309   Thumb Code   254  stm32f1xx_hal_i2c.o(.text.I2C_MasterRequestRead)
    [Anonymous Symbol]                       0x08002308   Section        0  stm32f1xx_hal_i2c.o(.text.I2C_MasterRequestRead)
    I2C_MasterRequestWrite                   0x08002409   Thumb Code   176  stm32f1xx_hal_i2c.o(.text.I2C_MasterRequestWrite)
    [Anonymous Symbol]                       0x08002408   Section        0  stm32f1xx_hal_i2c.o(.text.I2C_MasterRequestWrite)
    I2C_WaitOnBTFFlagUntilTimeout            0x080024b9   Thumb Code   106  stm32f1xx_hal_i2c.o(.text.I2C_WaitOnBTFFlagUntilTimeout)
    [Anonymous Symbol]                       0x080024b8   Section        0  stm32f1xx_hal_i2c.o(.text.I2C_WaitOnBTFFlagUntilTimeout)
    I2C_WaitOnFlagUntilTimeout               0x08002525   Thumb Code   160  stm32f1xx_hal_i2c.o(.text.I2C_WaitOnFlagUntilTimeout)
    [Anonymous Symbol]                       0x08002524   Section        0  stm32f1xx_hal_i2c.o(.text.I2C_WaitOnFlagUntilTimeout)
    I2C_WaitOnMasterAddressFlagUntilTimeout  0x080025c5   Thumb Code   166  stm32f1xx_hal_i2c.o(.text.I2C_WaitOnMasterAddressFlagUntilTimeout)
    [Anonymous Symbol]                       0x080025c4   Section        0  stm32f1xx_hal_i2c.o(.text.I2C_WaitOnMasterAddressFlagUntilTimeout)
    I2C_WaitOnRXNEFlagUntilTimeout           0x0800266d   Thumb Code   118  stm32f1xx_hal_i2c.o(.text.I2C_WaitOnRXNEFlagUntilTimeout)
    [Anonymous Symbol]                       0x0800266c   Section        0  stm32f1xx_hal_i2c.o(.text.I2C_WaitOnRXNEFlagUntilTimeout)
    I2C_WaitOnTXEFlagUntilTimeout            0x080026e5   Thumb Code   106  stm32f1xx_hal_i2c.o(.text.I2C_WaitOnTXEFlagUntilTimeout)
    [Anonymous Symbol]                       0x080026e4   Section        0  stm32f1xx_hal_i2c.o(.text.I2C_WaitOnTXEFlagUntilTimeout)
    MX_GPIO_Init                             0x08002751   Thumb Code   136  main.o(.text.MX_GPIO_Init)
    [Anonymous Symbol]                       0x08002750   Section        0  main.o(.text.MX_GPIO_Init)
    MX_I2C1_Init                             0x080027d9   Thumb Code    62  main.o(.text.MX_I2C1_Init)
    [Anonymous Symbol]                       0x080027d8   Section        0  main.o(.text.MX_I2C1_Init)
    [Anonymous Symbol]                       0x08002818   Section        0  stm32f1xx_it.o(.text.MemManage_Handler)
    [Anonymous Symbol]                       0x0800281c   Section        0  stm32f1xx_it.o(.text.NMI_Handler)
    NVIC_EncodePriority                      0x08002821   Thumb Code    44  stm32f1xx_hal_cortex.o(.text.NVIC_EncodePriority)
    [Anonymous Symbol]                       0x08002820   Section        0  stm32f1xx_hal_cortex.o(.text.NVIC_EncodePriority)
    [Anonymous Symbol]                       0x0800284c   Section        0  stm32f1xx_it.o(.text.PendSV_Handler)
    RCC_Delay                                0x08002851   Thumb Code    44  stm32f1xx_hal_rcc.o(.text.RCC_Delay)
    [Anonymous Symbol]                       0x08002850   Section        0  stm32f1xx_hal_rcc.o(.text.RCC_Delay)
    [Anonymous Symbol]                       0x0800287c   Section        0  stm32f1xx_it.o(.text.SVC_Handler)
    SysTick_Config                           0x08002881   Thumb Code    46  stm32f1xx_hal_cortex.o(.text.SysTick_Config)
    [Anonymous Symbol]                       0x08002880   Section        0  stm32f1xx_hal_cortex.o(.text.SysTick_Config)
    [Anonymous Symbol]                       0x080028b0   Section        0  stm32f1xx_it.o(.text.SysTick_Handler)
    [Anonymous Symbol]                       0x080028b8   Section        0  main.o(.text.SystemClock_Config)
    [Anonymous Symbol]                       0x08002910   Section        0  system_stm32f1xx.o(.text.SystemInit)
    [Anonymous Symbol]                       0x08002914   Section        0  stm32f1xx_it.o(.text.UsageFault_Handler)
    __NVIC_GetPriorityGrouping               0x08002919   Thumb Code    16  stm32f1xx_hal_cortex.o(.text.__NVIC_GetPriorityGrouping)
    [Anonymous Symbol]                       0x08002918   Section        0  stm32f1xx_hal_cortex.o(.text.__NVIC_GetPriorityGrouping)
    __NVIC_SetPriority                       0x08002929   Thumb Code    34  stm32f1xx_hal_cortex.o(.text.__NVIC_SetPriority)
    [Anonymous Symbol]                       0x08002928   Section        0  stm32f1xx_hal_cortex.o(.text.__NVIC_SetPriority)
    __NVIC_SetPriorityGrouping               0x0800294d   Thumb Code    32  stm32f1xx_hal_cortex.o(.text.__NVIC_SetPriorityGrouping)
    [Anonymous Symbol]                       0x0800294c   Section        0  stm32f1xx_hal_cortex.o(.text.__NVIC_SetPriorityGrouping)
    [Anonymous Symbol]                       0x0800296c   Section        0  main.o(.text.adjust_time)
    [Anonymous Symbol]                       0x08002a60   Section        0  main.o(.text.alarm_screen)
    [Anonymous Symbol]                       0x08002b2c   Section        0  main.o(.text.backlight_handle)
    [Anonymous Symbol]                       0x08002ba8   Section        0  button.o(.text.button_handler)
    [Anonymous Symbol]                       0x08002c2c   Section        0  button.o(.text.button_init)
    [Anonymous Symbol]                       0x08002c3c   Section        0  main.o(.text.button_press_handler_cb)
    [Anonymous Symbol]                       0x08002c88   Section        0  main.o(.text.button_release_handler_cb)
    [Anonymous Symbol]                       0x08002cd8   Section        0  main.o(.text.button_short_press_handler_cb)
    [Anonymous Symbol]                       0x08002d3c   Section        0  main.o(.text.button_time_out_handler_cb)
    [Anonymous Symbol]                       0x08002d88   Section        0  main.o(.text.check_alarm)
    [Anonymous Symbol]                       0x08002de4   Section        0  main.o(.text.check_leap_year)
    [Anonymous Symbol]                       0x08002e2c   Section        0  main.o(.text.clock_handle)
    [Anonymous Symbol]                       0x08002e70   Section        0  main.o(.text.clock_time_update)
    [Anonymous Symbol]                       0x08002f0c   Section        0  main.o(.text.get_max_date)
    [Anonymous Symbol]                       0x08002f48   Section        0  main.o(.text.hold_btn_handle)
    [Anonymous Symbol]                       0x08002ff0   Section        0  i2c_lcd.o(.text.lcd_back_light_off)
    [Anonymous Symbol]                       0x08003018   Section        0  i2c_lcd.o(.text.lcd_back_light_on)
    [Anonymous Symbol]                       0x08003040   Section        0  i2c_lcd.o(.text.lcd_clear)
    [Anonymous Symbol]                       0x0800305c   Section        0  i2c_lcd.o(.text.lcd_init)
    [Anonymous Symbol]                       0x080030f0   Section        0  i2c_lcd.o(.text.lcd_put_cur)
    [Anonymous Symbol]                       0x0800310c   Section        0  i2c_lcd.o(.text.lcd_send_cmd)
    [Anonymous Symbol]                       0x08003158   Section        0  i2c_lcd.o(.text.lcd_send_data)
    [Anonymous Symbol]                       0x080031a8   Section        0  i2c_lcd.o(.text.lcd_send_string)
    [Anonymous Symbol]                       0x080031ec   Section        0  main.o(.text.main)
    [Anonymous Symbol]                       0x0800328c   Section        0  ds3231.o(.text.rtc_init)
    [Anonymous Symbol]                       0x08003298   Section        0  ds3231.o(.text.rtc_read_alarm)
    [Anonymous Symbol]                       0x080032e8   Section        0  ds3231.o(.text.rtc_read_time)
    [Anonymous Symbol]                       0x08003374   Section        0  ds3231.o(.text.rtc_read_time_of_week)
    [Anonymous Symbol]                       0x08003408   Section        0  ds3231.o(.text.rtc_write_alarm)
    [Anonymous Symbol]                       0x0800344c   Section        0  ds3231.o(.text.rtc_write_time)
    [Anonymous Symbol]                       0x080034c8   Section        0  main.o(.text.setting_blink)
    [Anonymous Symbol]                       0x080035ec   Section        0  main.o(.text.up_down_number)
    CL$$btod_d2e                             0x08003616   Section       62  btod.o(CL$$btod_d2e)
    CL$$btod_d2e_denorm_low                  0x08003654   Section       70  btod.o(CL$$btod_d2e_denorm_low)
    CL$$btod_d2e_norm_op1                    0x0800369a   Section       96  btod.o(CL$$btod_d2e_norm_op1)
    CL$$btod_div_common                      0x080036fa   Section      824  btod.o(CL$$btod_div_common)
    CL$$btod_e2e                             0x08003a32   Section      220  btod.o(CL$$btod_e2e)
    CL$$btod_ediv                            0x08003b0e   Section       42  btod.o(CL$$btod_ediv)
    CL$$btod_emul                            0x08003b38   Section       42  btod.o(CL$$btod_emul)
    CL$$btod_mult_common                     0x08003b62   Section      580  btod.o(CL$$btod_mult_common)
    i.__ARM_fpclassify                       0x08003da6   Section        0  fpclassify.o(i.__ARM_fpclassify)
    i._is_digit                              0x08003dce   Section        0  __printf_wp.o(i._is_digit)
    locale$$code                             0x08003ddc   Section       44  lc_numeric_c.o(locale$$code)
    locale$$code                             0x08003e08   Section       44  lc_ctype_c.o(locale$$code)
    x$fpl$printf1                            0x08003e34   Section        4  printf1.o(x$fpl$printf1)
    x$fpl$printf2                            0x08003e38   Section        4  printf2.o(x$fpl$printf2)
    maptable                                 0x08003e3c   Data          17  __printf_flags_ss_wp.o(.constdata)
    .constdata                               0x08003e3c   Section       17  __printf_flags_ss_wp.o(.constdata)
    x$fpl$usenofp                            0x08003e3c   Section        0  usenofp.o(x$fpl$usenofp)
    initial_mbstate                          0x08003e50   Data           8  _printf_wctomb.o(.constdata)
    .constdata                               0x08003e50   Section        8  _printf_wctomb.o(.constdata)
    uc_hextab                                0x08003e58   Data          20  _printf_hex_int_ll_ptr.o(.constdata)
    .constdata                               0x08003e58   Section       40  _printf_hex_int_ll_ptr.o(.constdata)
    lc_hextab                                0x08003e6c   Data          20  _printf_hex_int_ll_ptr.o(.constdata)
    lc_hextab                                0x08003e80   Data          19  _printf_fp_hex.o(.constdata)
    .constdata                               0x08003e80   Section       38  _printf_fp_hex.o(.constdata)
    uc_hextab                                0x08003e93   Data          19  _printf_fp_hex.o(.constdata)
    tenpwrs_x                                0x08003ea8   Data          60  bigflt0.o(.constdata)
    .constdata                               0x08003ea8   Section      148  bigflt0.o(.constdata)
    tenpwrs_i                                0x08003ee4   Data          64  bigflt0.o(.constdata)
    .L.str.4                                 0x08003f70   Data           6  main.o(.rodata.str1.1)
    [Anonymous Symbol]                       0x08003f70   Section        0  main.o(.rodata.str1.1)
    .L.str.1                                 0x08003f76   Data          20  main.o(.rodata.str1.1)
    .L.str                                   0x08003f8a   Data          15  main.o(.rodata.str1.1)
    .L.str.3                                 0x08003f99   Data           3  main.o(.rodata.str1.1)
    locale$$data                             0x08003fbc   Section       28  lc_numeric_c.o(locale$$data)
    __lcnum_c_name                           0x08003fc0   Data           2  lc_numeric_c.o(locale$$data)
    __lcnum_c_start                          0x08003fc8   Data           0  lc_numeric_c.o(locale$$data)
    __lcnum_c_point                          0x08003fd4   Data           0  lc_numeric_c.o(locale$$data)
    __lcnum_c_thousands                      0x08003fd6   Data           0  lc_numeric_c.o(locale$$data)
    __lcnum_c_grouping                       0x08003fd7   Data           0  lc_numeric_c.o(locale$$data)
    __lcnum_c_end                            0x08003fd8   Data           0  lc_numeric_c.o(locale$$data)
    locale$$data                             0x08003fd8   Section      272  lc_ctype_c.o(locale$$data)
    __lcctype_c_name                         0x08003fdc   Data           2  lc_ctype_c.o(locale$$data)
    __lcctype_c_start                        0x08003fe4   Data           0  lc_ctype_c.o(locale$$data)
    __lcctype_c_end                          0x080040e8   Data           0  lc_ctype_c.o(locale$$data)
    alarm_screen.isShow                      0x20000004   Data           1  main.o(.data.alarm_screen.isShow)
    [Anonymous Symbol]                       0x20000004   Section        0  main.o(.data.alarm_screen.isShow)
    setting_blink.isShow                     0x20000005   Data           1  main.o(.data.setting_blink.isShow)
    [Anonymous Symbol]                       0x20000005   Section        0  main.o(.data.setting_blink.isShow)
    .bss                                     0x20000010   Section       96  libspace.o(.bss)
    alarm_screen.t_blink                     0x20000070   Data           4  main.o(.bss.alarm_screen.t_blink)
    [Anonymous Symbol]                       0x20000070   Section        0  main.o(.bss.alarm_screen.t_blink)
    backlight_handle.t_backlight             0x20000074   Data           4  main.o(.bss.backlight_handle.t_backlight)
    [Anonymous Symbol]                       0x20000074   Section        0  main.o(.bss.backlight_handle.t_backlight)
    check_alarm.t_alarm                      0x200000b4   Data           4  main.o(.bss.check_alarm.t_alarm)
    [Anonymous Symbol]                       0x200000b4   Section        0  main.o(.bss.check_alarm.t_alarm)
    clock_time_update.t_update               0x200000bc   Data           4  main.o(.bss.clock_time_update.t_update)
    [Anonymous Symbol]                       0x200000bc   Section        0  main.o(.bss.clock_time_update.t_update)
    ds_i2c                                   0x200000cc   Data           4  ds3231.o(.bss.ds_i2c)
    [Anonymous Symbol]                       0x200000cc   Section        0  ds3231.o(.bss.ds_i2c)
    hold_btn_handle.t_adjust_time            0x20000124   Data           4  main.o(.bss.hold_btn_handle.t_adjust_time)
    [Anonymous Symbol]                       0x20000124   Section        0  main.o(.bss.hold_btn_handle.t_adjust_time)
    hold_btn_handle.t_adjust_time.5          0x20000128   Data           4  main.o(.bss.hold_btn_handle.t_adjust_time.5)
    [Anonymous Symbol]                       0x20000128   Section        0  main.o(.bss.hold_btn_handle.t_adjust_time.5)
    setting_blink.t_blink                    0x20000138   Data           4  main.o(.bss.setting_blink.t_blink)
    [Anonymous Symbol]                       0x20000138   Section        0  main.o(.bss.setting_blink.t_blink)
    Heap_Mem                                 0x20000150   Data         512  startup_stm32f103xb.o(HEAP)
    HEAP                                     0x20000150   Section      512  startup_stm32f103xb.o(HEAP)
    Stack_Mem                                0x20000350   Data        1024  startup_stm32f103xb.o(STACK)
    STACK                                    0x20000350   Section     1024  startup_stm32f103xb.o(STACK)
    __initial_sp                             0x20000750   Data           0  startup_stm32f103xb.o(STACK)

    Global Symbols

    Symbol Name                              Value     Ov Type        Size  Object(Section)

    BuildAttributes$$THM_ISAv4$P$D$K$B$S$PE$A:L22UL41UL21$X:L11$S22US41US21$IEEE1$IW$~IW$USESV6$~STKCKD$USESV7$~SHL$OTIME$ROPI$IEEEJ$EBA8$UX$STANDARDLIB$REQ8$PRES8$EABIv2 0x00000000   Number         0  anon$$obj.o ABSOLUTE
    __fp_init_empty                          0x00000000   Number         0  fpinit_empty.o ABSOLUTE
    _printf_flags                            0x00000000   Number         0  printf_stubs.o ABSOLUTE
    _printf_return_value                     0x00000000   Number         0  printf_stubs.o ABSOLUTE
    _printf_sizespec                         0x00000000   Number         0  printf_stubs.o ABSOLUTE
    _printf_widthprec                        0x00000000   Number         0  printf_stubs.o ABSOLUTE
    __ARM_exceptions_init                     - Undefined Weak Reference
    __alloca_initialize                       - Undefined Weak Reference
    __arm_preinit_                            - Undefined Weak Reference
    __cpp_initialize__aeabi_                  - Undefined Weak Reference
    __cxa_finalize                            - Undefined Weak Reference
    __sigvec_lookup                           - Undefined Weak Reference
    _atexit_init                              - Undefined Weak Reference
    _call_atexit_fns                          - Undefined Weak Reference
    _clock_init                               - Undefined Weak Reference
    _fp_trap_init                             - Undefined Weak Reference
    _fp_trap_shutdown                         - Undefined Weak Reference
    _get_lc_collate                           - Undefined Weak Reference
    _get_lc_monetary                          - Undefined Weak Reference
    _get_lc_time                              - Undefined Weak Reference
    _getenv_init                              - Undefined Weak Reference
    _handle_redirection                       - Undefined Weak Reference
    _init_alloc                               - Undefined Weak Reference
    _init_user_alloc                          - Undefined Weak Reference
    _initio                                   - Undefined Weak Reference
    _printf_mbtowc                            - Undefined Weak Reference
    _printf_wc                                - Undefined Weak Reference
    _rand_init                                - Undefined Weak Reference
    _signal_finish                            - Undefined Weak Reference
    _signal_init                              - Undefined Weak Reference
    _terminate_alloc                          - Undefined Weak Reference
    _terminate_user_alloc                     - Undefined Weak Reference
    _terminateio                              - Undefined Weak Reference
    __Vectors_Size                           0x000000ec   Number         0  startup_stm32f103xb.o ABSOLUTE
    __Vectors                                0x08000000   Data           4  startup_stm32f103xb.o(RESET)
    __Vectors_End                            0x080000ec   Data           0  startup_stm32f103xb.o(RESET)
    __main                                   0x080000ed   Thumb Code     8  __main.o(!!!main)
    __scatterload                            0x080000f5   Thumb Code     0  __scatter.o(!!!scatter)
    __scatterload_rt2                        0x080000f5   Thumb Code    44  __scatter.o(!!!scatter)
    __scatterload_rt2_thumb_only             0x080000f5   Thumb Code     0  __scatter.o(!!!scatter)
    __scatterload_null                       0x08000103   Thumb Code     0  __scatter.o(!!!scatter)
    __scatterload_copy                       0x08000129   Thumb Code    26  __scatter_copy.o(!!handler_copy)
    __scatterload_zeroinit                   0x08000145   Thumb Code    28  __scatter_zi.o(!!handler_zi)
    _printf_n                                0x08000161   Thumb Code     0  _printf_n.o(.ARM.Collect$$_printf_percent$$00000001)
    _printf_percent                          0x08000161   Thumb Code     0  _printf_percent.o(.ARM.Collect$$_printf_percent$$00000000)
    _printf_p                                0x08000167   Thumb Code     0  _printf_p.o(.ARM.Collect$$_printf_percent$$00000002)
    _printf_f                                0x0800016d   Thumb Code     0  _printf_f.o(.ARM.Collect$$_printf_percent$$00000003)
    _printf_e                                0x08000173   Thumb Code     0  _printf_e.o(.ARM.Collect$$_printf_percent$$00000004)
    _printf_g                                0x08000179   Thumb Code     0  _printf_g.o(.ARM.Collect$$_printf_percent$$00000005)
    _printf_a                                0x0800017f   Thumb Code     0  _printf_a.o(.ARM.Collect$$_printf_percent$$00000006)
    _printf_ll                               0x08000185   Thumb Code     0  _printf_ll.o(.ARM.Collect$$_printf_percent$$00000007)
    _printf_i                                0x0800018f   Thumb Code     0  _printf_i.o(.ARM.Collect$$_printf_percent$$00000008)
    _printf_d                                0x08000195   Thumb Code     0  _printf_d.o(.ARM.Collect$$_printf_percent$$00000009)
    _printf_u                                0x0800019b   Thumb Code     0  _printf_u.o(.ARM.Collect$$_printf_percent$$0000000A)
    _printf_o                                0x080001a1   Thumb Code     0  _printf_o.o(.ARM.Collect$$_printf_percent$$0000000B)
    _printf_x                                0x080001a7   Thumb Code     0  _printf_x.o(.ARM.Collect$$_printf_percent$$0000000C)
    _printf_lli                              0x080001ad   Thumb Code     0  _printf_lli.o(.ARM.Collect$$_printf_percent$$0000000D)
    _printf_lld                              0x080001b3   Thumb Code     0  _printf_lld.o(.ARM.Collect$$_printf_percent$$0000000E)
    _printf_llu                              0x080001b9   Thumb Code     0  _printf_llu.o(.ARM.Collect$$_printf_percent$$0000000F)
    _printf_llo                              0x080001bf   Thumb Code     0  _printf_llo.o(.ARM.Collect$$_printf_percent$$00000010)
    _printf_llx                              0x080001c5   Thumb Code     0  _printf_llx.o(.ARM.Collect$$_printf_percent$$00000011)
    _printf_l                                0x080001cb   Thumb Code     0  _printf_l.o(.ARM.Collect$$_printf_percent$$00000012)
    _printf_c                                0x080001d5   Thumb Code     0  _printf_c.o(.ARM.Collect$$_printf_percent$$00000013)
    _printf_s                                0x080001db   Thumb Code     0  _printf_s.o(.ARM.Collect$$_printf_percent$$00000014)
    _printf_lc                               0x080001e1   Thumb Code     0  _printf_lc.o(.ARM.Collect$$_printf_percent$$00000015)
    _printf_ls                               0x080001e7   Thumb Code     0  _printf_ls.o(.ARM.Collect$$_printf_percent$$00000016)
    _printf_percent_end                      0x080001ed   Thumb Code     0  _printf_percent_end.o(.ARM.Collect$$_printf_percent$$00000017)
    __rt_lib_init                            0x080001f1   Thumb Code     0  libinit.o(.ARM.Collect$$libinit$$00000000)
    __rt_lib_init_fp_1                       0x080001f3   Thumb Code     0  libinit2.o(.ARM.Collect$$libinit$$00000002)
    __rt_lib_init_heap_1                     0x080001f3   Thumb Code     0  libinit2.o(.ARM.Collect$$libinit$$0000000A)
    __rt_lib_init_lc_common                  0x080001f3   Thumb Code     0  libinit2.o(.ARM.Collect$$libinit$$0000000F)
    __rt_lib_init_preinit_1                  0x080001f3   Thumb Code     0  libinit2.o(.ARM.Collect$$libinit$$00000004)
    __rt_lib_init_rand_1                     0x080001f3   Thumb Code     0  libinit2.o(.ARM.Collect$$libinit$$0000000E)
    __rt_lib_init_user_alloc_1               0x080001f3   Thumb Code     0  libinit2.o(.ARM.Collect$$libinit$$0000000C)
    __rt_lib_init_lc_collate_1               0x080001f9   Thumb Code     0  libinit2.o(.ARM.Collect$$libinit$$00000011)
    __rt_lib_init_lc_ctype_2                 0x080001f9   Thumb Code     0  libinit2.o(.ARM.Collect$$libinit$$00000012)
    __rt_lib_init_lc_ctype_1                 0x08000205   Thumb Code     0  libinit2.o(.ARM.Collect$$libinit$$00000013)
    __rt_lib_init_lc_monetary_1              0x08000205   Thumb Code     0  libinit2.o(.ARM.Collect$$libinit$$00000015)
    __rt_lib_init_lc_numeric_2               0x08000205   Thumb Code     0  libinit2.o(.ARM.Collect$$libinit$$00000016)
    __rt_lib_init_alloca_1                   0x0800020f   Thumb Code     0  libinit2.o(.ARM.Collect$$libinit$$0000002E)
    __rt_lib_init_argv_1                     0x0800020f   Thumb Code     0  libinit2.o(.ARM.Collect$$libinit$$0000002C)
    __rt_lib_init_atexit_1                   0x0800020f   Thumb Code     0  libinit2.o(.ARM.Collect$$libinit$$0000001B)
    __rt_lib_init_clock_1                    0x0800020f   Thumb Code     0  libinit2.o(.ARM.Collect$$libinit$$00000021)
    __rt_lib_init_cpp_1                      0x0800020f   Thumb Code     0  libinit2.o(.ARM.Collect$$libinit$$00000032)
    __rt_lib_init_exceptions_1               0x0800020f   Thumb Code     0  libinit2.o(.ARM.Collect$$libinit$$00000030)
    __rt_lib_init_fp_trap_1                  0x0800020f   Thumb Code     0  libinit2.o(.ARM.Collect$$libinit$$0000001F)
    __rt_lib_init_getenv_1                   0x0800020f   Thumb Code     0  libinit2.o(.ARM.Collect$$libinit$$00000023)
    __rt_lib_init_lc_numeric_1               0x0800020f   Thumb Code     0  libinit2.o(.ARM.Collect$$libinit$$00000017)
    __rt_lib_init_lc_time_1                  0x0800020f   Thumb Code     0  libinit2.o(.ARM.Collect$$libinit$$00000019)
    __rt_lib_init_return                     0x0800020f   Thumb Code     0  libinit2.o(.ARM.Collect$$libinit$$00000033)
    __rt_lib_init_signal_1                   0x0800020f   Thumb Code     0  libinit2.o(.ARM.Collect$$libinit$$0000001D)
    __rt_lib_init_stdio_1                    0x0800020f   Thumb Code     0  libinit2.o(.ARM.Collect$$libinit$$00000025)
    __rt_lib_shutdown                        0x08000211   Thumb Code     0  libshutdown.o(.ARM.Collect$$libshutdown$$00000000)
    __rt_lib_shutdown_cpp_1                  0x08000213   Thumb Code     0  libshutdown2.o(.ARM.Collect$$libshutdown$$00000002)
    __rt_lib_shutdown_fp_trap_1              0x08000213   Thumb Code     0  libshutdown2.o(.ARM.Collect$$libshutdown$$00000007)
    __rt_lib_shutdown_heap_1                 0x08000213   Thumb Code     0  libshutdown2.o(.ARM.Collect$$libshutdown$$0000000F)
    __rt_lib_shutdown_return                 0x08000213   Thumb Code     0  libshutdown2.o(.ARM.Collect$$libshutdown$$00000010)
    __rt_lib_shutdown_signal_1               0x08000213   Thumb Code     0  libshutdown2.o(.ARM.Collect$$libshutdown$$0000000A)
    __rt_lib_shutdown_stdio_1                0x08000213   Thumb Code     0  libshutdown2.o(.ARM.Collect$$libshutdown$$00000004)
    __rt_lib_shutdown_user_alloc_1           0x08000213   Thumb Code     0  libshutdown2.o(.ARM.Collect$$libshutdown$$0000000C)
    __rt_entry                               0x08000215   Thumb Code     0  __rtentry.o(.ARM.Collect$$rtentry$$00000000)
    __rt_entry_presh_1                       0x08000215   Thumb Code     0  __rtentry2.o(.ARM.Collect$$rtentry$$00000002)
    __rt_entry_sh                            0x08000215   Thumb Code     0  __rtentry4.o(.ARM.Collect$$rtentry$$00000004)
    __rt_entry_li                            0x0800021b   Thumb Code     0  __rtentry2.o(.ARM.Collect$$rtentry$$0000000A)
    __rt_entry_postsh_1                      0x0800021b   Thumb Code     0  __rtentry2.o(.ARM.Collect$$rtentry$$00000009)
    __rt_entry_main                          0x0800021f   Thumb Code     0  __rtentry2.o(.ARM.Collect$$rtentry$$0000000D)
    __rt_entry_postli_1                      0x0800021f   Thumb Code     0  __rtentry2.o(.ARM.Collect$$rtentry$$0000000C)
    __rt_exit                                0x08000227   Thumb Code     0  rtexit.o(.ARM.Collect$$rtexit$$00000000)
    __rt_exit_ls                             0x08000229   Thumb Code     0  rtexit2.o(.ARM.Collect$$rtexit$$00000003)
    __rt_exit_prels_1                        0x08000229   Thumb Code     0  rtexit2.o(.ARM.Collect$$rtexit$$00000002)
    __rt_exit_exit                           0x0800022d   Thumb Code     0  rtexit2.o(.ARM.Collect$$rtexit$$00000004)
    Reset_Handler                            0x08000235   Thumb Code     8  startup_stm32f103xb.o(.text)
    ADC1_2_IRQHandler                        0x0800024f   Thumb Code     0  startup_stm32f103xb.o(.text)
    CAN1_RX1_IRQHandler                      0x0800024f   Thumb Code     0  startup_stm32f103xb.o(.text)
    CAN1_SCE_IRQHandler                      0x0800024f   Thumb Code     0  startup_stm32f103xb.o(.text)
    DMA1_Channel1_IRQHandler                 0x0800024f   Thumb Code     0  startup_stm32f103xb.o(.text)
    DMA1_Channel2_IRQHandler                 0x0800024f   Thumb Code     0  startup_stm32f103xb.o(.text)
    DMA1_Channel3_IRQHandler                 0x0800024f   Thumb Code     0  startup_stm32f103xb.o(.text)
    DMA1_Channel4_IRQHandler                 0x0800024f   Thumb Code     0  startup_stm32f103xb.o(.text)
    DMA1_Channel5_IRQHandler                 0x0800024f   Thumb Code     0  startup_stm32f103xb.o(.text)
    DMA1_Channel6_IRQHandler                 0x0800024f   Thumb Code     0  startup_stm32f103xb.o(.text)
    DMA1_Channel7_IRQHandler                 0x0800024f   Thumb Code     0  startup_stm32f103xb.o(.text)
    EXTI0_IRQHandler                         0x0800024f   Thumb Code     0  startup_stm32f103xb.o(.text)
    EXTI15_10_IRQHandler                     0x0800024f   Thumb Code     0  startup_stm32f103xb.o(.text)
    EXTI1_IRQHandler                         0x0800024f   Thumb Code     0  startup_stm32f103xb.o(.text)
    EXTI2_IRQHandler                         0x0800024f   Thumb Code     0  startup_stm32f103xb.o(.text)
    EXTI3_IRQHandler                         0x0800024f   Thumb Code     0  startup_stm32f103xb.o(.text)
    EXTI4_IRQHandler                         0x0800024f   Thumb Code     0  startup_stm32f103xb.o(.text)
    EXTI9_5_IRQHandler                       0x0800024f   Thumb Code     0  startup_stm32f103xb.o(.text)
    FLASH_IRQHandler                         0x0800024f   Thumb Code     0  startup_stm32f103xb.o(.text)
    I2C1_ER_IRQHandler                       0x0800024f   Thumb Code     0  startup_stm32f103xb.o(.text)
    I2C1_EV_IRQHandler                       0x0800024f   Thumb Code     0  startup_stm32f103xb.o(.text)
    I2C2_ER_IRQHandler                       0x0800024f   Thumb Code     0  startup_stm32f103xb.o(.text)
    I2C2_EV_IRQHandler                       0x0800024f   Thumb Code     0  startup_stm32f103xb.o(.text)
    PVD_IRQHandler                           0x0800024f   Thumb Code     0  startup_stm32f103xb.o(.text)
    RCC_IRQHandler                           0x0800024f   Thumb Code     0  startup_stm32f103xb.o(.text)
    RTC_Alarm_IRQHandler                     0x0800024f   Thumb Code     0  startup_stm32f103xb.o(.text)
    RTC_IRQHandler                           0x0800024f   Thumb Code     0  startup_stm32f103xb.o(.text)
    SPI1_IRQHandler                          0x0800024f   Thumb Code     0  startup_stm32f103xb.o(.text)
    SPI2_IRQHandler                          0x0800024f   Thumb Code     0  startup_stm32f103xb.o(.text)
    TAMPER_IRQHandler                        0x0800024f   Thumb Code     0  startup_stm32f103xb.o(.text)
    TIM1_BRK_IRQHandler                      0x0800024f   Thumb Code     0  startup_stm32f103xb.o(.text)
    TIM1_CC_IRQHandler                       0x0800024f   Thumb Code     0  startup_stm32f103xb.o(.text)
    TIM1_TRG_COM_IRQHandler                  0x0800024f   Thumb Code     0  startup_stm32f103xb.o(.text)
    TIM1_UP_IRQHandler                       0x0800024f   Thumb Code     0  startup_stm32f103xb.o(.text)
    TIM2_IRQHandler                          0x0800024f   Thumb Code     0  startup_stm32f103xb.o(.text)
    TIM3_IRQHandler                          0x0800024f   Thumb Code     0  startup_stm32f103xb.o(.text)
    TIM4_IRQHandler                          0x0800024f   Thumb Code     0  startup_stm32f103xb.o(.text)
    USART1_IRQHandler                        0x0800024f   Thumb Code     0  startup_stm32f103xb.o(.text)
    USART2_IRQHandler                        0x0800024f   Thumb Code     0  startup_stm32f103xb.o(.text)
    USART3_IRQHandler                        0x0800024f   Thumb Code     0  startup_stm32f103xb.o(.text)
    USBWakeUp_IRQHandler                     0x0800024f   Thumb Code     0  startup_stm32f103xb.o(.text)
    USB_HP_CAN1_TX_IRQHandler                0x0800024f   Thumb Code     0  startup_stm32f103xb.o(.text)
    USB_LP_CAN1_RX0_IRQHandler               0x0800024f   Thumb Code     0  startup_stm32f103xb.o(.text)
    WWDG_IRQHandler                          0x0800024f   Thumb Code     0  startup_stm32f103xb.o(.text)
    __user_initial_stackheap                 0x08000251   Thumb Code     0  startup_stm32f103xb.o(.text)
    vsnprintf                                0x08000275   Thumb Code    48  vsnprintf.o(.text)
    __2sprintf                               0x080002a9   Thumb Code    38  __2sprintf.o(.text)
    _printf_pre_padding                      0x080002d5   Thumb Code    44  _printf_pad.o(.text)
    _printf_post_padding                     0x08000301   Thumb Code    34  _printf_pad.o(.text)
    _printf_str                              0x08000323   Thumb Code    82  _printf_str.o(.text)
    _printf_int_dec                          0x08000375   Thumb Code   104  _printf_dec.o(.text)
    __printf                                 0x080003ed   Thumb Code   388  __printf_flags_ss_wp.o(.text)
    __aeabi_memclr4                          0x08000575   Thumb Code     0  rt_memclr_w.o(.text)
    __aeabi_memclr8                          0x08000575   Thumb Code     0  rt_memclr_w.o(.text)
    __rt_memclr_w                            0x08000575   Thumb Code    78  rt_memclr_w.o(.text)
    _memset_w                                0x08000579   Thumb Code     0  rt_memclr_w.o(.text)
    __use_two_region_memory                  0x080005c3   Thumb Code     2  heapauxi.o(.text)
    __rt_heap_escrow$2region                 0x080005c5   Thumb Code     2  heapauxi.o(.text)
    __rt_heap_expand$2region                 0x080005c7   Thumb Code     2  heapauxi.o(.text)
    _printf_truncate_signed                  0x080005c9   Thumb Code    18  _printf_truncate.o(.text)
    _printf_truncate_unsigned                0x080005db   Thumb Code    18  _printf_truncate.o(.text)
    _printf_int_common                       0x080005ed   Thumb Code   178  _printf_intcommon.o(.text)
    _printf_charcount                        0x0800069f   Thumb Code    40  _printf_charcount.o(.text)
    _printf_char_common                      0x080006d3   Thumb Code    32  _printf_char_common.o(.text)
    _sputc                                   0x080006f9   Thumb Code    10  _sputc.o(.text)
    _snputc                                  0x08000703   Thumb Code    16  _snputc.o(.text)
    _printf_cs_common                        0x08000713   Thumb Code    20  _printf_char.o(.text)
    _printf_char                             0x08000727   Thumb Code    16  _printf_char.o(.text)
    _printf_string                           0x08000737   Thumb Code     8  _printf_char.o(.text)
    _printf_wctomb                           0x08000741   Thumb Code   182  _printf_wctomb.o(.text)
    _printf_longlong_dec                     0x080007fd   Thumb Code   108  _printf_longlong_dec.o(.text)
    _printf_longlong_oct                     0x08000879   Thumb Code    68  _printf_oct_int_ll.o(.text)
    _printf_int_oct                          0x080008bd   Thumb Code    24  _printf_oct_int_ll.o(.text)
    _printf_ll_oct                           0x080008d5   Thumb Code    12  _printf_oct_int_ll.o(.text)
    _printf_longlong_hex                     0x080008e9   Thumb Code    86  _printf_hex_int_ll_ptr.o(.text)
    _printf_int_hex                          0x0800093f   Thumb Code    28  _printf_hex_int_ll_ptr.o(.text)
    _printf_ll_hex                           0x0800095b   Thumb Code    12  _printf_hex_int_ll_ptr.o(.text)
    _printf_hex_ptr                          0x08000967   Thumb Code    18  _printf_hex_int_ll_ptr.o(.text)
    _ll_udiv10                               0x0800097d   Thumb Code   138  lludiv10.o(.text)
    _printf_fp_dec_real                      0x08000bb7   Thumb Code   620  _printf_fp_dec.o(.text)
    _printf_fp_hex_real                      0x08000e25   Thumb Code   756  _printf_fp_hex.o(.text)
    _printf_lcs_common                       0x08001121   Thumb Code    20  _printf_wchar.o(.text)
    _printf_wchar                            0x08001135   Thumb Code    16  _printf_wchar.o(.text)
    _printf_wstring                          0x08001145   Thumb Code     8  _printf_wchar.o(.text)
    _c16rtomb                                0x0800114d   Thumb Code    72  _c16rtomb.o(.text)
    _wcrtomb                                 0x0800114d   Thumb Code     0  _c16rtomb.o(.text)
    __user_setup_stackheap                   0x08001195   Thumb Code    74  sys_stackheap_outer.o(.text)
    __rt_ctype_table                         0x080011e1   Thumb Code    16  rt_ctype_table.o(.text)
    __rt_locale                              0x080011f1   Thumb Code     8  rt_locale_intlibspace.o(.text)
    _printf_fp_infnan                        0x080011f9   Thumb Code   112  _printf_fp_infnan.o(.text)
    _btod_etento                             0x08001279   Thumb Code   224  bigflt0.o(.text)
    exit                                     0x0800135d   Thumb Code    18  exit.o(.text)
    __user_libspace                          0x08001371   Thumb Code     8  libspace.o(.text)
    __user_perproc_libspace                  0x08001371   Thumb Code     0  libspace.o(.text)
    __user_perthread_libspace                0x08001371   Thumb Code     0  libspace.o(.text)
    strcmp                                   0x08001379   Thumb Code   128  strcmpv7m.o(.text)
    _sys_exit                                0x080013f9   Thumb Code     8  sys_exit.o(.text)
    __I$use$semihosting                      0x08001405   Thumb Code     0  use_no_semi.o(.text)
    __use_no_semihosting_swi                 0x08001405   Thumb Code     2  use_no_semi.o(.text)
    __semihosting_library_function           0x08001407   Thumb Code     0  indicate_semi.o(.text)
    BCD2Decimal                              0x08001409   Thumb Code    18  ds3231.o(.text.BCD2Decimal)
    BusFault_Handler                         0x0800141d   Thumb Code     2  stm32f1xx_it.o(.text.BusFault_Handler)
    DebugMon_Handler                         0x08001421   Thumb Code     2  stm32f1xx_it.o(.text.DebugMon_Handler)
    Decimal2BCD                              0x08001425   Thumb Code    30  ds3231.o(.text.Decimal2BCD)
    Error_Handler                            0x08001445   Thumb Code    10  main.o(.text.Error_Handler)
    HAL_Delay                                0x08001451   Thumb Code    40  stm32f1xx_hal.o(.text.HAL_Delay)
    HAL_GPIO_Init                            0x08001479   Thumb Code   540  stm32f1xx_hal_gpio.o(.text.HAL_GPIO_Init)
    HAL_GPIO_ReadPin                         0x08001695   Thumb Code    10  stm32f1xx_hal_gpio.o(.text.HAL_GPIO_ReadPin)
    HAL_GPIO_TogglePin                       0x080016a1   Thumb Code    16  stm32f1xx_hal_gpio.o(.text.HAL_GPIO_TogglePin)
    HAL_GPIO_WritePin                        0x080016b1   Thumb Code    10  stm32f1xx_hal_gpio.o(.text.HAL_GPIO_WritePin)
    HAL_GetTick                              0x080016bd   Thumb Code    12  stm32f1xx_hal.o(.text.HAL_GetTick)
    HAL_I2C_Init                             0x080016c9   Thumb Code   398  stm32f1xx_hal_i2c.o(.text.HAL_I2C_Init)
    HAL_I2C_Master_Receive                   0x08001859   Thumb Code   704  stm32f1xx_hal_i2c.o(.text.HAL_I2C_Master_Receive)
    HAL_I2C_Master_Transmit                  0x08001b19   Thumb Code   312  stm32f1xx_hal_i2c.o(.text.HAL_I2C_Master_Transmit)
    HAL_I2C_MspInit                          0x08001c51   Thumb Code   104  stm32f1xx_hal_msp.o(.text.HAL_I2C_MspInit)
    HAL_IncTick                              0x08001cb9   Thumb Code    26  stm32f1xx_hal.o(.text.HAL_IncTick)
    HAL_Init                                 0x08001cd5   Thumb Code    38  stm32f1xx_hal.o(.text.HAL_Init)
    HAL_InitTick                             0x08001cfd   Thumb Code    80  stm32f1xx_hal.o(.text.HAL_InitTick)
    HAL_MspInit                              0x08001d4d   Thumb Code    66  stm32f1xx_hal_msp.o(.text.HAL_MspInit)
    HAL_NVIC_SetPriority                     0x08001d91   Thumb Code    30  stm32f1xx_hal_cortex.o(.text.HAL_NVIC_SetPriority)
    HAL_NVIC_SetPriorityGrouping             0x08001db1   Thumb Code     8  stm32f1xx_hal_cortex.o(.text.HAL_NVIC_SetPriorityGrouping)
    HAL_RCC_ClockConfig                      0x08001db9   Thumb Code   366  stm32f1xx_hal_rcc.o(.text.HAL_RCC_ClockConfig)
    HAL_RCC_GetHCLKFreq                      0x08001f29   Thumb Code    12  stm32f1xx_hal_rcc.o(.text.HAL_RCC_GetHCLKFreq)
    HAL_RCC_GetPCLK1Freq                     0x08001f35   Thumb Code    34  stm32f1xx_hal_rcc.o(.text.HAL_RCC_GetPCLK1Freq)
    HAL_RCC_GetSysClockFreq                  0x08001f59   Thumb Code    96  stm32f1xx_hal_rcc.o(.text.HAL_RCC_GetSysClockFreq)
    HAL_RCC_OscConfig                        0x08001fb9   Thumb Code   788  stm32f1xx_hal_rcc.o(.text.HAL_RCC_OscConfig)
    HAL_SYSTICK_Config                       0x080022cd   Thumb Code     8  stm32f1xx_hal_cortex.o(.text.HAL_SYSTICK_Config)
    HardFault_Handler                        0x080022d5   Thumb Code     2  stm32f1xx_it.o(.text.HardFault_Handler)
    MemManage_Handler                        0x08002819   Thumb Code     2  stm32f1xx_it.o(.text.MemManage_Handler)
    NMI_Handler                              0x0800281d   Thumb Code     2  stm32f1xx_it.o(.text.NMI_Handler)
    PendSV_Handler                           0x0800284d   Thumb Code     2  stm32f1xx_it.o(.text.PendSV_Handler)
    SVC_Handler                              0x0800287d   Thumb Code     2  stm32f1xx_it.o(.text.SVC_Handler)
    SysTick_Handler                          0x080028b1   Thumb Code     8  stm32f1xx_it.o(.text.SysTick_Handler)
    SystemClock_Config                       0x080028b9   Thumb Code    88  main.o(.text.SystemClock_Config)
    SystemInit                               0x08002911   Thumb Code     2  system_stm32f1xx.o(.text.SystemInit)
    UsageFault_Handler                       0x08002915   Thumb Code     2  stm32f1xx_it.o(.text.UsageFault_Handler)
    adjust_time                              0x0800296d   Thumb Code   242  main.o(.text.adjust_time)
    alarm_screen                             0x08002a61   Thumb Code   204  main.o(.text.alarm_screen)
    backlight_handle                         0x08002b2d   Thumb Code   124  main.o(.text.backlight_handle)
    button_handler                           0x08002ba9   Thumb Code   130  button.o(.text.button_handler)
    button_init                              0x08002c2d   Thumb Code    16  button.o(.text.button_init)
    button_press_handler_cb                  0x08002c3d   Thumb Code    76  main.o(.text.button_press_handler_cb)
    button_release_handler_cb                0x08002c89   Thumb Code    80  main.o(.text.button_release_handler_cb)
    button_short_press_handler_cb            0x08002cd9   Thumb Code   100  main.o(.text.button_short_press_handler_cb)
    button_time_out_handler_cb               0x08002d3d   Thumb Code    74  main.o(.text.button_time_out_handler_cb)
    check_alarm                              0x08002d89   Thumb Code    90  main.o(.text.check_alarm)
    check_leap_year                          0x08002de5   Thumb Code    72  main.o(.text.check_leap_year)
    clock_handle                             0x08002e2d   Thumb Code    66  main.o(.text.clock_handle)
    clock_time_update                        0x08002e71   Thumb Code   154  main.o(.text.clock_time_update)
    get_max_date                             0x08002f0d   Thumb Code    58  main.o(.text.get_max_date)
    hold_btn_handle                          0x08002f49   Thumb Code   168  main.o(.text.hold_btn_handle)
    lcd_back_light_off                       0x08002ff1   Thumb Code    40  i2c_lcd.o(.text.lcd_back_light_off)
    lcd_back_light_on                        0x08003019   Thumb Code    38  i2c_lcd.o(.text.lcd_back_light_on)
    lcd_clear                                0x08003041   Thumb Code    26  i2c_lcd.o(.text.lcd_clear)
    lcd_init                                 0x0800305d   Thumb Code   146  i2c_lcd.o(.text.lcd_init)
    lcd_put_cur                              0x080030f1   Thumb Code    28  i2c_lcd.o(.text.lcd_put_cur)
    lcd_send_cmd                             0x0800310d   Thumb Code    74  i2c_lcd.o(.text.lcd_send_cmd)
    lcd_send_data                            0x08003159   Thumb Code    78  i2c_lcd.o(.text.lcd_send_data)
    lcd_send_string                          0x080031a9   Thumb Code    68  i2c_lcd.o(.text.lcd_send_string)
    main                                     0x080031ed   Thumb Code   160  main.o(.text.main)
    rtc_init                                 0x0800328d   Thumb Code    12  ds3231.o(.text.rtc_init)
    rtc_read_alarm                           0x08003299   Thumb Code    80  ds3231.o(.text.rtc_read_alarm)
    rtc_read_time                            0x080032e9   Thumb Code   138  ds3231.o(.text.rtc_read_time)
    rtc_read_time_of_week                    0x08003375   Thumb Code   146  ds3231.o(.text.rtc_read_time_of_week)
    rtc_write_alarm                          0x08003409   Thumb Code    66  ds3231.o(.text.rtc_write_alarm)
    rtc_write_time                           0x0800344d   Thumb Code   124  ds3231.o(.text.rtc_write_time)
    setting_blink                            0x080034c9   Thumb Code   290  main.o(.text.setting_blink)
    up_down_number                           0x080035ed   Thumb Code    42  main.o(.text.up_down_number)
    _btod_d2e                                0x08003617   Thumb Code    62  btod.o(CL$$btod_d2e)
    _d2e_denorm_low                          0x08003655   Thumb Code    70  btod.o(CL$$btod_d2e_denorm_low)
    _d2e_norm_op1                            0x0800369b   Thumb Code    96  btod.o(CL$$btod_d2e_norm_op1)
    __btod_div_common                        0x080036fb   Thumb Code   696  btod.o(CL$$btod_div_common)
    _e2e                                     0x08003a33   Thumb Code   220  btod.o(CL$$btod_e2e)
    _btod_ediv                               0x08003b0f   Thumb Code    42  btod.o(CL$$btod_ediv)
    _btod_emul                               0x08003b39   Thumb Code    42  btod.o(CL$$btod_emul)
    __btod_mult_common                       0x08003b63   Thumb Code   580  btod.o(CL$$btod_mult_common)
    __ARM_fpclassify                         0x08003da7   Thumb Code    40  fpclassify.o(i.__ARM_fpclassify)
    _is_digit                                0x08003dcf   Thumb Code    14  __printf_wp.o(i._is_digit)
    _get_lc_numeric                          0x08003ddd   Thumb Code    44  lc_numeric_c.o(locale$$code)
    _get_lc_ctype                            0x08003e09   Thumb Code    44  lc_ctype_c.o(locale$$code)
    _printf_fp_dec                           0x08003e35   Thumb Code     4  printf1.o(x$fpl$printf1)
    _printf_fp_hex                           0x08003e39   Thumb Code     4  printf2.o(x$fpl$printf2)
    __I$use$fp                               0x08003e3c   Number         0  usenofp.o(x$fpl$usenofp)
    AHBPrescTable                            0x08003f3c   Data          16  system_stm32f1xx.o(.rodata.AHBPrescTable)
    APBPrescTable                            0x08003f4c   Data           8  system_stm32f1xx.o(.rodata.APBPrescTable)
    arr_day                                  0x08003f54   Data          28  main.o(.rodata.arr_day)
    Region$$Table$$Base                      0x08003f9c   Number         0  anon$$obj.o(Region$$Table)
    Region$$Table$$Limit                     0x08003fbc   Number         0  anon$$obj.o(Region$$Table)
    __ctype                                  0x08003fe5   Data           0  lc_ctype_c.o(locale$$data)
    SystemCoreClock                          0x20000000   Data           4  system_stm32f1xx.o(.data.SystemCoreClock)
    uwTickFreq                               0x20000006   Data           1  stm32f1xx_hal.o(.data.uwTickFreq)
    uwTickPrio                               0x20000008   Data           4  stm32f1xx_hal.o(.data.uwTickPrio)
    __libspace_start                         0x20000010   Data          96  libspace.o(.bss)
    __temporary_stack_top$libspace           0x20000070   Data           0  libspace.o(.bss)
    btn_down                                 0x20000078   Data          20  main.o(.bss.btn_down)
    btn_ok                                   0x2000008c   Data          20  main.o(.bss.btn_ok)
    btn_up                                   0x200000a0   Data          20  main.o(.bss.btn_up)
    clock_state                              0x200000b8   Data           1  main.o(.bss.clock_state)
    date_time                                0x200000c0   Data           9  main.o(.bss.date_time)
    hi2c1                                    0x200000d0   Data          84  main.o(.bss.hi2c1)
    lcd                                      0x2000012c   Data          12  main.o(.bss.lcd)
    time_on_click_down                       0x2000013c   Data           4  main.o(.bss.time_on_click_down)
    time_on_click_ok                         0x20000140   Data           4  main.o(.bss.time_on_click_ok)
    time_on_click_up                         0x20000144   Data           4  main.o(.bss.time_on_click_up)
    uwTick                                   0x20000148   Data           4  stm32f1xx_hal.o(.bss.uwTick)



==============================================================================

Memory Map of the image

  Image Entry point : 0x080000ed

  Load Region LR_IROM1 (Base: 0x08000000, Size: 0x000040f8, Max: 0x00010000, ABSOLUTE)

    Execution Region ER_IROM1 (Exec base: 0x08000000, Load base: 0x08000000, Size: 0x000040e8, Max: 0x00010000, ABSOLUTE)

    Exec Addr    Load Addr    Size         Type   Attr      Idx    E Section Name        Object

    0x08000000   0x08000000   0x000000ec   Data   RO            3    RESET               startup_stm32f103xb.o
    0x080000ec   0x080000ec   0x00000008   Code   RO          820  * !!!main             c_w.l(__main.o)
    0x080000f4   0x080000f4   0x00000034   Code   RO         1148    !!!scatter          c_w.l(__scatter.o)
    0x08000128   0x08000128   0x0000001a   Code   RO         1150    !!handler_copy      c_w.l(__scatter_copy.o)
    0x08000142   0x08000142   0x00000002   PAD
    0x08000144   0x08000144   0x0000001c   Code   RO         1152    !!handler_zi        c_w.l(__scatter_zi.o)
    0x08000160   0x08000160   0x00000000   Code   RO          815    .ARM.Collect$$_printf_percent$$00000000  c_w.l(_printf_percent.o)
    0x08000160   0x08000160   0x00000006   Code   RO          886    .ARM.Collect$$_printf_percent$$00000001  c_w.l(_printf_n.o)
    0x08000166   0x08000166   0x00000006   Code   RO          888    .ARM.Collect$$_printf_percent$$00000002  c_w.l(_printf_p.o)
    0x0800016c   0x0800016c   0x00000006   Code   RO          892    .ARM.Collect$$_printf_percent$$00000003  c_w.l(_printf_f.o)
    0x08000172   0x08000172   0x00000006   Code   RO          893    .ARM.Collect$$_printf_percent$$00000004  c_w.l(_printf_e.o)
    0x08000178   0x08000178   0x00000006   Code   RO          894    .ARM.Collect$$_printf_percent$$00000005  c_w.l(_printf_g.o)
    0x0800017e   0x0800017e   0x00000006   Code   RO          895    .ARM.Collect$$_printf_percent$$00000006  c_w.l(_printf_a.o)
    0x08000184   0x08000184   0x0000000a   Code   RO          900    .ARM.Collect$$_printf_percent$$00000007  c_w.l(_printf_ll.o)
    0x0800018e   0x0800018e   0x00000006   Code   RO          890    .ARM.Collect$$_printf_percent$$00000008  c_w.l(_printf_i.o)
    0x08000194   0x08000194   0x00000006   Code   RO          814    .ARM.Collect$$_printf_percent$$00000009  c_w.l(_printf_d.o)
    0x0800019a   0x0800019a   0x00000006   Code   RO          891    .ARM.Collect$$_printf_percent$$0000000A  c_w.l(_printf_u.o)
    0x080001a0   0x080001a0   0x00000006   Code   RO          889    .ARM.Collect$$_printf_percent$$0000000B  c_w.l(_printf_o.o)
    0x080001a6   0x080001a6   0x00000006   Code   RO          887    .ARM.Collect$$_printf_percent$$0000000C  c_w.l(_printf_x.o)
    0x080001ac   0x080001ac   0x00000006   Code   RO          897    .ARM.Collect$$_printf_percent$$0000000D  c_w.l(_printf_lli.o)
    0x080001b2   0x080001b2   0x00000006   Code   RO          898    .ARM.Collect$$_printf_percent$$0000000E  c_w.l(_printf_lld.o)
    0x080001b8   0x080001b8   0x00000006   Code   RO          899    .ARM.Collect$$_printf_percent$$0000000F  c_w.l(_printf_llu.o)
    0x080001be   0x080001be   0x00000006   Code   RO          904    .ARM.Collect$$_printf_percent$$00000010  c_w.l(_printf_llo.o)
    0x080001c4   0x080001c4   0x00000006   Code   RO          905    .ARM.Collect$$_printf_percent$$00000011  c_w.l(_printf_llx.o)
    0x080001ca   0x080001ca   0x0000000a   Code   RO          901    .ARM.Collect$$_printf_percent$$00000012  c_w.l(_printf_l.o)
    0x080001d4   0x080001d4   0x00000006   Code   RO          885    .ARM.Collect$$_printf_percent$$00000013  c_w.l(_printf_c.o)
    0x080001da   0x080001da   0x00000006   Code   RO          813    .ARM.Collect$$_printf_percent$$00000014  c_w.l(_printf_s.o)
    0x080001e0   0x080001e0   0x00000006   Code   RO          902    .ARM.Collect$$_printf_percent$$00000015  c_w.l(_printf_lc.o)
    0x080001e6   0x080001e6   0x00000006   Code   RO          903    .ARM.Collect$$_printf_percent$$00000016  c_w.l(_printf_ls.o)
    0x080001ec   0x080001ec   0x00000004   Code   RO          896    .ARM.Collect$$_printf_percent$$00000017  c_w.l(_printf_percent_end.o)
    0x080001f0   0x080001f0   0x00000002   Code   RO          999    .ARM.Collect$$libinit$$00000000  c_w.l(libinit.o)
    0x080001f2   0x080001f2   0x00000000   Code   RO         1017    .ARM.Collect$$libinit$$00000002  c_w.l(libinit2.o)
    0x080001f2   0x080001f2   0x00000000   Code   RO         1019    .ARM.Collect$$libinit$$00000004  c_w.l(libinit2.o)
    0x080001f2   0x080001f2   0x00000000   Code   RO         1022    .ARM.Collect$$libinit$$0000000A  c_w.l(libinit2.o)
    0x080001f2   0x080001f2   0x00000000   Code   RO         1024    .ARM.Collect$$libinit$$0000000C  c_w.l(libinit2.o)
    0x080001f2   0x080001f2   0x00000000   Code   RO         1026    .ARM.Collect$$libinit$$0000000E  c_w.l(libinit2.o)
    0x080001f2   0x080001f2   0x00000006   Code   RO         1027    .ARM.Collect$$libinit$$0000000F  c_w.l(libinit2.o)
    0x080001f8   0x080001f8   0x00000000   Code   RO         1029    .ARM.Collect$$libinit$$00000011  c_w.l(libinit2.o)
    0x080001f8   0x080001f8   0x0000000c   Code   RO         1030    .ARM.Collect$$libinit$$00000012  c_w.l(libinit2.o)
    0x08000204   0x08000204   0x00000000   Code   RO         1031    .ARM.Collect$$libinit$$00000013  c_w.l(libinit2.o)
    0x08000204   0x08000204   0x00000000   Code   RO         1033    .ARM.Collect$$libinit$$00000015  c_w.l(libinit2.o)
    0x08000204   0x08000204   0x0000000a   Code   RO         1034    .ARM.Collect$$libinit$$00000016  c_w.l(libinit2.o)
    0x0800020e   0x0800020e   0x00000000   Code   RO         1035    .ARM.Collect$$libinit$$00000017  c_w.l(libinit2.o)
    0x0800020e   0x0800020e   0x00000000   Code   RO         1037    .ARM.Collect$$libinit$$00000019  c_w.l(libinit2.o)
    0x0800020e   0x0800020e   0x00000000   Code   RO         1039    .ARM.Collect$$libinit$$0000001B  c_w.l(libinit2.o)
    0x0800020e   0x0800020e   0x00000000   Code   RO         1041    .ARM.Collect$$libinit$$0000001D  c_w.l(libinit2.o)
    0x0800020e   0x0800020e   0x00000000   Code   RO         1043    .ARM.Collect$$libinit$$0000001F  c_w.l(libinit2.o)
    0x0800020e   0x0800020e   0x00000000   Code   RO         1045    .ARM.Collect$$libinit$$00000021  c_w.l(libinit2.o)
    0x0800020e   0x0800020e   0x00000000   Code   RO         1047    .ARM.Collect$$libinit$$00000023  c_w.l(libinit2.o)
    0x0800020e   0x0800020e   0x00000000   Code   RO         1049    .ARM.Collect$$libinit$$00000025  c_w.l(libinit2.o)
    0x0800020e   0x0800020e   0x00000000   Code   RO         1053    .ARM.Collect$$libinit$$0000002C  c_w.l(libinit2.o)
    0x0800020e   0x0800020e   0x00000000   Code   RO         1055    .ARM.Collect$$libinit$$0000002E  c_w.l(libinit2.o)
    0x0800020e   0x0800020e   0x00000000   Code   RO         1057    .ARM.Collect$$libinit$$00000030  c_w.l(libinit2.o)
    0x0800020e   0x0800020e   0x00000000   Code   RO         1059    .ARM.Collect$$libinit$$00000032  c_w.l(libinit2.o)
    0x0800020e   0x0800020e   0x00000002   Code   RO         1060    .ARM.Collect$$libinit$$00000033  c_w.l(libinit2.o)
    0x08000210   0x08000210   0x00000002   Code   RO         1084    .ARM.Collect$$libshutdown$$00000000  c_w.l(libshutdown.o)
    0x08000212   0x08000212   0x00000000   Code   RO         1099    .ARM.Collect$$libshutdown$$00000002  c_w.l(libshutdown2.o)
    0x08000212   0x08000212   0x00000000   Code   RO         1101    .ARM.Collect$$libshutdown$$00000004  c_w.l(libshutdown2.o)
    0x08000212   0x08000212   0x00000000   Code   RO         1104    .ARM.Collect$$libshutdown$$00000007  c_w.l(libshutdown2.o)
    0x08000212   0x08000212   0x00000000   Code   RO         1107    .ARM.Collect$$libshutdown$$0000000A  c_w.l(libshutdown2.o)
    0x08000212   0x08000212   0x00000000   Code   RO         1109    .ARM.Collect$$libshutdown$$0000000C  c_w.l(libshutdown2.o)
    0x08000212   0x08000212   0x00000000   Code   RO         1112    .ARM.Collect$$libshutdown$$0000000F  c_w.l(libshutdown2.o)
    0x08000212   0x08000212   0x00000002   Code   RO         1113    .ARM.Collect$$libshutdown$$00000010  c_w.l(libshutdown2.o)
    0x08000214   0x08000214   0x00000000   Code   RO          838    .ARM.Collect$$rtentry$$00000000  c_w.l(__rtentry.o)
    0x08000214   0x08000214   0x00000000   Code   RO          922    .ARM.Collect$$rtentry$$00000002  c_w.l(__rtentry2.o)
    0x08000214   0x08000214   0x00000006   Code   RO          934    .ARM.Collect$$rtentry$$00000004  c_w.l(__rtentry4.o)
    0x0800021a   0x0800021a   0x00000000   Code   RO          924    .ARM.Collect$$rtentry$$00000009  c_w.l(__rtentry2.o)
    0x0800021a   0x0800021a   0x00000004   Code   RO          925    .ARM.Collect$$rtentry$$0000000A  c_w.l(__rtentry2.o)
    0x0800021e   0x0800021e   0x00000000   Code   RO          927    .ARM.Collect$$rtentry$$0000000C  c_w.l(__rtentry2.o)
    0x0800021e   0x0800021e   0x00000008   Code   RO          928    .ARM.Collect$$rtentry$$0000000D  c_w.l(__rtentry2.o)
    0x08000226   0x08000226   0x00000002   Code   RO         1007    .ARM.Collect$$rtexit$$00000000  c_w.l(rtexit.o)
    0x08000228   0x08000228   0x00000000   Code   RO         1062    .ARM.Collect$$rtexit$$00000002  c_w.l(rtexit2.o)
    0x08000228   0x08000228   0x00000004   Code   RO         1063    .ARM.Collect$$rtexit$$00000003  c_w.l(rtexit2.o)
    0x0800022c   0x0800022c   0x00000006   Code   RO         1064    .ARM.Collect$$rtexit$$00000004  c_w.l(rtexit2.o)
    0x08000232   0x08000232   0x00000002   PAD
    0x08000234   0x08000234   0x00000040   Code   RO            4    .text               startup_stm32f103xb.o
    0x08000274   0x08000274   0x00000034   Code   RO          779    .text               c_w.l(vsnprintf.o)
    0x080002a8   0x080002a8   0x0000002c   Code   RO          781    .text               c_w.l(__2sprintf.o)
    0x080002d4   0x080002d4   0x0000004e   Code   RO          787    .text               c_w.l(_printf_pad.o)
    0x08000322   0x08000322   0x00000052   Code   RO          789    .text               c_w.l(_printf_str.o)
    0x08000374   0x08000374   0x00000078   Code   RO          791    .text               c_w.l(_printf_dec.o)
    0x080003ec   0x080003ec   0x00000188   Code   RO          810    .text               c_w.l(__printf_flags_ss_wp.o)
    0x08000574   0x08000574   0x0000004e   Code   RO          816    .text               c_w.l(rt_memclr_w.o)
    0x080005c2   0x080005c2   0x00000006   Code   RO          818    .text               c_w.l(heapauxi.o)
    0x080005c8   0x080005c8   0x00000024   Code   RO          839    .text               c_w.l(_printf_truncate.o)
    0x080005ec   0x080005ec   0x000000b2   Code   RO          841    .text               c_w.l(_printf_intcommon.o)
    0x0800069e   0x0800069e   0x00000028   Code   RO          843    .text               c_w.l(_printf_charcount.o)
    0x080006c6   0x080006c6   0x00000002   PAD
    0x080006c8   0x080006c8   0x00000030   Code   RO          845    .text               c_w.l(_printf_char_common.o)
    0x080006f8   0x080006f8   0x0000000a   Code   RO          847    .text               c_w.l(_sputc.o)
    0x08000702   0x08000702   0x00000010   Code   RO          849    .text               c_w.l(_snputc.o)
    0x08000712   0x08000712   0x0000002c   Code   RO          851    .text               c_w.l(_printf_char.o)
    0x0800073e   0x0800073e   0x00000002   PAD
    0x08000740   0x08000740   0x000000bc   Code   RO          853    .text               c_w.l(_printf_wctomb.o)
    0x080007fc   0x080007fc   0x0000007c   Code   RO          856    .text               c_w.l(_printf_longlong_dec.o)
    0x08000878   0x08000878   0x00000070   Code   RO          862    .text               c_w.l(_printf_oct_int_ll.o)
    0x080008e8   0x080008e8   0x00000094   Code   RO          882    .text               c_w.l(_printf_hex_int_ll_ptr.o)
    0x0800097c   0x0800097c   0x0000008a   Code   RO          936    .text               c_w.l(lludiv10.o)
    0x08000a06   0x08000a06   0x0000041c   Code   RO          938    .text               c_w.l(_printf_fp_dec.o)
    0x08000e22   0x08000e22   0x00000002   PAD
    0x08000e24   0x08000e24   0x000002fc   Code   RO          942    .text               c_w.l(_printf_fp_hex.o)
    0x08001120   0x08001120   0x0000002c   Code   RO          947    .text               c_w.l(_printf_wchar.o)
    0x0800114c   0x0800114c   0x00000048   Code   RO          949    .text               c_w.l(_c16rtomb.o)
    0x08001194   0x08001194   0x0000004a   Code   RO          951    .text               c_w.l(sys_stackheap_outer.o)
    0x080011de   0x080011de   0x00000002   PAD
    0x080011e0   0x080011e0   0x00000010   Code   RO          953    .text               c_w.l(rt_ctype_table.o)
    0x080011f0   0x080011f0   0x00000008   Code   RO          958    .text               c_w.l(rt_locale_intlibspace.o)
    0x080011f8   0x080011f8   0x00000080   Code   RO          960    .text               c_w.l(_printf_fp_infnan.o)
    0x08001278   0x08001278   0x000000e4   Code   RO          962    .text               c_w.l(bigflt0.o)
    0x0800135c   0x0800135c   0x00000012   Code   RO          992    .text               c_w.l(exit.o)
    0x0800136e   0x0800136e   0x00000002   PAD
    0x08001370   0x08001370   0x00000008   Code   RO         1004    .text               c_w.l(libspace.o)
    0x08001378   0x08001378   0x00000080   Code   RO         1014    .text               c_w.l(strcmpv7m.o)
    0x080013f8   0x080013f8   0x0000000c   Code   RO         1074    .text               c_w.l(sys_exit.o)
    0x08001404   0x08001404   0x00000002   Code   RO         1089    .text               c_w.l(use_no_semi.o)
    0x08001406   0x08001406   0x00000000   Code   RO         1091    .text               c_w.l(indicate_semi.o)
    0x08001406   0x08001406   0x00000002   PAD
    0x08001408   0x08001408   0x00000012   Code   RO          709    .text.BCD2Decimal   ds3231.o
    0x0800141a   0x0800141a   0x00000002   PAD
    0x0800141c   0x0800141c   0x00000002   Code   RO           87    .text.BusFault_Handler  stm32f1xx_it.o
    0x0800141e   0x0800141e   0x00000002   PAD
    0x08001420   0x08001420   0x00000002   Code   RO           93    .text.DebugMon_Handler  stm32f1xx_it.o
    0x08001422   0x08001422   0x00000002   PAD
    0x08001424   0x08001424   0x0000001e   Code   RO          707    .text.Decimal2BCD   ds3231.o
    0x08001442   0x08001442   0x00000002   PAD
    0x08001444   0x08001444   0x0000000a   Code   RO           21    .text.Error_Handler  main.o
    0x0800144e   0x0800144e   0x00000002   PAD
    0x08001450   0x08001450   0x00000028   Code   RO          326    .text.HAL_Delay     stm32f1xx_hal.o
    0x08001478   0x08001478   0x0000021c   Code   RO          419    .text.HAL_GPIO_Init  stm32f1xx_hal_gpio.o
    0x08001694   0x08001694   0x0000000a   Code   RO          423    .text.HAL_GPIO_ReadPin  stm32f1xx_hal_gpio.o
    0x0800169e   0x0800169e   0x00000002   PAD
    0x080016a0   0x080016a0   0x00000010   Code   RO          427    .text.HAL_GPIO_TogglePin  stm32f1xx_hal_gpio.o
    0x080016b0   0x080016b0   0x0000000a   Code   RO          425    .text.HAL_GPIO_WritePin  stm32f1xx_hal_gpio.o
    0x080016ba   0x080016ba   0x00000002   PAD
    0x080016bc   0x080016bc   0x0000000c   Code   RO          318    .text.HAL_GetTick   stm32f1xx_hal.o
    0x080016c8   0x080016c8   0x0000018e   Code   RO          134    .text.HAL_I2C_Init  stm32f1xx_hal_i2c.o
    0x08001856   0x08001856   0x00000002   PAD
    0x08001858   0x08001858   0x000002c0   Code   RO          152    .text.HAL_I2C_Master_Receive  stm32f1xx_hal_i2c.o
    0x08001b18   0x08001b18   0x00000138   Code   RO          142    .text.HAL_I2C_Master_Transmit  stm32f1xx_hal_i2c.o
    0x08001c50   0x08001c50   0x00000068   Code   RO          108    .text.HAL_I2C_MspInit  stm32f1xx_hal_msp.o
    0x08001cb8   0x08001cb8   0x0000001a   Code   RO          316    .text.HAL_IncTick   stm32f1xx_hal.o
    0x08001cd2   0x08001cd2   0x00000002   PAD
    0x08001cd4   0x08001cd4   0x00000026   Code   RO          306    .text.HAL_Init      stm32f1xx_hal.o
    0x08001cfa   0x08001cfa   0x00000002   PAD
    0x08001cfc   0x08001cfc   0x00000050   Code   RO          308    .text.HAL_InitTick  stm32f1xx_hal.o
    0x08001d4c   0x08001d4c   0x00000042   Code   RO          106    .text.HAL_MspInit   stm32f1xx_hal_msp.o
    0x08001d8e   0x08001d8e   0x00000002   PAD
    0x08001d90   0x08001d90   0x0000001e   Code   RO          481    .text.HAL_NVIC_SetPriority  stm32f1xx_hal_cortex.o
    0x08001dae   0x08001dae   0x00000002   PAD
    0x08001db0   0x08001db0   0x00000008   Code   RO          477    .text.HAL_NVIC_SetPriorityGrouping  stm32f1xx_hal_cortex.o
    0x08001db8   0x08001db8   0x0000016e   Code   RO          373    .text.HAL_RCC_ClockConfig  stm32f1xx_hal_rcc.o
    0x08001f26   0x08001f26   0x00000002   PAD
    0x08001f28   0x08001f28   0x0000000c   Code   RO          383    .text.HAL_RCC_GetHCLKFreq  stm32f1xx_hal_rcc.o
    0x08001f34   0x08001f34   0x00000022   Code   RO          385    .text.HAL_RCC_GetPCLK1Freq  stm32f1xx_hal_rcc.o
    0x08001f56   0x08001f56   0x00000002   PAD
    0x08001f58   0x08001f58   0x00000060   Code   RO          375    .text.HAL_RCC_GetSysClockFreq  stm32f1xx_hal_rcc.o
    0x08001fb8   0x08001fb8   0x00000314   Code   RO          369    .text.HAL_RCC_OscConfig  stm32f1xx_hal_rcc.o
    0x080022cc   0x080022cc   0x00000008   Code   RO          501    .text.HAL_SYSTICK_Config  stm32f1xx_hal_cortex.o
    0x080022d4   0x080022d4   0x00000002   Code   RO           83    .text.HardFault_Handler  stm32f1xx_it.o
    0x080022d6   0x080022d6   0x00000002   PAD
    0x080022d8   0x080022d8   0x00000030   Code   RO          296    .text.I2C_IsAcknowledgeFailed  stm32f1xx_hal_i2c.o
    0x08002308   0x08002308   0x000000fe   Code   RO          154    .text.I2C_MasterRequestRead  stm32f1xx_hal_i2c.o
    0x08002406   0x08002406   0x00000002   PAD
    0x08002408   0x08002408   0x000000b0   Code   RO          146    .text.I2C_MasterRequestWrite  stm32f1xx_hal_i2c.o
    0x080024b8   0x080024b8   0x0000006a   Code   RO          150    .text.I2C_WaitOnBTFFlagUntilTimeout  stm32f1xx_hal_i2c.o
    0x08002522   0x08002522   0x00000002   PAD
    0x08002524   0x08002524   0x000000a0   Code   RO          144    .text.I2C_WaitOnFlagUntilTimeout  stm32f1xx_hal_i2c.o
    0x080025c4   0x080025c4   0x000000a6   Code   RO          294    .text.I2C_WaitOnMasterAddressFlagUntilTimeout  stm32f1xx_hal_i2c.o
    0x0800266a   0x0800266a   0x00000002   PAD
    0x0800266c   0x0800266c   0x00000076   Code   RO          156    .text.I2C_WaitOnRXNEFlagUntilTimeout  stm32f1xx_hal_i2c.o
    0x080026e2   0x080026e2   0x00000002   PAD
    0x080026e4   0x080026e4   0x0000006a   Code   RO          148    .text.I2C_WaitOnTXEFlagUntilTimeout  stm32f1xx_hal_i2c.o
    0x0800274e   0x0800274e   0x00000002   PAD
    0x08002750   0x08002750   0x00000088   Code   RO           15    .text.MX_GPIO_Init  main.o
    0x080027d8   0x080027d8   0x0000003e   Code   RO           17    .text.MX_I2C1_Init  main.o
    0x08002816   0x08002816   0x00000002   PAD
    0x08002818   0x08002818   0x00000002   Code   RO           85    .text.MemManage_Handler  stm32f1xx_it.o
    0x0800281a   0x0800281a   0x00000002   PAD
    0x0800281c   0x0800281c   0x00000002   Code   RO           81    .text.NMI_Handler   stm32f1xx_it.o
    0x0800281e   0x0800281e   0x00000002   PAD
    0x08002820   0x08002820   0x0000002c   Code   RO          487    .text.NVIC_EncodePriority  stm32f1xx_hal_cortex.o
    0x0800284c   0x0800284c   0x00000002   Code   RO           95    .text.PendSV_Handler  stm32f1xx_it.o
    0x0800284e   0x0800284e   0x00000002   PAD
    0x08002850   0x08002850   0x0000002c   Code   RO          371    .text.RCC_Delay     stm32f1xx_hal_rcc.o
    0x0800287c   0x0800287c   0x00000002   Code   RO           91    .text.SVC_Handler   stm32f1xx_it.o
    0x0800287e   0x0800287e   0x00000002   PAD
    0x08002880   0x08002880   0x0000002e   Code   RO          503    .text.SysTick_Config  stm32f1xx_hal_cortex.o
    0x080028ae   0x080028ae   0x00000002   PAD
    0x080028b0   0x080028b0   0x00000008   Code   RO           97    .text.SysTick_Handler  stm32f1xx_it.o
    0x080028b8   0x080028b8   0x00000058   Code   RO           13    .text.SystemClock_Config  main.o
    0x08002910   0x08002910   0x00000002   Code   RO          692    .text.SystemInit    system_stm32f1xx.o
    0x08002912   0x08002912   0x00000002   PAD
    0x08002914   0x08002914   0x00000002   Code   RO           89    .text.UsageFault_Handler  stm32f1xx_it.o
    0x08002916   0x08002916   0x00000002   PAD
    0x08002918   0x08002918   0x00000010   Code   RO          483    .text.__NVIC_GetPriorityGrouping  stm32f1xx_hal_cortex.o
    0x08002928   0x08002928   0x00000022   Code   RO          485    .text.__NVIC_SetPriority  stm32f1xx_hal_cortex.o
    0x0800294a   0x0800294a   0x00000002   PAD
    0x0800294c   0x0800294c   0x00000020   Code   RO          479    .text.__NVIC_SetPriorityGrouping  stm32f1xx_hal_cortex.o
    0x0800296c   0x0800296c   0x000000f2   Code   RO           35    .text.adjust_time   main.o
    0x08002a5e   0x08002a5e   0x00000002   PAD
    0x08002a60   0x08002a60   0x000000cc   Code   RO           33    .text.alarm_screen  main.o
    0x08002b2c   0x08002b2c   0x0000007c   Code   RO           27    .text.backlight_handle  main.o
    0x08002ba8   0x08002ba8   0x00000082   Code   RO          742    .text.button_handler  button.o
    0x08002c2a   0x08002c2a   0x00000002   PAD
    0x08002c2c   0x08002c2c   0x00000010   Code   RO          744    .text.button_init   button.o
    0x08002c3c   0x08002c3c   0x0000004c   Code   RO           45    .text.button_press_handler_cb  main.o
    0x08002c88   0x08002c88   0x00000050   Code   RO           47    .text.button_release_handler_cb  main.o
    0x08002cd8   0x08002cd8   0x00000064   Code   RO           43    .text.button_short_press_handler_cb  main.o
    0x08002d3c   0x08002d3c   0x0000004a   Code   RO           41    .text.button_time_out_handler_cb  main.o
    0x08002d86   0x08002d86   0x00000002   PAD
    0x08002d88   0x08002d88   0x0000005a   Code   RO           25    .text.check_alarm   main.o
    0x08002de2   0x08002de2   0x00000002   PAD
    0x08002de4   0x08002de4   0x00000048   Code   RO           49    .text.check_leap_year  main.o
    0x08002e2c   0x08002e2c   0x00000042   Code   RO           19    .text.clock_handle  main.o
    0x08002e6e   0x08002e6e   0x00000002   PAD
    0x08002e70   0x08002e70   0x0000009a   Code   RO           23    .text.clock_time_update  main.o
    0x08002f0a   0x08002f0a   0x00000002   PAD
    0x08002f0c   0x08002f0c   0x0000003a   Code   RO           39    .text.get_max_date  main.o
    0x08002f46   0x08002f46   0x00000002   PAD
    0x08002f48   0x08002f48   0x000000a8   Code   RO           31    .text.hold_btn_handle  main.o
    0x08002ff0   0x08002ff0   0x00000028   Code   RO          768    .text.lcd_back_light_off  i2c_lcd.o
    0x08003018   0x08003018   0x00000026   Code   RO          766    .text.lcd_back_light_on  i2c_lcd.o
    0x0800303e   0x0800303e   0x00000002   PAD
    0x08003040   0x08003040   0x0000001a   Code   RO          758    .text.lcd_clear     i2c_lcd.o
    0x0800305a   0x0800305a   0x00000002   PAD
    0x0800305c   0x0800305c   0x00000092   Code   RO          762    .text.lcd_init      i2c_lcd.o
    0x080030ee   0x080030ee   0x00000002   PAD
    0x080030f0   0x080030f0   0x0000001c   Code   RO          760    .text.lcd_put_cur   i2c_lcd.o
    0x0800310c   0x0800310c   0x0000004a   Code   RO          754    .text.lcd_send_cmd  i2c_lcd.o
    0x08003156   0x08003156   0x00000002   PAD
    0x08003158   0x08003158   0x0000004e   Code   RO          756    .text.lcd_send_data  i2c_lcd.o
    0x080031a6   0x080031a6   0x00000002   PAD
    0x080031a8   0x080031a8   0x00000044   Code   RO          764    .text.lcd_send_string  i2c_lcd.o
    0x080031ec   0x080031ec   0x000000a0   Code   RO           11    .text.main          main.o
    0x0800328c   0x0800328c   0x0000000c   Code   RO          723    .text.rtc_init      ds3231.o
    0x08003298   0x08003298   0x00000050   Code   RO          717    .text.rtc_read_alarm  ds3231.o
    0x080032e8   0x080032e8   0x0000008a   Code   RO          713    .text.rtc_read_time  ds3231.o
    0x08003372   0x08003372   0x00000002   PAD
    0x08003374   0x08003374   0x00000092   Code   RO          721    .text.rtc_read_time_of_week  ds3231.o
    0x08003406   0x08003406   0x00000002   PAD
    0x08003408   0x08003408   0x00000042   Code   RO          715    .text.rtc_write_alarm  ds3231.o
    0x0800344a   0x0800344a   0x00000002   PAD
    0x0800344c   0x0800344c   0x0000007c   Code   RO          711    .text.rtc_write_time  ds3231.o
    0x080034c8   0x080034c8   0x00000122   Code   RO           29    .text.setting_blink  main.o
    0x080035ea   0x080035ea   0x00000002   PAD
    0x080035ec   0x080035ec   0x0000002a   Code   RO           37    .text.up_down_number  main.o
    0x08003616   0x08003616   0x0000003e   Code   RO          965    CL$$btod_d2e        c_w.l(btod.o)
    0x08003654   0x08003654   0x00000046   Code   RO          967    CL$$btod_d2e_denorm_low  c_w.l(btod.o)
    0x0800369a   0x0800369a   0x00000060   Code   RO          966    CL$$btod_d2e_norm_op1  c_w.l(btod.o)
    0x080036fa   0x080036fa   0x00000338   Code   RO          975    CL$$btod_div_common  c_w.l(btod.o)
    0x08003a32   0x08003a32   0x000000dc   Code   RO          972    CL$$btod_e2e        c_w.l(btod.o)
    0x08003b0e   0x08003b0e   0x0000002a   Code   RO          969    CL$$btod_ediv       c_w.l(btod.o)
    0x08003b38   0x08003b38   0x0000002a   Code   RO          968    CL$$btod_emul       c_w.l(btod.o)
    0x08003b62   0x08003b62   0x00000244   Code   RO          974    CL$$btod_mult_common  c_w.l(btod.o)
    0x08003da6   0x08003da6   0x00000028   Code   RO         1002    i.__ARM_fpclassify  m_ws.l(fpclassify.o)
    0x08003dce   0x08003dce   0x0000000e   Code   RO          803    i._is_digit         c_w.l(__printf_wp.o)
    0x08003ddc   0x08003ddc   0x0000002c   Code   RO          990    locale$$code        c_w.l(lc_numeric_c.o)
    0x08003e08   0x08003e08   0x0000002c   Code   RO         1012    locale$$code        c_w.l(lc_ctype_c.o)
    0x08003e34   0x08003e34   0x00000004   Code   RO          912    x$fpl$printf1       fz_ws.l(printf1.o)
    0x08003e38   0x08003e38   0x00000004   Code   RO          914    x$fpl$printf2       fz_ws.l(printf2.o)
    0x08003e3c   0x08003e3c   0x00000000   Code   RO          920    x$fpl$usenofp       fz_ws.l(usenofp.o)
    0x08003e3c   0x08003e3c   0x00000011   Data   RO          811    .constdata          c_w.l(__printf_flags_ss_wp.o)
    0x08003e4d   0x08003e4d   0x00000003   PAD
    0x08003e50   0x08003e50   0x00000008   Data   RO          854    .constdata          c_w.l(_printf_wctomb.o)
    0x08003e58   0x08003e58   0x00000028   Data   RO          883    .constdata          c_w.l(_printf_hex_int_ll_ptr.o)
    0x08003e80   0x08003e80   0x00000026   Data   RO          943    .constdata          c_w.l(_printf_fp_hex.o)
    0x08003ea6   0x08003ea6   0x00000002   PAD
    0x08003ea8   0x08003ea8   0x00000094   Data   RO          963    .constdata          c_w.l(bigflt0.o)
    0x08003f3c   0x08003f3c   0x00000010   Data   RO          697    .rodata.AHBPrescTable  system_stm32f1xx.o
    0x08003f4c   0x08003f4c   0x00000008   Data   RO          698    .rodata.APBPrescTable  system_stm32f1xx.o
    0x08003f54   0x08003f54   0x0000001c   Data   RO           54    .rodata.arr_day     main.o
    0x08003f70   0x08003f70   0x0000002c   Data   RO           63    .rodata.str1.1      main.o
    0x08003f9c   0x08003f9c   0x00000020   Data   RO         1147    Region$$Table       anon$$obj.o
    0x08003fbc   0x08003fbc   0x0000001c   Data   RO          989    locale$$data        c_w.l(lc_numeric_c.o)
    0x08003fd8   0x08003fd8   0x00000110   Data   RO         1011    locale$$data        c_w.l(lc_ctype_c.o)


    Execution Region RW_IRAM1 (Exec base: 0x20000000, Load base: 0x080040e8, Size: 0x00000750, Max: 0x00005000, ABSOLUTE)

    Exec Addr    Load Addr    Size         Type   Attr      Idx    E Section Name        Object

    0x20000000   0x080040e8   0x00000004   Data   RW          696    .data.SystemCoreClock  system_stm32f1xx.o
    0x20000004   0x080040ec   0x00000001   Data   RW           67    .data.alarm_screen.isShow  main.o
    0x20000005   0x080040ed   0x00000001   Data   RW           69    .data.setting_blink.isShow  main.o
    0x20000006   0x080040ee   0x00000001   Data   RW          357    .data.uwTickFreq    stm32f1xx_hal.o
    0x20000007   0x080040ef   0x00000001   PAD
    0x20000008   0x080040f0   0x00000004   Data   RW          356    .data.uwTickPrio    stm32f1xx_hal.o
    0x2000000c   0x080040f4   0x00000004   PAD
    0x20000010        -       0x00000060   Zero   RW         1005    .bss                c_w.l(libspace.o)
    0x20000070        -       0x00000004   Zero   RW           66    .bss.alarm_screen.t_blink  main.o
    0x20000074        -       0x00000004   Zero   RW           65    .bss.backlight_handle.t_backlight  main.o
    0x20000078        -       0x00000014   Zero   RW           58    .bss.btn_down       main.o
    0x2000008c        -       0x00000014   Zero   RW           59    .bss.btn_ok         main.o
    0x200000a0        -       0x00000014   Zero   RW           60    .bss.btn_up         main.o
    0x200000b4        -       0x00000004   Zero   RW           64    .bss.check_alarm.t_alarm  main.o
    0x200000b8        -       0x00000001   Zero   RW           55    .bss.clock_state    main.o
    0x200000b9   0x080040f4   0x00000003   PAD
    0x200000bc        -       0x00000004   Zero   RW           62    .bss.clock_time_update.t_update  main.o
    0x200000c0        -       0x00000009   Zero   RW           61    .bss.date_time      main.o
    0x200000c9   0x080040f4   0x00000003   PAD
    0x200000cc        -       0x00000004   Zero   RW          725    .bss.ds_i2c         ds3231.o
    0x200000d0        -       0x00000054   Zero   RW           57    .bss.hi2c1          main.o
    0x20000124        -       0x00000004   Zero   RW           70    .bss.hold_btn_handle.t_adjust_time  main.o
    0x20000128        -       0x00000004   Zero   RW           71    .bss.hold_btn_handle.t_adjust_time.5  main.o
    0x2000012c        -       0x0000000c   Zero   RW           56    .bss.lcd            main.o
    0x20000138        -       0x00000004   Zero   RW           68    .bss.setting_blink.t_blink  main.o
    0x2000013c        -       0x00000004   Zero   RW           52    .bss.time_on_click_down  main.o
    0x20000140        -       0x00000004   Zero   RW           53    .bss.time_on_click_ok  main.o
    0x20000144        -       0x00000004   Zero   RW           51    .bss.time_on_click_up  main.o
    0x20000148        -       0x00000004   Zero   RW          358    .bss.uwTick         stm32f1xx_hal.o
    0x2000014c   0x080040f4   0x00000004   PAD
    0x20000150        -       0x00000200   Zero   RW            2    HEAP                startup_stm32f103xb.o
    0x20000350        -       0x00000400   Zero   RW            1    STACK               startup_stm32f103xb.o


==============================================================================

Image component sizes


      Code (inc. data)   RO Data    RW Data    ZI Data      Debug   Object Name

       146          0          0          0          0       1952   button.o
       614          0          0          0          4       5540   ds3231.o
       498          0          0          0          0       5633   i2c_lcd.o
      2296         46         72          2        206       9973   main.o
        64         26        236          0       1536        788   startup_stm32f103xb.o
       196          0          0          5          4       5728   stm32f1xx_hal.o
       218          0          0          0          0       8337   stm32f1xx_hal_cortex.o
       576         20          0          0          0       4618   stm32f1xx_hal_gpio.o
      2548          0          0          0          0      39623   stm32f1xx_hal_i2c.o
       170          0          0          0          0       4487   stm32f1xx_hal_msp.o
      1340         20          0          0          0       7006   stm32f1xx_hal_rcc.o
        24          0          0          0          0       1024   stm32f1xx_it.o
         2          0         24          4          0       1590   system_stm32f1xx.o

    ----------------------------------------------------------------------
      8782        112        364         12       1764      96299   Object Totals
         0          0         32          0          0          0   (incl. Generated)
        90          0          0          1         14          0   (incl. Padding)

    ----------------------------------------------------------------------

      Code (inc. data)   RO Data    RW Data    ZI Data      Debug   Library Member Name

        44          6          0          0          0         84   __2sprintf.o
         8          0          0          0          0         68   __main.o
       392          4         17          0          0         92   __printf_flags_ss_wp.o
        14          0          0          0          0         68   __printf_wp.o
         0          0          0          0          0          0   __rtentry.o
        12          0          0          0          0          0   __rtentry2.o
         6          0          0          0          0          0   __rtentry4.o
        52          8          0          0          0          0   __scatter.o
        26          0          0          0          0          0   __scatter_copy.o
        28          0          0          0          0          0   __scatter_zi.o
        72          0          0          0          0         96   _c16rtomb.o
         6          0          0          0          0          0   _printf_a.o
         6          0          0          0          0          0   _printf_c.o
        44          0          0          0          0        108   _printf_char.o
        48          6          0          0          0         96   _printf_char_common.o
        40          0          0          0          0         68   _printf_charcount.o
         6          0          0          0          0          0   _printf_d.o
       120         16          0          0          0         92   _printf_dec.o
         6          0          0          0          0          0   _printf_e.o
         6          0          0          0          0          0   _printf_f.o
      1052          0          0          0          0        148   _printf_fp_dec.o
       764          8         38          0          0        100   _printf_fp_hex.o
       128         16          0          0          0         84   _printf_fp_infnan.o
         6          0          0          0          0          0   _printf_g.o
       148          4         40          0          0        160   _printf_hex_int_ll_ptr.o
         6          0          0          0          0          0   _printf_i.o
       178          0          0          0          0         88   _printf_intcommon.o
        10          0          0          0          0          0   _printf_l.o
         6          0          0          0          0          0   _printf_lc.o
        10          0          0          0          0          0   _printf_ll.o
         6          0          0          0          0          0   _printf_lld.o
         6          0          0          0          0          0   _printf_lli.o
         6          0          0          0          0          0   _printf_llo.o
         6          0          0          0          0          0   _printf_llu.o
         6          0          0          0          0          0   _printf_llx.o
       124         16          0          0          0         92   _printf_longlong_dec.o
         6          0          0          0          0          0   _printf_ls.o
         6          0          0          0          0          0   _printf_n.o
         6          0          0          0          0          0   _printf_o.o
       112          8          0          0          0        124   _printf_oct_int_ll.o
         6          0          0          0          0          0   _printf_p.o
        78          0          0          0          0        108   _printf_pad.o
         0          0          0          0          0          0   _printf_percent.o
         4          0          0          0          0          0   _printf_percent_end.o
         6          0          0          0          0          0   _printf_s.o
        82          0          0          0          0         80   _printf_str.o
        36          0          0          0          0         84   _printf_truncate.o
         6          0          0          0          0          0   _printf_u.o
        44          0          0          0          0        108   _printf_wchar.o
       188          6          8          0          0         92   _printf_wctomb.o
         6          0          0          0          0          0   _printf_x.o
        16          0          0          0          0         68   _snputc.o
        10          0          0          0          0         68   _sputc.o
       228          4        148          0          0         96   bigflt0.o
      1936        128          0          0          0        672   btod.o
        18          0          0          0          0         80   exit.o
         6          0          0          0          0        152   heapauxi.o
         0          0          0          0          0          0   indicate_semi.o
        44         10        272          0          0         76   lc_ctype_c.o
        44         10         28          0          0         76   lc_numeric_c.o
         2          0          0          0          0          0   libinit.o
        30          0          0          0          0          0   libinit2.o
         2          0          0          0          0          0   libshutdown.o
         2          0          0          0          0          0   libshutdown2.o
         8          4          0          0         96         68   libspace.o
       138          0          0          0          0         80   lludiv10.o
        16          4          0          0          0         76   rt_ctype_table.o
         8          4          0          0          0         68   rt_locale_intlibspace.o
        78          0          0          0          0         80   rt_memclr_w.o
         2          0          0          0          0          0   rtexit.o
        10          0          0          0          0          0   rtexit2.o
       128          0          0          0          0         68   strcmpv7m.o
        12          4          0          0          0         68   sys_exit.o
        74          0          0          0          0         80   sys_stackheap_outer.o
         2          0          0          0          0         68   use_no_semi.o
        52          4          0          0          0         80   vsnprintf.o
         4          0          0          0          0         68   printf1.o
         4          0          0          0          0         68   printf2.o
         0          0          0          0          0          0   usenofp.o
        40          0          0          0          0         68   fpclassify.o

    ----------------------------------------------------------------------
      6914        270        556          0         96       4268   Library Totals
        16          0          5          0          0          0   (incl. Padding)

    ----------------------------------------------------------------------

      Code (inc. data)   RO Data    RW Data    ZI Data      Debug   Library Name

      6850        270        551          0         96       4064   c_w.l
         8          0          0          0          0        136   fz_ws.l
        40          0          0          0          0         68   m_ws.l

    ----------------------------------------------------------------------
      6914        270        556          0         96       4268   Library Totals

    ----------------------------------------------------------------------

==============================================================================


      Code (inc. data)   RO Data    RW Data    ZI Data      Debug   

     15696        382        920         12       1860      98099   Grand Totals
     15696        382        920         12       1860      98099   ELF Image Totals
     15696        382        920         12          0          0   ROM Totals

==============================================================================

    Total RO  Size (Code + RO Data)                16616 (  16.23kB)
    Total RW  Size (RW Data + ZI Data)              1872 (   1.83kB)
    Total ROM Size (Code + RO Data + RW Data)      16628 (  16.24kB)

==============================================================================

